#
# There is insufficient memory for the Java Runtime Environment to continue.
# Native memory allocation (mmap) failed to map 5242880 bytes. Error detail: G1 virtual space
# Possible reasons:
#   The system is out of physical RAM or swap space
#   This process is running with CompressedOops enabled, and the Java Heap may be blocking the growth of the native heap
# Possible solutions:
#   Reduce memory load on the system
#   Increase physical memory or swap space
#   Check if swap backing store is full
#   Decrease Java heap size (-Xmx/-Xms)
#   Decrease number of Java threads
#   Decrease Java thread stack sizes (-Xss)
#   Set larger code cache with -XX:ReservedCodeCacheSize=
#   JVM is running with Unscaled Compressed Oops mode in which the Java heap is
#     placed in the first 4GB address space. The Java Heap base address is the
#     maximum limit for the native heap growth. Please use -XX:HeapBaseMinAddress
#     to set the Java Heap base and to place the Java Heap above 4GB virtual address.
# This output file may be truncated or incomplete.
#
#  Out of Memory Error (os_windows.cpp:3564), pid=29860, tid=1680
#
# JRE version: OpenJDK Runtime Environment (24.0.1+9) (build 24.0.1+9-30)
# Java VM: OpenJDK 64-Bit Server VM (24.0.1+9-30, mixed mode, emulated-client, sharing, tiered, compressed oops, compressed class ptrs, g1 gc, windows-amd64)
# No core dump will be written. Minidumps are not enabled by default on client versions of Windows
#

---------------  S U M M A R Y ------------

Command Line: -XX:TieredStopAtLevel=1 -Dspring.output.ansi.enabled=always -Dcom.sun.management.jmxremote -Dspring.jmx.enabled=true -Dspring.liveBeansView.mbeanDomain -Dspring.application.admin.enabled=true -Dmanagement.endpoints.jmx.exposure.include=* -javaagent:C:\Program Files\JetBrains\IntelliJ IDEA 2024.3\lib\idea_rt.jar=65319:C:\Program Files\JetBrains\IntelliJ IDEA 2024.3\bin -Dfile.encoding=UTF-8 -Dsun.stdout.encoding=UTF-8 -Dsun.stderr.encoding=UTF-8 com.LeaveDataManagementSystem.LeaveManagement.LeaveManagementApplication

Host: AMD Ryzen 7 5700U with Radeon Graphics         , 16 cores, 7G,  Windows 11 , 64 bit Build 26100 (10.0.26100.7705)
Time: Fri Mar  6 12:06:03 2026 Sri Lanka Standard Time elapsed time: 1753.500849 seconds (0d 0h 29m 13s)

---------------  T H R E A D  ---------------

Current thread (0x000001e6dc538550):  VMThread "VM Thread"          [id=1680, stack(0x000000663af00000,0x000000663b000000) (1024K)]

Stack: [0x000000663af00000,0x000000663b000000]
Native frames: (J=compiled Java code, j=interpreted, Vv=VM code, C=native code)
V  [jvm.dll+0x730739]  (no source info available)
V  [jvm.dll+0x8d9b23]  (no source info available)
V  [jvm.dll+0x8dc00d]  (no source info available)
V  [jvm.dll+0x8dc683]  (no source info available)
V  [jvm.dll+0x2aa086]  (no source info available)
V  [jvm.dll+0x72cc65]  (no source info available)
V  [jvm.dll+0x72059a]  (no source info available)
V  [jvm.dll+0x390cea]  (no source info available)
V  [jvm.dll+0x3989f6]  (no source info available)
V  [jvm.dll+0x38523e]  (no source info available)
V  [jvm.dll+0x3854f8]  (no source info available)
V  [jvm.dll+0x35d0cc]  (no source info available)
V  [jvm.dll+0x35d15a]  (no source info available)
V  [jvm.dll+0x3aa702]  (no source info available)
V  [jvm.dll+0x3a8d82]  (no source info available)
V  [jvm.dll+0x35c897]  (no source info available)
V  [jvm.dll+0x3a8534]  (no source info available)
V  [jvm.dll+0x8e2742]  (no source info available)
V  [jvm.dll+0x8e3a8c]  (no source info available)
V  [jvm.dll+0x8e3ff8]  (no source info available)
V  [jvm.dll+0x8e4293]  (no source info available)
V  [jvm.dll+0x87d76b]  (no source info available)
V  [jvm.dll+0x72ee55]  (no source info available)
C  [ucrtbase.dll+0x37b0]  (no source info available)
C  [KERNEL32.DLL+0x2e8d7]  (no source info available)
C  [ntdll.dll+0x8c40c]  (no source info available)

VM_Operation (0x000000663e6fe8e0): G1CollectForAllocation, mode: safepoint, requested by thread 0x000001e6c88952a0


---------------  P R O C E S S  ---------------

Threads class SMR info:
_java_thread_list=0x000001e6c7943b40, length=80, elements={
0x000001e6dc549e90, 0x000001e6dc54a5d0, 0x000001e6dc54f4e0, 0x000001e6dc54fc20,
0x000001e6dc550360, 0x000001e6dc554ab0, 0x000001e6dc55eb40, 0x000001e6c50f9680,
0x000001e6c54e18a0, 0x000001e6c54e5a70, 0x000001e6c5b583b0, 0x000001e6c5febc10,
0x000001e6c5ff6300, 0x000001e6c6103100, 0x000001e6c6102260, 0x000001e6c6f104e0,
0x000001e6c813adb0, 0x000001e6c813bc50, 0x000001e6dcb5a7a0, 0x000001e6dcb5dad0,
0x000001e6dcb5e220, 0x000001e6c6f0e7a0, 0x000001e6c6f0d900, 0x000001e6c6f0e050,
0x000001e6c6f0fd90, 0x000001e6c6f0eef0, 0x000001e6c813e830, 0x000001e6c813d990,
0x000001e6c8894400, 0x000001e6c88959f0, 0x000001e6c8896890, 0x000001e6c8896fe0,
0x000001e6c8893cb0, 0x000001e6c8896140, 0x000001e6c8893560, 0x000001e6dd4db5b0,
0x000001e6dd4dbd00, 0x000001e6dcb5c4e0, 0x000001e6c6103850, 0x000001e6c6100c70,
0x000001e6dd4d9fc0, 0x000001e6dd4dcba0, 0x000001e6dd4d9870, 0x000001e6c88952a0,
0x000001e6dd4d9120, 0x000001e6dd4de190, 0x000001e6c61013c0, 0x000001e6c8894b50,
0x000001e6c8898d20, 0x000001e6c8899470, 0x000001e6dd4da710, 0x000001e6dcb5f0c0,
0x000001e6dcb5bd90, 0x000001e6dcb5f810, 0x000001e6dcb61ca0, 0x000001e6c813c3a0,
0x000001e6c8139070, 0x000001e6c813ef80, 0x000001e6c889a310, 0x000001e6c889aa60,
0x000001e6ddb4a140, 0x000001e6ddb4c5d0, 0x000001e6ddb4be80, 0x000001e6dd9ade60,
0x000001e6dd9ab280, 0x000001e6dd9ab9d0, 0x000001e6dd9aed00, 0x000001e6dd9ae5b0,
0x000001e6dd9af450, 0x000001e6dd9ac120, 0x000001e6dd9afba0, 0x000001e6dd9ac870,
0x000001e6dd9b02f0, 0x000001e6dd9acfc0, 0x000001e6dd9b0a40, 0x000001e6dd9ad710,
0x000001e6dd9b18e0, 0x000001e6dd9b1190, 0x000001e6dd9b2030, 0x000001e6dd4dae60
}

Java Threads: ( => current thread )
  0x000001e6dc549e90 JavaThread "Reference Handler"          daemon [_thread_blocked, id=15600, stack(0x000000663b000000,0x000000663b100000) (1024K)]
  0x000001e6dc54a5d0 JavaThread "Finalizer"                  daemon [_thread_blocked, id=17292, stack(0x000000663b100000,0x000000663b200000) (1024K)]
  0x000001e6dc54f4e0 JavaThread "Signal Dispatcher"          daemon [_thread_blocked, id=19784, stack(0x000000663b200000,0x000000663b300000) (1024K)]
  0x000001e6dc54fc20 JavaThread "Attach Listener"            daemon [_thread_blocked, id=17932, stack(0x000000663b300000,0x000000663b400000) (1024K)]
  0x000001e6dc550360 JavaThread "Service Thread"             daemon [_thread_blocked, id=38664, stack(0x000000663b400000,0x000000663b500000) (1024K)]
  0x000001e6dc554ab0 JavaThread "Monitor Deflation Thread"   daemon [_thread_blocked, id=6696, stack(0x000000663b500000,0x000000663b600000) (1024K)]
  0x000001e6dc55eb40 JavaThread "C1 CompilerThread0"         daemon [_thread_blocked, id=1924, stack(0x000000663b600000,0x000000663b700000) (1024K)]
  0x000001e6c50f9680 JavaThread "Common-Cleaner"             daemon [_thread_blocked, id=428, stack(0x000000663b700000,0x000000663b800000) (1024K)]
  0x000001e6c54e18a0 JavaThread "Monitor Ctrl-Break"         daemon [_thread_in_native, id=6620, stack(0x000000663b800000,0x000000663b900000) (1024K)]
  0x000001e6c54e5a70 JavaThread "Notification Thread"        daemon [_thread_blocked, id=29948, stack(0x000000663b900000,0x000000663ba00000) (1024K)]
  0x000001e6c5b583b0 JavaThread "RMI TCP Accept-0"           daemon [_thread_in_native, id=38628, stack(0x000000663ba00000,0x000000663bb00000) (1024K)]
  0x000001e6c5febc10 JavaThread "RMI Scheduler(0)"           daemon [_thread_blocked, id=25536, stack(0x000000663bc00000,0x000000663bd00000) (1024K)]
  0x000001e6c5ff6300 JavaThread "JMX server connection timeout 40" daemon [_thread_blocked, id=32340, stack(0x000000663bd00000,0x000000663be00000) (1024K)]
  0x000001e6c6103100 JavaThread "Jndi-Dns-address-change-listener" daemon [_thread_in_native, id=37268, stack(0x000000663c800000,0x000000663c900000) (1024K)]
  0x000001e6c6102260 JavaThread "BufferPoolPruner-1-thread-1" daemon [_thread_blocked, id=19700, stack(0x000000663d200000,0x000000663d300000) (1024K)]
  0x000001e6c6f104e0 JavaThread "Live Reload Server"         daemon [_thread_in_native, id=21840, stack(0x000000663dc00000,0x000000663dd00000) (1024K)]
  0x000001e6c813adb0 JavaThread "DestroyJavaVM"                     [_thread_blocked, id=29612, stack(0x000000663a800000,0x000000663a900000) (1024K)]
  0x000001e6c813bc50 JavaThread "Thread-4"                          [_thread_blocked, id=13828, stack(0x000000663a700000,0x000000663a800000) (1024K)]
  0x000001e6dcb5a7a0 JavaThread "File Watcher"               daemon [_thread_blocked, id=21220, stack(0x000000663a600000,0x000000663a700000) (1024K)]
  0x000001e6dcb5dad0 JavaThread "File Watcher"               daemon [_thread_blocked, id=24548, stack(0x000000663c900000,0x000000663ca00000) (1024K)]
  0x000001e6dcb5e220 JavaThread "File Watcher"               daemon [_thread_blocked, id=35684, stack(0x000000663c000000,0x000000663c100000) (1024K)]
  0x000001e6c6f0e7a0 JavaThread "File Watcher"               daemon [_thread_blocked, id=18540, stack(0x000000663d400000,0x000000663d500000) (1024K)]
  0x000001e6c6f0d900 JavaThread "File Watcher"               daemon [_thread_blocked, id=35920, stack(0x000000663d600000,0x000000663d700000) (1024K)]
  0x000001e6c6f0e050 JavaThread "File Watcher"               daemon [_thread_blocked, id=20324, stack(0x000000663d500000,0x000000663d600000) (1024K)]
  0x000001e6c6f0fd90 JavaThread "File Watcher"               daemon [_thread_blocked, id=36696, stack(0x000000663d800000,0x000000663d900000) (1024K)]
  0x000001e6c6f0eef0 JavaThread "File Watcher"               daemon [_thread_blocked, id=14268, stack(0x000000663d700000,0x000000663d800000) (1024K)]
  0x000001e6c813e830 JavaThread "File Watcher"               daemon [_thread_blocked, id=25672, stack(0x000000663d900000,0x000000663da00000) (1024K)]
  0x000001e6c813d990 JavaThread "File Watcher"               daemon [_thread_blocked, id=7080, stack(0x000000663da00000,0x000000663db00000) (1024K)]
  0x000001e6c8894400 JavaThread "RMI TCP Connection(idle)"   daemon [_thread_blocked, id=38944, stack(0x000000663bb00000,0x000000663bc00000) (1024K)]
  0x000001e6c88959f0 JavaThread "Thread-37"                         [_thread_blocked, id=5300, stack(0x000000663bf00000,0x000000663c000000) (1024K)]
  0x000001e6c8896890 JavaThread "File Watcher"               daemon [_thread_blocked, id=29560, stack(0x000000663d100000,0x000000663d200000) (1024K)]
  0x000001e6c8896fe0 JavaThread "File Watcher"               daemon [_thread_blocked, id=39196, stack(0x000000663be00000,0x000000663bf00000) (1024K)]
  0x000001e6c8893cb0 JavaThread "File Watcher"               daemon [_thread_blocked, id=16568, stack(0x000000663a500000,0x000000663a600000) (1024K)]
  0x000001e6c8896140 JavaThread "File Watcher"               daemon [_thread_blocked, id=32388, stack(0x000000663db00000,0x000000663dc00000) (1024K)]
  0x000001e6c8893560 JavaThread "File Watcher"               daemon [_thread_blocked, id=34420, stack(0x000000663dd00000,0x000000663de00000) (1024K)]
  0x000001e6dd4db5b0 JavaThread "File Watcher"               daemon [_thread_blocked, id=17500, stack(0x000000663e000000,0x000000663e100000) (1024K)]
  0x000001e6dd4dbd00 JavaThread "File Watcher"               daemon [_thread_blocked, id=30392, stack(0x000000663df00000,0x000000663e000000) (1024K)]
  0x000001e6dcb5c4e0 JavaThread "File Watcher"               daemon [_thread_blocked, id=18708, stack(0x000000663e300000,0x000000663e400000) (1024K)]
  0x000001e6c6103850 JavaThread "File Watcher"               daemon [_thread_blocked, id=16448, stack(0x000000663e100000,0x000000663e200000) (1024K)]
  0x000001e6c6100c70 JavaThread "File Watcher"               daemon [_thread_blocked, id=29248, stack(0x000000663e200000,0x000000663e300000) (1024K)]
  0x000001e6dd4d9fc0 JavaThread "File Watcher"               daemon [_thread_blocked, id=8504, stack(0x000000663de00000,0x000000663df00000) (1024K)]
  0x000001e6dd4dcba0 JavaThread "File Watcher"               daemon [_thread_blocked, id=26652, stack(0x000000663e500000,0x000000663e600000) (1024K)]
  0x000001e6dd4d9870 JavaThread "File Watcher"               daemon [_thread_blocked, id=37492, stack(0x000000663e400000,0x000000663e500000) (1024K)]
  0x000001e6c88952a0 JavaThread "File Watcher"               daemon [_thread_blocked, id=21360, stack(0x000000663e600000,0x000000663e700000) (1024K)]
  0x000001e6dd4d9120 JavaThread "File Watcher"               daemon [_thread_blocked, id=22684, stack(0x000000663ec00000,0x000000663ed00000) (1024K)]
  0x000001e6dd4de190 JavaThread "File Watcher"               daemon [_thread_blocked, id=31292, stack(0x000000663ed00000,0x000000663ee00000) (1024K)]
  0x000001e6c61013c0 JavaThread "Thread-95"                         [_thread_blocked, id=19288, stack(0x000000663f500000,0x000000663f600000) (1024K)]
  0x000001e6c8894b50 JavaThread "File Watcher"               daemon [_thread_blocked, id=39748, stack(0x000000663e900000,0x000000663ea00000) (1024K)]
  0x000001e6c8898d20 JavaThread "File Watcher"               daemon [_thread_blocked, id=15528, stack(0x000000663e800000,0x000000663e900000) (1024K)]
  0x000001e6c8899470 JavaThread "File Watcher"               daemon [_thread_blocked, id=38296, stack(0x000000663eb00000,0x000000663ec00000) (1024K)]
  0x000001e6dd4da710 JavaThread "File Watcher"               daemon [_thread_blocked, id=22532, stack(0x000000663e700000,0x000000663e800000) (1024K)]
  0x000001e6dcb5f0c0 JavaThread "cluster-ClusterId{value='69aa7520c4cee440a2a7e3b9', description='null'}-ac-j1owew2-shard-00-02.xnzh7mf.mongodb.net:27017" daemon [_thread_in_native, id=6700, stack(0x000000663fa00000,0x000000663fb00000) (1024K)]
  0x000001e6dcb5bd90 JavaThread "cluster-ClusterId{value='69aa7520c4cee440a2a7e3b9', description='null'}-ac-j1owew2-shard-00-00.xnzh7mf.mongodb.net:27017" daemon [_thread_in_native, id=35676, stack(0x000000663fb00000,0x000000663fc00000) (1024K)]
  0x000001e6dcb5f810 JavaThread "cluster-ClusterId{value='69aa7520c4cee440a2a7e3b9', description='null'}-ac-j1owew2-shard-00-01.xnzh7mf.mongodb.net:27017" daemon [_thread_in_native, id=21276, stack(0x000000663fc00000,0x000000663fd00000) (1024K)]
  0x000001e6dcb61ca0 JavaThread "cluster-rtt-ClusterId{value='69aa7520c4cee440a2a7e3b9', description='null'}-ac-j1owew2-shard-00-01.xnzh7mf.mongodb.net:27017" daemon [_thread_blocked, id=4920, stack(0x0000006640200000,0x0000006640300000) (1024K)]
  0x000001e6c813c3a0 JavaThread "MaintenanceTimer-80-thread-1" daemon [_thread_blocked, id=19488, stack(0x0000006640300000,0x0000006640400000) (1024K)]
  0x000001e6c8139070 JavaThread "cluster-rtt-ClusterId{value='69aa7520c4cee440a2a7e3b9', description='null'}-ac-j1owew2-shard-00-02.xnzh7mf.mongodb.net:27017" daemon [_thread_blocked, id=9196, stack(0x0000006640500000,0x0000006640600000) (1024K)]
  0x000001e6c813ef80 JavaThread "MaintenanceTimer-78-thread-1" daemon [_thread_blocked, id=18460, stack(0x0000006640900000,0x0000006640a00000) (1024K)]
  0x000001e6c889a310 JavaThread "cluster-rtt-ClusterId{value='69aa7520c4cee440a2a7e3b9', description='null'}-ac-j1owew2-shard-00-00.xnzh7mf.mongodb.net:27017" daemon [_thread_blocked, id=39312, stack(0x0000006640c00000,0x0000006640d00000) (1024K)]
  0x000001e6c889aa60 JavaThread "MaintenanceTimer-79-thread-1" daemon [_thread_blocked, id=32456, stack(0x0000006640d00000,0x0000006640e00000) (1024K)]
  0x000001e6ddb4a140 JavaThread "Catalina-utility-1"                [_thread_blocked, id=37764, stack(0x0000006641400000,0x0000006641500000) (1024K)]
  0x000001e6ddb4c5d0 JavaThread "Catalina-utility-2"                [_thread_blocked, id=2304, stack(0x0000006641600000,0x0000006641700000) (1024K)]
  0x000001e6ddb4be80 JavaThread "container-23"                      [_thread_blocked, id=30496, stack(0x0000006641800000,0x0000006641900000) (1024K)]
  0x000001e6dd9ade60 JavaThread "File Watcher"               daemon [_thread_blocked, id=16692, stack(0x000000663f300000,0x000000663f400000) (1024K)]
  0x000001e6dd9ab280 JavaThread "File Watcher"               daemon [_thread_blocked, id=38284, stack(0x000000663f600000,0x000000663f700000) (1024K)]
  0x000001e6dd9ab9d0 JavaThread "File Watcher"               daemon [_thread_blocked, id=29836, stack(0x000000663ef00000,0x000000663f000000) (1024K)]
  0x000001e6dd9aed00 JavaThread "File Watcher"               daemon [_thread_blocked, id=20824, stack(0x000000663f000000,0x000000663f100000) (1024K)]
  0x000001e6dd9ae5b0 JavaThread "http-nio-8080-exec-1"       daemon [_thread_blocked, id=34868, stack(0x000000663f200000,0x000000663f300000) (1024K)]
  0x000001e6dd9af450 JavaThread "http-nio-8080-exec-2"       daemon [_thread_blocked, id=1972, stack(0x000000663f700000,0x000000663f800000) (1024K)]
  0x000001e6dd9ac120 JavaThread "http-nio-8080-exec-3"       daemon [_thread_blocked, id=14784, stack(0x000000663f800000,0x000000663f900000) (1024K)]
  0x000001e6dd9afba0 JavaThread "http-nio-8080-exec-4"       daemon [_thread_blocked, id=13468, stack(0x000000663f900000,0x000000663fa00000) (1024K)]
  0x000001e6dd9ac870 JavaThread "http-nio-8080-exec-5"       daemon [_thread_blocked, id=29080, stack(0x000000663fd00000,0x000000663fe00000) (1024K)]
  0x000001e6dd9b02f0 JavaThread "http-nio-8080-exec-6"       daemon [_thread_blocked, id=24928, stack(0x000000663fe00000,0x000000663ff00000) (1024K)]
  0x000001e6dd9acfc0 JavaThread "http-nio-8080-exec-7"       daemon [_thread_blocked, id=31356, stack(0x000000663ff00000,0x0000006640000000) (1024K)]
  0x000001e6dd9b0a40 JavaThread "http-nio-8080-exec-8"       daemon [_thread_blocked, id=24208, stack(0x0000006640400000,0x0000006640500000) (1024K)]
  0x000001e6dd9ad710 JavaThread "http-nio-8080-exec-9"       daemon [_thread_blocked, id=7708, stack(0x0000006640600000,0x0000006640700000) (1024K)]
  0x000001e6dd9b18e0 JavaThread "http-nio-8080-exec-10"      daemon [_thread_blocked, id=22240, stack(0x0000006640700000,0x0000006640800000) (1024K)]
  0x000001e6dd9b1190 JavaThread "http-nio-8080-Poller"       daemon [_thread_blocked, id=13172, stack(0x0000006640800000,0x0000006640900000) (1024K)]
  0x000001e6dd9b2030 JavaThread "http-nio-8080-Acceptor"     daemon [_thread_in_native, id=25152, stack(0x0000006640a00000,0x0000006640b00000) (1024K)]
  0x000001e6dd4dae60 JavaThread "RMI TCP Connection(10)-192.168.8.166" daemon [_thread_blocked, id=10184, stack(0x000000663ea00000,0x000000663eb00000) (1024K)]
Total: 80

Other Threads:
=>0x000001e6dc538550 VMThread "VM Thread"                           [id=1680, stack(0x000000663af00000,0x000000663b000000) (1024K)]
  0x000001e6dc406070 WatcherThread "VM Periodic Task Thread"        [id=12168, stack(0x000000663ae00000,0x000000663af00000) (1024K)]
  0x000001e6cb036b20 WorkerThread "GC Thread#0"                     [id=2328, stack(0x000000663a900000,0x000000663aa00000) (1024K)]
  0x000001e6c62c3210 WorkerThread "GC Thread#1"                     [id=37636, stack(0x000000663c100000,0x000000663c200000) (1024K)]
  0x000001e6c62bd4d0 WorkerThread "GC Thread#2"                     [id=20452, stack(0x000000663c200000,0x000000663c300000) (1024K)]
  0x000001e6c64569a0 WorkerThread "GC Thread#3"                     [id=18864, stack(0x000000663c300000,0x000000663c400000) (1024K)]
  0x000001e6c6457100 WorkerThread "GC Thread#4"                     [id=12520, stack(0x000000663c400000,0x000000663c500000) (1024K)]
  0x000001e6c6456d50 WorkerThread "GC Thread#5"                     [id=32772, stack(0x000000663c500000,0x000000663c600000) (1024K)]
  0x000001e6c64574b0 WorkerThread "GC Thread#6"                     [id=19364, stack(0x000000663c600000,0x000000663c700000) (1024K)]
  0x000001e6c6457c10 WorkerThread "GC Thread#7"                     [id=5208, stack(0x000000663c700000,0x000000663c800000) (1024K)]
  0x000001e6c6929cd0 WorkerThread "GC Thread#8"                     [id=3200, stack(0x000000663ca00000,0x000000663cb00000) (1024K)]
  0x000001e6c692be00 WorkerThread "GC Thread#9"                     [id=25948, stack(0x000000663cb00000,0x000000663cc00000) (1024K)]
  0x000001e6c6928e10 WorkerThread "GC Thread#10"                    [id=21932, stack(0x000000663cc00000,0x000000663cd00000) (1024K)]
  0x000001e6c692a080 WorkerThread "GC Thread#11"                    [id=17844, stack(0x000000663cd00000,0x000000663ce00000) (1024K)]
  0x000001e6c69286b0 WorkerThread "GC Thread#12"                    [id=29272, stack(0x000000663ce00000,0x000000663cf00000) (1024K)]
  0x000001e6cb04b630 ConcurrentGCThread "G1 Main Marker"            [id=33320, stack(0x000000663aa00000,0x000000663ab00000) (1024K)]
  0x000001e6cb04c050 WorkerThread "G1 Conc#0"                       [id=20620, stack(0x000000663ab00000,0x000000663ac00000) (1024K)]
  0x000001e6c6929570 WorkerThread "G1 Conc#1"                       [id=31644, stack(0x000000663cf00000,0x000000663d000000) (1024K)]
  0x000001e6c692a430 WorkerThread "G1 Conc#2"                       [id=4500, stack(0x000000663d000000,0x000000663d100000) (1024K)]
  0x000001e6dc3efed0 ConcurrentGCThread "G1 Refine#0"               [id=14560, stack(0x000000663ac00000,0x000000663ad00000) (1024K)]
  0x000001e6dc3f33d0 ConcurrentGCThread "G1 Service"                [id=21096, stack(0x000000663ad00000,0x000000663ae00000) (1024K)]
Total: 21

Threads with active compile tasks:
Total: 0

VM state: at safepoint (normal execution)

VM Mutex/Monitor currently owned by a thread:  ([mutex/lock_event])
[0x00007ffb99ed44b0] Threads_lock - owner thread: 0x000001e6dc538550
[0x00007ffb99ed45b0] Heap_lock - owner thread: 0x000001e6c88952a0

Heap address: 0x000000008ac00000, size: 1876 MB, Compressed Oops mode: 32-bit

CDS archive(s) mapped at: [0x000001e680000000-0x000001e680d40000-0x000001e680d40000), size 13893632, SharedBaseAddress: 0x000001e680000000, ArchiveRelocationMode: 1.
Compressed class space mapped at: 0x000001e681000000-0x000001e6c1000000, reserved size: 1073741824
UseCompressedClassPointers 1, UseCompactObjectHeaders 0
Narrow klass pointer bits 32, Max shift 3
Narrow klass base: 0x000001e680000000, Narrow klass shift: 0
Encoding Range: [0x000001e680000000 - 0x000001e780000000), (4294967296 bytes)
Klass Range:    [0x000001e680000000 - 0x000001e6c1000000), (1090519040 bytes)
Klass ID Range:  [8 - 1090519033) (1090519025)

GC Precious Log:
 CardTable entry size: 512
 Card Set container configuration: InlinePtr #cards 5 size 8 Array Of Cards #cards 10 size 36 Howl #buckets 4 coarsen threshold 1843 Howl Bitmap #cards 512 size 80 coarsen threshold 460 Card regions per heap region 1 cards per card region 2048
 CPUs: 16 total, 16 available
 Memory: 7501M
 Large Page Support: Disabled
 NUMA Support: Disabled
 Compressed Oops: Enabled (32-bit)
 Heap Region Size: 1M
 Heap Min Capacity: 8M
 Heap Initial Capacity: 118M
 Heap Max Capacity: 1876M
 Pre-touch: Disabled
 Parallel Workers: 13
 Concurrent Workers: 3
 Concurrent Refinement Workers: 13
 Periodic GC: Disabled

Heap:
 garbage-first heap   total reserved 1921024K, committed 194560K, used 52094K [0x000000008ac00000, 0x0000000100000000)
  region size 1024K, 1 young (1024K), 1 survivors (1024K)
 Metaspace       used 73585K, committed 74752K, reserved 1179648K
  class space    used 8298K, committed 8832K, reserved 1048576K

Heap Regions: E=young(eden), S=young(survivor), O=old, HS=humongous(starts), HC=humongous(continues), CS=collection set, F=free, TAMS=top-at-mark-start, PB=parsable bottom
|   0|0x000000008ac00000, 0x000000008acfffe0, 0x000000008ad00000| 99%| O|  |TAMS 0x000000008ac00000| PB 0x000000008ac00000| Untracked |  0
|   1|0x000000008ad00000, 0x000000008adffff8, 0x000000008ae00000| 99%| O|  |TAMS 0x000000008ad00000| PB 0x000000008ad00000| Untracked |  0
|   2|0x000000008ae00000, 0x000000008aefffe8, 0x000000008af00000| 99%| O|  |TAMS 0x000000008ae00000| PB 0x000000008ae00000| Untracked |  0
|   3|0x000000008af00000, 0x000000008afffff0, 0x000000008b000000| 99%| O|  |TAMS 0x000000008af00000| PB 0x000000008af00000| Untracked |  0
|   4|0x000000008b000000, 0x000000008b0ffff0, 0x000000008b100000| 99%| O|  |TAMS 0x000000008b000000| PB 0x000000008b000000| Untracked |  0
|   5|0x000000008b100000, 0x000000008b1ffff0, 0x000000008b200000| 99%| O|  |TAMS 0x000000008b100000| PB 0x000000008b100000| Untracked |  0
|   6|0x000000008b200000, 0x000000008b2fffd8, 0x000000008b300000| 99%| O|  |TAMS 0x000000008b200000| PB 0x000000008b200000| Untracked |  0
|   7|0x000000008b300000, 0x000000008b3ffff8, 0x000000008b400000| 99%| O|  |TAMS 0x000000008b300000| PB 0x000000008b300000| Untracked |  0
|   8|0x000000008b400000, 0x000000008b4fffc0, 0x000000008b500000| 99%| O|  |TAMS 0x000000008b400000| PB 0x000000008b400000| Untracked |  0
|   9|0x000000008b500000, 0x000000008b5ffff8, 0x000000008b600000| 99%| O|  |TAMS 0x000000008b500000| PB 0x000000008b500000| Untracked |  0
|  10|0x000000008b600000, 0x000000008b6fffd0, 0x000000008b700000| 99%| O|  |TAMS 0x000000008b600000| PB 0x000000008b600000| Untracked |  0
|  11|0x000000008b700000, 0x000000008b7ffff0, 0x000000008b800000| 99%| O|  |TAMS 0x000000008b700000| PB 0x000000008b700000| Untracked |  0
|  12|0x000000008b800000, 0x000000008b900000, 0x000000008b900000|100%| O|  |TAMS 0x000000008b800000| PB 0x000000008b800000| Untracked |  0
|  13|0x000000008b900000, 0x000000008b9fffe0, 0x000000008ba00000| 99%| O|  |TAMS 0x000000008b900000| PB 0x000000008b900000| Untracked |  0
|  14|0x000000008ba00000, 0x000000008baffff0, 0x000000008bb00000| 99%| O|  |TAMS 0x000000008ba00000| PB 0x000000008ba00000| Untracked |  0
|  15|0x000000008bb00000, 0x000000008bbfffb0, 0x000000008bc00000| 99%| O|  |TAMS 0x000000008bb00000| PB 0x000000008bb00000| Untracked |  0
|  16|0x000000008bc00000, 0x000000008bcfffe8, 0x000000008bd00000| 99%| O|  |TAMS 0x000000008bc00000| PB 0x000000008bc00000| Untracked |  0
|  17|0x000000008bd00000, 0x000000008bdffff0, 0x000000008be00000| 99%| O|  |TAMS 0x000000008bd00000| PB 0x000000008bd00000| Untracked |  0
|  18|0x000000008be00000, 0x000000008befffe8, 0x000000008bf00000| 99%| O|  |TAMS 0x000000008be00000| PB 0x000000008be00000| Untracked |  0
|  19|0x000000008bf00000, 0x000000008c000000, 0x000000008c000000|100%| O|  |TAMS 0x000000008bf00000| PB 0x000000008bf00000| Untracked |  0
|  20|0x000000008c000000, 0x000000008c0fffe8, 0x000000008c100000| 99%| O|  |TAMS 0x000000008c000000| PB 0x000000008c000000| Untracked |  0
|  21|0x000000008c100000, 0x000000008c1ffff0, 0x000000008c200000| 99%| O|  |TAMS 0x000000008c100000| PB 0x000000008c100000| Untracked |  0
|  22|0x000000008c200000, 0x000000008c2ffff0, 0x000000008c300000| 99%| O|  |TAMS 0x000000008c200000| PB 0x000000008c200000| Untracked |  0
|  23|0x000000008c300000, 0x000000008c3fffb0, 0x000000008c400000| 99%| O|  |TAMS 0x000000008c300000| PB 0x000000008c300000| Untracked |  0
|  24|0x000000008c400000, 0x000000008c4fffe8, 0x000000008c500000| 99%| O|  |TAMS 0x000000008c400000| PB 0x000000008c400000| Untracked |  0
|  25|0x000000008c500000, 0x000000008c5ffff8, 0x000000008c600000| 99%| O|  |TAMS 0x000000008c500000| PB 0x000000008c500000| Untracked |  0
|  26|0x000000008c600000, 0x000000008c614df0, 0x000000008c700000|  8%| O|  |TAMS 0x000000008c600000| PB 0x000000008c600000| Untracked |  0
|  27|0x000000008c700000, 0x000000008c7fffb8, 0x000000008c800000| 99%| O|Cm|TAMS 0x000000008c700000| PB 0x000000008c700000| Complete |  0
|  28|0x000000008c800000, 0x000000008c900000, 0x000000008c900000|100%| O|  |TAMS 0x000000008c800000| PB 0x000000008c800000| Untracked |  0
|  29|0x000000008c900000, 0x000000008c900000, 0x000000008ca00000|  0%| F|  |TAMS 0x000000008c900000| PB 0x000000008c900000| Untracked |  0
|  30|0x000000008ca00000, 0x000000008ca00000, 0x000000008cb00000|  0%| F|  |TAMS 0x000000008ca00000| PB 0x000000008ca00000| Untracked |  0
|  31|0x000000008cb00000, 0x000000008cb00000, 0x000000008cc00000|  0%| F|  |TAMS 0x000000008cb00000| PB 0x000000008cb00000| Untracked |  0
|  32|0x000000008cc00000, 0x000000008cc00000, 0x000000008cd00000|  0%| F|  |TAMS 0x000000008cc00000| PB 0x000000008cc00000| Untracked |  0
|  33|0x000000008cd00000, 0x000000008ce00000, 0x000000008ce00000|100%| O|  |TAMS 0x000000008cd00000| PB 0x000000008cd00000| Untracked |  0
|  34|0x000000008ce00000, 0x000000008cf00000, 0x000000008cf00000|100%| O|  |TAMS 0x000000008ce00000| PB 0x000000008ce00000| Untracked |  0
|  35|0x000000008cf00000, 0x000000008cf00000, 0x000000008d000000|  0%| F|  |TAMS 0x000000008cf00000| PB 0x000000008cf00000| Untracked |  0
|  36|0x000000008d000000, 0x000000008d100000, 0x000000008d100000|100%| O|  |TAMS 0x000000008d000000| PB 0x000000008d000000| Untracked |  0
|  37|0x000000008d100000, 0x000000008d200000, 0x000000008d200000|100%| O|  |TAMS 0x000000008d100000| PB 0x000000008d100000| Untracked |  0
|  38|0x000000008d200000, 0x000000008d300000, 0x000000008d300000|100%| O|  |TAMS 0x000000008d200000| PB 0x000000008d200000| Untracked |  0
|  39|0x000000008d300000, 0x000000008d400000, 0x000000008d400000|100%| O|  |TAMS 0x000000008d300000| PB 0x000000008d300000| Untracked |  0
|  40|0x000000008d400000, 0x000000008d400000, 0x000000008d500000|  0%| F|  |TAMS 0x000000008d400000| PB 0x000000008d400000| Untracked |  0
|  41|0x000000008d500000, 0x000000008d600000, 0x000000008d600000|100%| O|  |TAMS 0x000000008d500000| PB 0x000000008d500000| Untracked |  0
|  42|0x000000008d600000, 0x000000008d700000, 0x000000008d700000|100%| O|  |TAMS 0x000000008d600000| PB 0x000000008d600000| Untracked |  0
|  43|0x000000008d700000, 0x000000008d800000, 0x000000008d800000|100%| O|  |TAMS 0x000000008d700000| PB 0x000000008d700000| Untracked |  0
|  44|0x000000008d800000, 0x000000008d900000, 0x000000008d900000|100%| O|  |TAMS 0x000000008d800000| PB 0x000000008d800000| Untracked |  0
|  45|0x000000008d900000, 0x000000008da00000, 0x000000008da00000|100%| O|  |TAMS 0x000000008d900000| PB 0x000000008d900000| Untracked |  0
|  46|0x000000008da00000, 0x000000008db00000, 0x000000008db00000|100%| O|  |TAMS 0x000000008da00000| PB 0x000000008da00000| Untracked |  0
|  47|0x000000008db00000, 0x000000008db7b0e0, 0x000000008dc00000| 48%| O|  |TAMS 0x000000008db00000| PB 0x000000008db00000| Untracked |  0
|  48|0x000000008dc00000, 0x000000008dd00000, 0x000000008dd00000|100%| O|  |TAMS 0x000000008dc00000| PB 0x000000008dc00000| Untracked |  0
|  49|0x000000008dd00000, 0x000000008dd00000, 0x000000008de00000|  0%| F|  |TAMS 0x000000008dd00000| PB 0x000000008dd00000| Untracked |  0
|  50|0x000000008de00000, 0x000000008df00000, 0x000000008df00000|100%| O|  |TAMS 0x000000008de00000| PB 0x000000008de00000| Untracked |  0
|  51|0x000000008df00000, 0x000000008e000000, 0x000000008e000000|100%| O|  |TAMS 0x000000008df00000| PB 0x000000008df00000| Untracked |  0
|  52|0x000000008e000000, 0x000000008e100000, 0x000000008e100000|100%| O|Cm|TAMS 0x000000008e000000| PB 0x000000008e000000| Complete |  0
|  53|0x000000008e100000, 0x000000008e200000, 0x000000008e200000|100%| O|Cm|TAMS 0x000000008e100000| PB 0x000000008e100000| Complete |  0
|  54|0x000000008e200000, 0x000000008e200000, 0x000000008e300000|  0%| F|  |TAMS 0x000000008e200000| PB 0x000000008e200000| Untracked |  0
|  55|0x000000008e300000, 0x000000008e400000, 0x000000008e400000|100%| O|  |TAMS 0x000000008e300000| PB 0x000000008e300000| Untracked |  0
|  56|0x000000008e400000, 0x000000008e400000, 0x000000008e500000|  0%| F|  |TAMS 0x000000008e400000| PB 0x000000008e400000| Untracked |  0
|  57|0x000000008e500000, 0x000000008e500000, 0x000000008e600000|  0%| F|  |TAMS 0x000000008e500000| PB 0x000000008e500000| Untracked |  0
|  58|0x000000008e600000, 0x000000008e600000, 0x000000008e700000|  0%| F|  |TAMS 0x000000008e600000| PB 0x000000008e600000| Untracked |  0
|  59|0x000000008e700000, 0x000000008e700000, 0x000000008e800000|  0%| F|  |TAMS 0x000000008e700000| PB 0x000000008e700000| Untracked |  0
|  60|0x000000008e800000, 0x000000008e800000, 0x000000008e900000|  0%| F|  |TAMS 0x000000008e800000| PB 0x000000008e800000| Untracked |  0
|  61|0x000000008e900000, 0x000000008e900000, 0x000000008ea00000|  0%| F|  |TAMS 0x000000008e900000| PB 0x000000008e900000| Untracked |  0
|  62|0x000000008ea00000, 0x000000008ea00000, 0x000000008eb00000|  0%| F|  |TAMS 0x000000008ea00000| PB 0x000000008ea00000| Untracked |  0
|  63|0x000000008eb00000, 0x000000008ec00000, 0x000000008ec00000|100%| O|  |TAMS 0x000000008eb00000| PB 0x000000008eb00000| Untracked |  0
|  64|0x000000008ec00000, 0x000000008ed00000, 0x000000008ed00000|100%| O|Cm|TAMS 0x000000008ec00000| PB 0x000000008ec00000| Complete |  0
|  65|0x000000008ed00000, 0x000000008ed00000, 0x000000008ee00000|  0%| F|  |TAMS 0x000000008ed00000| PB 0x000000008ed00000| Untracked |  0
|  66|0x000000008ee00000, 0x000000008ee00000, 0x000000008ef00000|  0%| F|  |TAMS 0x000000008ee00000| PB 0x000000008ee00000| Untracked |  0
|  67|0x000000008ef00000, 0x000000008f000000, 0x000000008f000000|100%| O|  |TAMS 0x000000008ef00000| PB 0x000000008ef00000| Untracked |  0
|  68|0x000000008f000000, 0x000000008f000000, 0x000000008f100000|  0%| F|  |TAMS 0x000000008f000000| PB 0x000000008f000000| Untracked |  0
|  69|0x000000008f100000, 0x000000008f100000, 0x000000008f200000|  0%| F|  |TAMS 0x000000008f100000| PB 0x000000008f100000| Untracked |  0
|  70|0x000000008f200000, 0x000000008f300000, 0x000000008f300000|100%| O|  |TAMS 0x000000008f200000| PB 0x000000008f200000| Untracked |  0
|  71|0x000000008f300000, 0x000000008f300000, 0x000000008f400000|  0%| F|  |TAMS 0x000000008f300000| PB 0x000000008f300000| Untracked |  0
|  72|0x000000008f400000, 0x000000008f400000, 0x000000008f500000|  0%| F|  |TAMS 0x000000008f400000| PB 0x000000008f400000| Untracked |  0
|  73|0x000000008f500000, 0x000000008f500000, 0x000000008f600000|  0%| F|  |TAMS 0x000000008f500000| PB 0x000000008f500000| Untracked |  0
|  74|0x000000008f600000, 0x000000008f600000, 0x000000008f700000|  0%| F|  |TAMS 0x000000008f600000| PB 0x000000008f600000| Untracked |  0
|  75|0x000000008f700000, 0x000000008f700000, 0x000000008f800000|  0%| F|  |TAMS 0x000000008f700000| PB 0x000000008f700000| Untracked |  0
|  76|0x000000008f800000, 0x000000008f800000, 0x000000008f900000|  0%| F|  |TAMS 0x000000008f800000| PB 0x000000008f800000| Untracked |  0
|  77|0x000000008f900000, 0x000000008f900000, 0x000000008fa00000|  0%| F|  |TAMS 0x000000008f900000| PB 0x000000008f900000| Untracked |  0
|  78|0x000000008fa00000, 0x000000008fa00000, 0x000000008fb00000|  0%| F|  |TAMS 0x000000008fa00000| PB 0x000000008fa00000| Untracked |  0
|  79|0x000000008fb00000, 0x000000008fb00000, 0x000000008fc00000|  0%| F|  |TAMS 0x000000008fb00000| PB 0x000000008fb00000| Untracked |  0
|  80|0x000000008fc00000, 0x000000008fc00000, 0x000000008fd00000|  0%| F|  |TAMS 0x000000008fc00000| PB 0x000000008fc00000| Untracked |  0
|  81|0x000000008fd00000, 0x000000008fd00000, 0x000000008fe00000|  0%| F|  |TAMS 0x000000008fd00000| PB 0x000000008fd00000| Untracked |  0
|  82|0x000000008fe00000, 0x000000008fe00000, 0x000000008ff00000|  0%| F|  |TAMS 0x000000008fe00000| PB 0x000000008fe00000| Untracked |  0
|  83|0x000000008ff00000, 0x000000008ff00000, 0x0000000090000000|  0%| F|  |TAMS 0x000000008ff00000| PB 0x000000008ff00000| Untracked |  0
|  84|0x0000000090000000, 0x0000000090000000, 0x0000000090100000|  0%| F|  |TAMS 0x0000000090000000| PB 0x0000000090000000| Untracked |  0
|  85|0x0000000090100000, 0x0000000090100000, 0x0000000090200000|  0%| F|  |TAMS 0x0000000090100000| PB 0x0000000090100000| Untracked |  0
|  86|0x0000000090200000, 0x0000000090200000, 0x0000000090300000|  0%| F|  |TAMS 0x0000000090200000| PB 0x0000000090200000| Untracked |  0
|  87|0x0000000090300000, 0x0000000090300000, 0x0000000090400000|  0%| F|  |TAMS 0x0000000090300000| PB 0x0000000090300000| Untracked |  0
|  88|0x0000000090400000, 0x0000000090400000, 0x0000000090500000|  0%| F|  |TAMS 0x0000000090400000| PB 0x0000000090400000| Untracked |  0
|  89|0x0000000090500000, 0x0000000090500000, 0x0000000090600000|  0%| F|  |TAMS 0x0000000090500000| PB 0x0000000090500000| Untracked |  0
|  90|0x0000000090600000, 0x0000000090600000, 0x0000000090700000|  0%| F|  |TAMS 0x0000000090600000| PB 0x0000000090600000| Untracked |  0
|  91|0x0000000090700000, 0x0000000090700000, 0x0000000090800000|  0%| F|  |TAMS 0x0000000090700000| PB 0x0000000090700000| Untracked |  0
|  92|0x0000000090800000, 0x0000000090800000, 0x0000000090900000|  0%| F|  |TAMS 0x0000000090800000| PB 0x0000000090800000| Untracked |  0
|  93|0x0000000090900000, 0x0000000090900000, 0x0000000090a00000|  0%| F|  |TAMS 0x0000000090900000| PB 0x0000000090900000| Untracked |  0
|  94|0x0000000090a00000, 0x0000000090a00000, 0x0000000090b00000|  0%| F|  |TAMS 0x0000000090a00000| PB 0x0000000090a00000| Untracked |  0
|  95|0x0000000090b00000, 0x0000000090b00000, 0x0000000090c00000|  0%| F|  |TAMS 0x0000000090b00000| PB 0x0000000090b00000| Untracked |  0
|  96|0x0000000090c00000, 0x0000000090c00000, 0x0000000090d00000|  0%| F|  |TAMS 0x0000000090c00000| PB 0x0000000090c00000| Untracked |  0
|  97|0x0000000090d00000, 0x0000000090d00000, 0x0000000090e00000|  0%| F|  |TAMS 0x0000000090d00000| PB 0x0000000090d00000| Untracked |  0
|  98|0x0000000090e00000, 0x0000000090e00000, 0x0000000090f00000|  0%| F|  |TAMS 0x0000000090e00000| PB 0x0000000090e00000| Untracked |  0
|  99|0x0000000090f00000, 0x0000000090f00000, 0x0000000091000000|  0%| F|  |TAMS 0x0000000090f00000| PB 0x0000000090f00000| Untracked |  0
| 100|0x0000000091000000, 0x0000000091000000, 0x0000000091100000|  0%| F|  |TAMS 0x0000000091000000| PB 0x0000000091000000| Untracked |  0
| 101|0x0000000091100000, 0x0000000091100000, 0x0000000091200000|  0%| F|  |TAMS 0x0000000091100000| PB 0x0000000091100000| Untracked |  0
| 102|0x0000000091200000, 0x0000000091200000, 0x0000000091300000|  0%| F|  |TAMS 0x0000000091200000| PB 0x0000000091200000| Untracked |  0
| 103|0x0000000091300000, 0x0000000091300000, 0x0000000091400000|  0%| F|  |TAMS 0x0000000091300000| PB 0x0000000091300000| Untracked |  0
| 104|0x0000000091400000, 0x0000000091400000, 0x0000000091500000|  0%| F|  |TAMS 0x0000000091400000| PB 0x0000000091400000| Untracked |  0
| 105|0x0000000091500000, 0x0000000091500000, 0x0000000091600000|  0%| F|  |TAMS 0x0000000091500000| PB 0x0000000091500000| Untracked |  0
| 106|0x0000000091600000, 0x0000000091600000, 0x0000000091700000|  0%| F|  |TAMS 0x0000000091600000| PB 0x0000000091600000| Untracked |  0
| 107|0x0000000091700000, 0x0000000091700000, 0x0000000091800000|  0%| F|  |TAMS 0x0000000091700000| PB 0x0000000091700000| Untracked |  0
| 108|0x0000000091800000, 0x0000000091800000, 0x0000000091900000|  0%| F|  |TAMS 0x0000000091800000| PB 0x0000000091800000| Untracked |  0
| 109|0x0000000091900000, 0x0000000091900000, 0x0000000091a00000|  0%| F|  |TAMS 0x0000000091900000| PB 0x0000000091900000| Untracked |  0
| 110|0x0000000091a00000, 0x0000000091a00000, 0x0000000091b00000|  0%| F|  |TAMS 0x0000000091a00000| PB 0x0000000091a00000| Untracked |  0
| 111|0x0000000091b00000, 0x0000000091b00000, 0x0000000091c00000|  0%| F|  |TAMS 0x0000000091b00000| PB 0x0000000091b00000| Untracked |  0
| 112|0x0000000091c00000, 0x0000000091c00000, 0x0000000091d00000|  0%| F|  |TAMS 0x0000000091c00000| PB 0x0000000091c00000| Untracked |  0
| 113|0x0000000091d00000, 0x0000000091d00000, 0x0000000091e00000|  0%| F|  |TAMS 0x0000000091d00000| PB 0x0000000091d00000| Untracked |  0
| 114|0x0000000091e00000, 0x0000000091e00000, 0x0000000091f00000|  0%| F|  |TAMS 0x0000000091e00000| PB 0x0000000091e00000| Untracked |  0
| 115|0x0000000091f00000, 0x0000000091f00000, 0x0000000092000000|  0%| F|  |TAMS 0x0000000091f00000| PB 0x0000000091f00000| Untracked |  0
| 116|0x0000000092000000, 0x0000000092000000, 0x0000000092100000|  0%| F|  |TAMS 0x0000000092000000| PB 0x0000000092000000| Untracked |  0
| 117|0x0000000092100000, 0x0000000092100000, 0x0000000092200000|  0%| F|  |TAMS 0x0000000092100000| PB 0x0000000092100000| Untracked |  0
| 118|0x0000000092200000, 0x0000000092200000, 0x0000000092300000|  0%| F|  |TAMS 0x0000000092200000| PB 0x0000000092200000| Untracked |  0
| 119|0x0000000092300000, 0x0000000092300000, 0x0000000092400000|  0%| F|  |TAMS 0x0000000092300000| PB 0x0000000092300000| Untracked |  0
| 120|0x0000000092400000, 0x0000000092400000, 0x0000000092500000|  0%| F|  |TAMS 0x0000000092400000| PB 0x0000000092400000| Untracked |  0
| 121|0x0000000092500000, 0x0000000092500000, 0x0000000092600000|  0%| F|  |TAMS 0x0000000092500000| PB 0x0000000092500000| Untracked |  0
| 122|0x0000000092600000, 0x0000000092600000, 0x0000000092700000|  0%| F|  |TAMS 0x0000000092600000| PB 0x0000000092600000| Untracked |  0
| 123|0x0000000092700000, 0x0000000092700000, 0x0000000092800000|  0%| F|  |TAMS 0x0000000092700000| PB 0x0000000092700000| Untracked |  0
| 124|0x0000000092800000, 0x0000000092800000, 0x0000000092900000|  0%| F|  |TAMS 0x0000000092800000| PB 0x0000000092800000| Untracked |  0
| 125|0x0000000092900000, 0x0000000092900000, 0x0000000092a00000|  0%| F|  |TAMS 0x0000000092900000| PB 0x0000000092900000| Untracked |  0
| 126|0x0000000092a00000, 0x0000000092a00000, 0x0000000092b00000|  0%| F|  |TAMS 0x0000000092a00000| PB 0x0000000092a00000| Untracked |  0
| 127|0x0000000092b00000, 0x0000000092b00000, 0x0000000092c00000|  0%| F|  |TAMS 0x0000000092b00000| PB 0x0000000092b00000| Untracked |  0
| 128|0x0000000092c00000, 0x0000000092c00000, 0x0000000092d00000|  0%| F|  |TAMS 0x0000000092c00000| PB 0x0000000092c00000| Untracked |  0
| 129|0x0000000092d00000, 0x0000000092d00000, 0x0000000092e00000|  0%| F|  |TAMS 0x0000000092d00000| PB 0x0000000092d00000| Untracked |  0
| 130|0x0000000092e00000, 0x0000000092e00000, 0x0000000092f00000|  0%| F|  |TAMS 0x0000000092e00000| PB 0x0000000092e00000| Untracked |  0
| 131|0x0000000092f00000, 0x0000000092f00000, 0x0000000093000000|  0%| F|  |TAMS 0x0000000092f00000| PB 0x0000000092f00000| Untracked |  0
| 132|0x0000000093000000, 0x0000000093000000, 0x0000000093100000|  0%| F|  |TAMS 0x0000000093000000| PB 0x0000000093000000| Untracked |  0
| 133|0x0000000093100000, 0x0000000093100000, 0x0000000093200000|  0%| F|  |TAMS 0x0000000093100000| PB 0x0000000093100000| Untracked |  0
| 134|0x0000000093200000, 0x0000000093200000, 0x0000000093300000|  0%| F|  |TAMS 0x0000000093200000| PB 0x0000000093200000| Untracked |  0
| 135|0x0000000093300000, 0x0000000093300000, 0x0000000093400000|  0%| F|  |TAMS 0x0000000093300000| PB 0x0000000093300000| Untracked |  0
| 136|0x0000000093400000, 0x0000000093400000, 0x0000000093500000|  0%| F|  |TAMS 0x0000000093400000| PB 0x0000000093400000| Untracked |  0
| 137|0x0000000093500000, 0x0000000093500000, 0x0000000093600000|  0%| F|  |TAMS 0x0000000093500000| PB 0x0000000093500000| Untracked |  0
| 138|0x0000000093600000, 0x0000000093600000, 0x0000000093700000|  0%| F|  |TAMS 0x0000000093600000| PB 0x0000000093600000| Untracked |  0
| 139|0x0000000093700000, 0x0000000093700000, 0x0000000093800000|  0%| F|  |TAMS 0x0000000093700000| PB 0x0000000093700000| Untracked |  0
| 140|0x0000000093800000, 0x0000000093800000, 0x0000000093900000|  0%| F|  |TAMS 0x0000000093800000| PB 0x0000000093800000| Untracked |  0
| 141|0x0000000093900000, 0x0000000093900000, 0x0000000093a00000|  0%| F|  |TAMS 0x0000000093900000| PB 0x0000000093900000| Untracked |  0
| 142|0x0000000093a00000, 0x0000000093a00000, 0x0000000093b00000|  0%| F|  |TAMS 0x0000000093a00000| PB 0x0000000093a00000| Untracked |  0
| 143|0x0000000093b00000, 0x0000000093b00000, 0x0000000093c00000|  0%| F|  |TAMS 0x0000000093b00000| PB 0x0000000093b00000| Untracked |  0
| 144|0x0000000093c00000, 0x0000000093c00000, 0x0000000093d00000|  0%| F|  |TAMS 0x0000000093c00000| PB 0x0000000093c00000| Untracked |  0
| 145|0x0000000093d00000, 0x0000000093d00000, 0x0000000093e00000|  0%| F|  |TAMS 0x0000000093d00000| PB 0x0000000093d00000| Untracked |  0
| 146|0x0000000093e00000, 0x0000000093e00000, 0x0000000093f00000|  0%| F|  |TAMS 0x0000000093e00000| PB 0x0000000093e00000| Untracked |  0
| 147|0x0000000093f00000, 0x0000000093f00000, 0x0000000094000000|  0%| F|  |TAMS 0x0000000093f00000| PB 0x0000000093f00000| Untracked |  0
| 148|0x0000000094000000, 0x0000000094000000, 0x0000000094100000|  0%| F|  |TAMS 0x0000000094000000| PB 0x0000000094000000| Untracked |  0
| 149|0x0000000094100000, 0x0000000094100000, 0x0000000094200000|  0%| F|  |TAMS 0x0000000094100000| PB 0x0000000094100000| Untracked |  0
| 150|0x0000000094200000, 0x0000000094200000, 0x0000000094300000|  0%| F|  |TAMS 0x0000000094200000| PB 0x0000000094200000| Untracked |  0
| 151|0x0000000094300000, 0x0000000094300000, 0x0000000094400000|  0%| F|  |TAMS 0x0000000094300000| PB 0x0000000094300000| Untracked |  0
| 152|0x0000000094400000, 0x0000000094400000, 0x0000000094500000|  0%| F|  |TAMS 0x0000000094400000| PB 0x0000000094400000| Untracked |  0
| 153|0x0000000094500000, 0x0000000094500000, 0x0000000094600000|  0%| F|  |TAMS 0x0000000094500000| PB 0x0000000094500000| Untracked |  0
| 154|0x0000000094600000, 0x0000000094600000, 0x0000000094700000|  0%| F|  |TAMS 0x0000000094600000| PB 0x0000000094600000| Untracked |  0
| 155|0x0000000094700000, 0x0000000094700000, 0x0000000094800000|  0%| F|  |TAMS 0x0000000094700000| PB 0x0000000094700000| Untracked |  0
| 156|0x0000000094800000, 0x0000000094800000, 0x0000000094900000|  0%| F|  |TAMS 0x0000000094800000| PB 0x0000000094800000| Untracked |  0
| 157|0x0000000094900000, 0x0000000094900000, 0x0000000094a00000|  0%| F|  |TAMS 0x0000000094900000| PB 0x0000000094900000| Untracked |  0
| 158|0x0000000094a00000, 0x0000000094a00000, 0x0000000094b00000|  0%| F|  |TAMS 0x0000000094a00000| PB 0x0000000094a00000| Untracked |  0
| 159|0x0000000094b00000, 0x0000000094b00000, 0x0000000094c00000|  0%| F|  |TAMS 0x0000000094b00000| PB 0x0000000094b00000| Untracked |  0
| 160|0x0000000094c00000, 0x0000000094c00000, 0x0000000094d00000|  0%| F|  |TAMS 0x0000000094c00000| PB 0x0000000094c00000| Untracked |  0
| 161|0x0000000094d00000, 0x0000000094d00000, 0x0000000094e00000|  0%| F|  |TAMS 0x0000000094d00000| PB 0x0000000094d00000| Untracked |  0
| 162|0x0000000094e00000, 0x0000000094e00000, 0x0000000094f00000|  0%| F|  |TAMS 0x0000000094e00000| PB 0x0000000094e00000| Untracked |  0
| 163|0x0000000094f00000, 0x0000000094f00000, 0x0000000095000000|  0%| F|  |TAMS 0x0000000094f00000| PB 0x0000000094f00000| Untracked |  0
| 164|0x0000000095000000, 0x0000000095000000, 0x0000000095100000|  0%| F|  |TAMS 0x0000000095000000| PB 0x0000000095000000| Untracked |  0
| 165|0x0000000095100000, 0x0000000095100000, 0x0000000095200000|  0%| F|  |TAMS 0x0000000095100000| PB 0x0000000095100000| Untracked |  0
| 166|0x0000000095200000, 0x0000000095200000, 0x0000000095300000|  0%| F|  |TAMS 0x0000000095200000| PB 0x0000000095200000| Untracked |  0
| 167|0x0000000095300000, 0x0000000095300000, 0x0000000095400000|  0%| F|  |TAMS 0x0000000095300000| PB 0x0000000095300000| Untracked |  0
| 168|0x0000000095400000, 0x0000000095400000, 0x0000000095500000|  0%| F|  |TAMS 0x0000000095400000| PB 0x0000000095400000| Untracked |  0
| 169|0x0000000095500000, 0x0000000095500000, 0x0000000095600000|  0%| F|  |TAMS 0x0000000095500000| PB 0x0000000095500000| Untracked |  0
| 170|0x0000000095600000, 0x0000000095600000, 0x0000000095700000|  0%| F|  |TAMS 0x0000000095600000| PB 0x0000000095600000| Untracked |  0
| 171|0x0000000095700000, 0x0000000095700000, 0x0000000095800000|  0%| F|  |TAMS 0x0000000095700000| PB 0x0000000095700000| Untracked |  0
| 172|0x0000000095800000, 0x0000000095800000, 0x0000000095900000|  0%| F|  |TAMS 0x0000000095800000| PB 0x0000000095800000| Untracked |  0
| 173|0x0000000095900000, 0x0000000095900000, 0x0000000095a00000|  0%| F|  |TAMS 0x0000000095900000| PB 0x0000000095900000| Untracked |  0
| 174|0x0000000095a00000, 0x0000000095a00000, 0x0000000095b00000|  0%| F|  |TAMS 0x0000000095a00000| PB 0x0000000095a00000| Untracked |  0
| 175|0x0000000095b00000, 0x0000000095b00000, 0x0000000095c00000|  0%| F|  |TAMS 0x0000000095b00000| PB 0x0000000095b00000| Untracked |  0
| 176|0x0000000095c00000, 0x0000000095c00000, 0x0000000095d00000|  0%| F|  |TAMS 0x0000000095c00000| PB 0x0000000095c00000| Untracked |  0
| 177|0x0000000095d00000, 0x0000000095d00000, 0x0000000095e00000|  0%| F|  |TAMS 0x0000000095d00000| PB 0x0000000095d00000| Untracked |  0
| 178|0x0000000095e00000, 0x0000000095e00000, 0x0000000095f00000|  0%| F|  |TAMS 0x0000000095e00000| PB 0x0000000095e00000| Untracked |  0
| 179|0x0000000095f00000, 0x0000000095f00000, 0x0000000096000000|  0%| F|  |TAMS 0x0000000095f00000| PB 0x0000000095f00000| Untracked |  0
| 180|0x0000000096000000, 0x0000000096000000, 0x0000000096100000|  0%| F|  |TAMS 0x0000000096000000| PB 0x0000000096000000| Untracked |  0
| 181|0x0000000096100000, 0x000000009614fd28, 0x0000000096200000| 31%| S|CS|TAMS 0x0000000096100000| PB 0x0000000096100000| Complete |  0
| 182|0x0000000096200000, 0x0000000096200000, 0x0000000096300000|  0%| F|  |TAMS 0x0000000096200000| PB 0x0000000096200000| Untracked |  0
| 183|0x0000000096300000, 0x0000000096300000, 0x0000000096400000|  0%| F|  |TAMS 0x0000000096300000| PB 0x0000000096300000| Untracked |  0
| 189|0x0000000096900000, 0x0000000096900000, 0x0000000096a00000|  0%| F|  |TAMS 0x0000000096900000| PB 0x0000000096900000| Untracked |  0
| 190|0x0000000096a00000, 0x0000000096a00000, 0x0000000096b00000|  0%| F|  |TAMS 0x0000000096a00000| PB 0x0000000096a00000| Untracked |  0
| 191|0x0000000096b00000, 0x0000000096b00000, 0x0000000096c00000|  0%| F|  |TAMS 0x0000000096b00000| PB 0x0000000096b00000| Untracked |  0
| 192|0x0000000096c00000, 0x0000000096c00000, 0x0000000096d00000|  0%| F|  |TAMS 0x0000000096c00000| PB 0x0000000096c00000| Untracked |  0
| 193|0x0000000096d00000, 0x0000000096d00000, 0x0000000096e00000|  0%| F|  |TAMS 0x0000000096d00000| PB 0x0000000096d00000| Untracked |  0
| 194|0x0000000096e00000, 0x0000000096e00000, 0x0000000096f00000|  0%| F|  |TAMS 0x0000000096e00000| PB 0x0000000096e00000| Untracked |  0

Card table byte_map: [0x000001e6d74a0000,0x000001e6d7850000] _byte_map_base: 0x000001e6d704a000

Marking Bits: (CMBitMap*) 0x000001e6cb037140
 Bits: [0x000001e6d7850000, 0x000001e6d95a0000)

Polling page: 0x000001e6c8df0000

Metaspace:

Usage:
  Non-class:     63.76 MB used.
      Class:      8.10 MB used.
       Both:     71.86 MB used.

Virtual space:
  Non-class space:      128.00 MB reserved,      64.38 MB ( 50%) committed,  2 nodes.
      Class space:        1.00 GB reserved,       8.62 MB ( <1%) committed,  1 nodes.
             Both:        1.12 GB reserved,      73.00 MB (  6%) committed. 

Chunk freelists:
   Non-Class:  15.41 MB
       Class:  7.37 MB
        Both:  22.77 MB

MaxMetaspaceSize: unlimited
CompressedClassSpaceSize: 1.00 GB
Initial GC threshold: 21.00 MB
Current GC threshold: 121.69 MB
CDS: on
 - commit_granule_bytes: 65536.
 - commit_granule_words: 8192.
 - virtual_space_node_default_size: 8388608.
 - enlarge_chunks_in_place: 1.
UseCompressedClassPointers 1, UseCompactObjectHeaders 0
Narrow klass pointer bits 32, Max shift 3
Narrow klass base: 0x000001e680000000, Narrow klass shift: 0
Encoding Range: [0x000001e680000000 - 0x000001e780000000), (4294967296 bytes)
Klass Range:    [0x000001e680000000 - 0x000001e6c1000000), (1090519040 bytes)
Klass ID Range:  [8 - 1090519033) (1090519025)


Internal statistics:

num_allocs_failed_limit: 8.
num_arena_births: 2146.
num_arena_deaths: 1078.
num_vsnodes_births: 3.
num_vsnodes_deaths: 0.
num_space_committed: 1244.
num_space_uncommitted: 35.
num_chunks_returned_to_freelist: 1854.
num_chunks_taken_from_freelist: 6328.
num_chunk_merges: 348.
num_chunk_splits: 3426.
num_chunks_enlarged: 2268.
num_inconsistent_stats: 0.

CodeCache: size=49152Kb used=16354Kb max_used=16908Kb free=32797Kb
 bounds [0x000001e6d3870000, 0x000001e6d4980000, 0x000001e6d6870000]
 total_blobs=10992, nmethods=10282, adapters=634, full_count=0
Compilation: enabled, stopped_count=0, restarted_count=0

Compilation events (20 events):
Event: 1580.907 Thread 0x000001e6c8564da0 20222       1       com.mongodb.MongoNamespace::getCollectionName (5 bytes)
Event: 1580.907 Thread 0x000001e6c8564da0 nmethod 20222 0x000001e6d4856e88 code [0x000001e6d4856f80, 0x000001e6d4857048]
Event: 1581.114 Thread 0x000001e6c8564da0 20223       1       sun.security.provider.certpath.PKIX$ValidatorParams::certificates (53 bytes)
Event: 1581.115 Thread 0x000001e6c8564da0 nmethod 20223 0x000001e6d4856a88 code [0x000001e6d4856bc0, 0x000001e6d4856e28]
Event: 1584.498 Thread 0x000001e6c8564da0 20224       1       java.util.ArrayDeque::elementAt (4 bytes)
Event: 1584.499 Thread 0x000001e6c8564da0 nmethod 20224 0x000001e6d4856788 code [0x000001e6d48568a0, 0x000001e6d4856970]
Event: 1634.589 Thread 0x000001e6dc55eb40 20225   !   1       java.util.concurrent.ThreadPoolExecutor::runWorker (187 bytes)
Event: 1643.034 Thread 0x000001e6dc55eb40 nmethod 20225 0x000001e6d4855e88 code [0x000001e6d4856040, 0x000001e6d4856690]
Event: 1645.599 Thread 0x000001e6dc55eb40 20226       1       com.mongodb.internal.connection.BaseCluster::lambda$updateDescription$2 (46 bytes)
Event: 1645.717 Thread 0x000001e6dc55eb40 nmethod 20226 0x000001e6d4855388 code [0x000001e6d4855580, 0x000001e6d4855d50]
Event: 1676.675 Thread 0x000001e6dc55eb40 20229       1       java.util.concurrent.ConcurrentLinkedDeque::screenNullResult (14 bytes)
Event: 1676.679 Thread 0x000001e6dc55eb40 nmethod 20229 0x000001e6d472f208 code [0x000001e6d472f320, 0x000001e6d472f498]
Event: 1685.596 Thread 0x000001e6dc55eb40 20230       1       com.mongodb.connection.ServerType$3::getClusterType (4 bytes)
Event: 1686.361 Thread 0x000001e6dc55eb40 nmethod 20230 0x000001e6d4855088 code [0x000001e6d48551a0, 0x000001e6d4855270]
Event: 1697.800 Thread 0x000001e6dc55eb40 20231       1       java.lang.invoke.VarHandleByteArrayAsShorts$ArrayHandle::index (12 bytes)
Event: 1697.808 Thread 0x000001e6dc55eb40 nmethod 20231 0x000001e6d4854d88 code [0x000001e6d4854ea0, 0x000001e6d4854f88]
Event: 1715.585 Thread 0x000001e6dc55eb40 20232       1       com.mongodb.internal.connection.DefaultSdamServerDescriptionManager::updateDescription (53 bytes)
Event: 1716.463 Thread 0x000001e6dc55eb40 nmethod 20232 0x000001e6d4854988 code [0x000001e6d4854ac0, 0x000001e6d4854d50]
Event: 1716.463 Thread 0x000001e6dc55eb40 20233       1       com.mongodb.internal.connection.AbstractMultiServerCluster::onChange (12 bytes)
Event: 1723.751 Thread 0x000001e6dc55eb40 nmethod 20233 0x000001e6d4854308 code [0x000001e6d4854480, 0x000001e6d4854878]

GC Heap History (20 events):
Event: 1575.017 GC heap after
{Heap after GC invocations=140 (full 10):
 garbage-first heap   total reserved 1921024K, committed 199680K, used 65078K [0x000000008ac00000, 0x0000000100000000)
  region size 1024K, 10 young (10240K), 10 survivors (10240K)
 Metaspace       used 73058K, committed 74176K, reserved 1179648K
  class space    used 8254K, committed 8768K, reserved 1048576K
}
Event: 1575.018 GC heap before
{Heap before GC invocations=140 (full 10):
 garbage-first heap   total reserved 1921024K, committed 199680K, used 66102K [0x000000008ac00000, 0x0000000100000000)
  region size 1024K, 11 young (11264K), 10 survivors (10240K)
 Metaspace       used 73058K, committed 74176K, reserved 1179648K
  class space    used 8254K, committed 8768K, reserved 1048576K
}
Event: 1575.036 GC heap after
{Heap after GC invocations=141 (full 10):
 garbage-first heap   total reserved 1921024K, committed 199680K, used 66061K [0x000000008ac00000, 0x0000000100000000)
  region size 1024K, 1 young (1024K), 1 survivors (1024K)
 Metaspace       used 73058K, committed 74176K, reserved 1179648K
  class space    used 8254K, committed 8768K, reserved 1048576K
}
Event: 1575.786 GC heap before
{Heap before GC invocations=142 (full 10):
 garbage-first heap   total reserved 1921024K, committed 199680K, used 98829K [0x000000008ac00000, 0x0000000100000000)
  region size 1024K, 34 young (34816K), 1 survivors (1024K)
 Metaspace       used 73204K, committed 74368K, reserved 1179648K
  class space    used 8265K, committed 8768K, reserved 1048576K
}
Event: 1575.790 GC heap after
{Heap after GC invocations=143 (full 10):
 garbage-first heap   total reserved 1921024K, committed 199680K, used 66088K [0x000000008ac00000, 0x0000000100000000)
  region size 1024K, 2 young (2048K), 2 survivors (2048K)
 Metaspace       used 73204K, committed 74368K, reserved 1179648K
  class space    used 8265K, committed 8768K, reserved 1048576K
}
Event: 1584.589 GC heap before
{Heap before GC invocations=143 (full 10):
 garbage-first heap   total reserved 1921024K, committed 199680K, used 175656K [0x000000008ac00000, 0x0000000100000000)
  region size 1024K, 109 young (111616K), 2 survivors (2048K)
 Metaspace       used 73599K, committed 74752K, reserved 1179648K
  class space    used 8301K, committed 8832K, reserved 1048576K
}
Event: 1584.621 GC heap after
{Heap after GC invocations=144 (full 10):
 garbage-first heap   total reserved 1921024K, committed 199680K, used 65248K [0x000000008ac00000, 0x0000000100000000)
  region size 1024K, 5 young (5120K), 5 survivors (5120K)
 Metaspace       used 73599K, committed 74752K, reserved 1179648K
  class space    used 8301K, committed 8832K, reserved 1048576K
}
Event: 1588.839 GC heap before
{Heap before GC invocations=144 (full 10):
 garbage-first heap   total reserved 1921024K, committed 199680K, used 80608K [0x000000008ac00000, 0x0000000100000000)
  region size 1024K, 20 young (20480K), 5 survivors (5120K)
 Metaspace       used 73599K, committed 74752K, reserved 1179648K
  class space    used 8301K, committed 8832K, reserved 1048576K
}
Event: 1588.999 GC heap after
{Heap after GC invocations=145 (full 10):
 garbage-first heap   total reserved 1921024K, committed 199680K, used 65757K [0x000000008ac00000, 0x0000000100000000)
  region size 1024K, 1 young (1024K), 1 survivors (1024K)
 Metaspace       used 73599K, committed 74752K, reserved 1179648K
  class space    used 8301K, committed 8832K, reserved 1048576K
}
Event: 1613.587 GC heap before
{Heap before GC invocations=146 (full 10):
 garbage-first heap   total reserved 1921024K, committed 199680K, used 150749K [0x000000008ac00000, 0x0000000100000000)
  region size 1024K, 84 young (86016K), 1 survivors (1024K)
 Metaspace       used 73593K, committed 74752K, reserved 1179648K
  class space    used 8300K, committed 8832K, reserved 1048576K
}
Event: 1613.625 GC heap after
{Heap after GC invocations=147 (full 10):
 garbage-first heap   total reserved 1921024K, committed 199680K, used 65404K [0x000000008ac00000, 0x0000000100000000)
  region size 1024K, 1 young (1024K), 1 survivors (1024K)
 Metaspace       used 73593K, committed 74752K, reserved 1179648K
  class space    used 8300K, committed 8832K, reserved 1048576K
}
Event: 1647.419 GC heap before
{Heap before GC invocations=147 (full 10):
 garbage-first heap   total reserved 1921024K, committed 199680K, used 183164K [0x000000008ac00000, 0x0000000100000000)
  region size 1024K, 116 young (118784K), 1 survivors (1024K)
 Metaspace       used 73593K, committed 74752K, reserved 1179648K
  class space    used 8300K, committed 8832K, reserved 1048576K
}
Event: 1647.502 GC heap after
{Heap after GC invocations=148 (full 10):
 garbage-first heap   total reserved 1921024K, committed 199680K, used 57328K [0x000000008ac00000, 0x0000000100000000)
  region size 1024K, 1 young (1024K), 1 survivors (1024K)
 Metaspace       used 73593K, committed 74752K, reserved 1179648K
  class space    used 8300K, committed 8832K, reserved 1048576K
}
Event: 1679.796 GC heap before
{Heap before GC invocations=148 (full 10):
 garbage-first heap   total reserved 1921024K, committed 199680K, used 169968K [0x000000008ac00000, 0x0000000100000000)
  region size 1024K, 112 young (114688K), 1 survivors (1024K)
 Metaspace       used 73593K, committed 74752K, reserved 1179648K
  class space    used 8300K, committed 8832K, reserved 1048576K
}
Event: 1679.890 GC heap after
{Heap after GC invocations=149 (full 10):
 garbage-first heap   total reserved 1921024K, committed 199680K, used 57133K [0x000000008ac00000, 0x0000000100000000)
  region size 1024K, 1 young (1024K), 1 survivors (1024K)
 Metaspace       used 73593K, committed 74752K, reserved 1179648K
  class space    used 8300K, committed 8832K, reserved 1048576K
}
Event: 1714.048 GC heap before
{Heap before GC invocations=150 (full 10):
 garbage-first heap   total reserved 1921024K, committed 194560K, used 172845K [0x000000008ac00000, 0x0000000100000000)
  region size 1024K, 114 young (116736K), 1 survivors (1024K)
 Metaspace       used 73585K, committed 74752K, reserved 1179648K
  class space    used 8298K, committed 8832K, reserved 1048576K
}
Event: 1715.584 GC heap after
{Heap after GC invocations=151 (full 10):
 garbage-first heap   total reserved 1921024K, committed 194560K, used 57440K [0x000000008ac00000, 0x0000000100000000)
  region size 1024K, 1 young (1024K), 1 survivors (1024K)
 Metaspace       used 73585K, committed 74752K, reserved 1179648K
  class space    used 8298K, committed 8832K, reserved 1048576K
}
Event: 1748.479 GC heap before
{Heap before GC invocations=151 (full 10):
 garbage-first heap   total reserved 1921024K, committed 194560K, used 173152K [0x000000008ac00000, 0x0000000100000000)
  region size 1024K, 114 young (116736K), 1 survivors (1024K)
 Metaspace       used 73585K, committed 74752K, reserved 1179648K
  class space    used 8298K, committed 8832K, reserved 1048576K
}
Event: 1749.431 GC heap after
{Heap after GC invocations=152 (full 10):
 garbage-first heap   total reserved 1921024K, committed 194560K, used 53745K [0x000000008ac00000, 0x0000000100000000)
  region size 1024K, 1 young (1024K), 1 survivors (1024K)
 Metaspace       used 73585K, committed 74752K, reserved 1179648K
  class space    used 8298K, committed 8832K, reserved 1048576K
}
Event: 1751.216 GC heap before
{Heap before GC invocations=152 (full 10):
 garbage-first heap   total reserved 1921024K, committed 194560K, used 60913K [0x000000008ac00000, 0x0000000100000000)
  region size 1024K, 9 young (9216K), 1 survivors (1024K)
 Metaspace       used 73585K, committed 74752K, reserved 1179648K
  class space    used 8298K, committed 8832K, reserved 1048576K
}

Dll operation events (13 events):
Event: 0.243 Loaded shared library C:\Users\USER\.jdks\openjdk-24.0.1\bin\java.dll
Event: 1.604 Loaded shared library C:\Users\USER\.jdks\openjdk-24.0.1\bin\zip.dll
Event: 1.615 Loaded shared library C:\Users\USER\.jdks\openjdk-24.0.1\bin\instrument.dll
Event: 1.631 Loaded shared library C:\Users\USER\.jdks\openjdk-24.0.1\bin\net.dll
Event: 1.639 Loaded shared library C:\Users\USER\.jdks\openjdk-24.0.1\bin\nio.dll
Event: 1.647 Loaded shared library C:\Users\USER\.jdks\openjdk-24.0.1\bin\zip.dll
Event: 2.042 Loaded shared library C:\Program Files\JetBrains\IntelliJ IDEA 2024.3\bin\breakgen64.dll
Event: 2.076 Loaded shared library C:\Users\USER\.jdks\openjdk-24.0.1\bin\jimage.dll
Event: 2.107 Loaded shared library C:\Users\USER\.jdks\openjdk-24.0.1\bin\extnet.dll
Event: 2.238 Loaded shared library C:\Users\USER\.jdks\openjdk-24.0.1\bin\management.dll
Event: 2.324 Loaded shared library C:\Users\USER\.jdks\openjdk-24.0.1\bin\management_ext.dll
Event: 7.660 Loaded shared library C:\Users\USER\.jdks\openjdk-24.0.1\bin\sunmscapi.dll
Event: 10.454 Loaded shared library C:\Users\USER\.jdks\openjdk-24.0.1\bin\verify.dll

Deoptimization events (4 events):
Event: 13.465 Thread 0x000001e6c604ddf0 DEOPT PACKING pc=0x000001e6d40f56fc sp=0x000000663bffc670
Event: 13.465 Thread 0x000001e6c604ddf0 DEOPT UNPACKING pc=0x000001e6d38c5722 sp=0x000000663bffbaa0 mode 0
Event: 79.219 Thread 0x000001e6c813bc50 DEOPT PACKING pc=0x000001e6d39749c1 sp=0x000000663a5fddf0
Event: 79.219 Thread 0x000001e6c813bc50 DEOPT UNPACKING pc=0x000001e6d38c5722 sp=0x000000663a5fd1f0 mode 3

Classes loaded (20 events):
Event: 781.860 Loading class java/lang/ref/Finalizer$1
Event: 781.862 Loading class java/lang/ref/Finalizer$1 done
Event: 797.259 Loading class java/time/DurationEditor
Event: 797.259 Loading class java/time/DurationEditor done
Event: 844.156 Loading class javax/crypto/AEADBadTagException
Event: 844.158 Loading class javax/crypto/BadPaddingException
Event: 844.159 Loading class javax/crypto/BadPaddingException done
Event: 844.159 Loading class javax/crypto/AEADBadTagException done
Event: 844.159 Loading class javax/net/ssl/SSLHandshakeException
Event: 844.161 Loading class javax/net/ssl/SSLHandshakeException done
Event: 1330.671 Loading class java/lang/Throwable$WrappedPrintStream
Event: 1330.679 Loading class java/lang/Throwable$WrappedPrintStream done
Event: 1335.384 Loading class javax/net/DefaultSocketFactory
Event: 1335.385 Loading class javax/net/DefaultSocketFactory done
Event: 1335.409 Loading class sun/net/util/SocketExceptions
Event: 1335.410 Loading class sun/net/util/SocketExceptions done
Event: 1339.034 Loading class java/time/DurationEditor
Event: 1339.035 Loading class java/time/DurationEditor done
Event: 1576.451 Loading class java/time/DurationEditor
Event: 1576.452 Loading class java/time/DurationEditor done

Classes unloaded (20 events):
Event: 1534.329 Thread 0x000001e6dc538550 Unloading class 0x000001e681764c00 'java/lang/invoke/LambdaForm$MH+0x000001e681764c00'
Event: 1534.329 Thread 0x000001e6dc538550 Unloading class 0x000001e681768800 'org/apache/catalina/loader/JdbcLeakPrevention'
Event: 1534.330 Thread 0x000001e6dc538550 Unloading class 0x000001e68158cc00 'java/lang/invoke/LambdaForm$MH+0x000001e68158cc00'
Event: 1534.330 Thread 0x000001e6dc538550 Unloading class 0x000001e681394000 'java/lang/invoke/LambdaForm$MH+0x000001e681394000'
Event: 1534.330 Thread 0x000001e6dc538550 Unloading class 0x000001e681756000 'java/lang/invoke/LambdaForm$MH+0x000001e681756000'
Event: 1534.331 Thread 0x000001e6dc538550 Unloading class 0x000001e68132e000 'java/lang/invoke/LambdaForm$MH+0x000001e68132e000'
Event: 1534.331 Thread 0x000001e6dc538550 Unloading class 0x000001e6816ecc00 'java/lang/invoke/LambdaForm$MH+0x000001e6816ecc00'
Event: 1534.331 Thread 0x000001e6dc538550 Unloading class 0x000001e681120c00 'java/lang/invoke/LambdaForm$MH+0x000001e681120c00'
Event: 1538.822 Thread 0x000001e6dc538550 Unloading class 0x000001e681850800 'java/lang/invoke/LambdaForm$MH+0x000001e681850800'
Event: 1538.822 Thread 0x000001e6dc538550 Unloading class 0x000001e681850000 'java/lang/String$$StringConcat+0x000001e681850000'
Event: 1538.822 Thread 0x000001e6dc538550 Unloading class 0x000001e681840800 'org/apache/catalina/loader/JdbcLeakPrevention'
Event: 1538.822 Thread 0x000001e6dc538550 Unloading class 0x000001e681841000 'org/apache/catalina/loader/JdbcLeakPrevention'
Event: 1538.822 Thread 0x000001e6dc538550 Unloading class 0x000001e681798400 'java/lang/invoke/LambdaForm$MH+0x000001e681798400'
Event: 1575.097 Thread 0x000001e6dc538550 Unloading class 0x000001e681864c00 'org/apache/catalina/loader/JdbcLeakPrevention'
Event: 1589.317 Thread 0x000001e6dc538550 Unloading class 0x000001e681827400 'java/lang/invoke/LambdaForm$MH+0x000001e681827400'
Event: 1589.317 Thread 0x000001e6dc538550 Unloading class 0x000001e681778400 'java/lang/invoke/LambdaForm$MH+0x000001e681778400'
Event: 1589.317 Thread 0x000001e6dc538550 Unloading class 0x000001e681756000 'org/apache/catalina/loader/JdbcLeakPrevention'
Event: 1681.263 Thread 0x000001e6dc538550 Unloading class 0x000001e681898000 'org/apache/catalina/loader/JdbcLeakPrevention'
Event: 1681.264 Thread 0x000001e6dc538550 Unloading class 0x000001e681864c00 'org/apache/catalina/loader/JdbcLeakPrevention'
Event: 1681.264 Thread 0x000001e6dc538550 Unloading class 0x000001e681851000 'java/lang/String$$StringConcat+0x000001e681851000'

Classes redefined (0 events):
No events

Internal exceptions (20 events):
Event: 1580.494 Thread 0x000001e6dd4dda40 Implicit null exception at 0x000001e6d42ab518 to 0x000001e6d42ab924
Event: 1580.494 Thread 0x000001e6dd4dda40 Exception <a 'java/lang/NullPointerException'{0x0000000091032be0}> (0x0000000091032be0) 
thrown [s\open\src\hotspot\share\runtime\sharedRuntime.cpp, line 678]
Event: 1580.494 Thread 0x000001e6dd4dda40 Implicit null exception at 0x000001e6d42ab518 to 0x000001e6d42ab924
Event: 1580.494 Thread 0x000001e6dd4dda40 Exception <a 'java/lang/NullPointerException'{0x00000000910332b8}> (0x00000000910332b8) 
thrown [s\open\src\hotspot\share\runtime\sharedRuntime.cpp, line 678]
Event: 1580.494 Thread 0x000001e6dd4dda40 Implicit null exception at 0x000001e6d42ab518 to 0x000001e6d42ab924
Event: 1580.494 Thread 0x000001e6dd4dda40 Exception <a 'java/lang/NullPointerException'{0x0000000091033848}> (0x0000000091033848) 
thrown [s\open\src\hotspot\share\runtime\sharedRuntime.cpp, line 678]
Event: 1580.494 Thread 0x000001e6dd4dda40 Implicit null exception at 0x000001e6d42ab518 to 0x000001e6d42ab924
Event: 1580.494 Thread 0x000001e6dd4dda40 Exception <a 'java/lang/NullPointerException'{0x0000000091034818}> (0x0000000091034818) 
thrown [s\open\src\hotspot\share\runtime\sharedRuntime.cpp, line 678]
Event: 1581.114 Thread 0x000001e6dd4dda40 Implicit null exception at 0x000001e6d42ab518 to 0x000001e6d42ab924
Event: 1581.114 Thread 0x000001e6dd4dda40 Exception <a 'java/lang/NullPointerException'{0x0000000090ef9d08}> (0x0000000090ef9d08) 
thrown [s\open\src\hotspot\share\runtime\sharedRuntime.cpp, line 678]
Event: 1581.114 Thread 0x000001e6dd4dda40 Implicit null exception at 0x000001e6d42ab518 to 0x000001e6d42ab924
Event: 1581.114 Thread 0x000001e6dd4dda40 Exception <a 'java/lang/NullPointerException'{0x0000000090efa670}> (0x0000000090efa670) 
thrown [s\open\src\hotspot\share\runtime\sharedRuntime.cpp, line 678]
Event: 1581.114 Thread 0x000001e6dd4dda40 Implicit null exception at 0x000001e6d42ab518 to 0x000001e6d42ab924
Event: 1581.114 Thread 0x000001e6dd4dda40 Exception <a 'java/lang/NullPointerException'{0x0000000090efb680}> (0x0000000090efb680) 
thrown [s\open\src\hotspot\share\runtime\sharedRuntime.cpp, line 678]
Event: 1581.114 Thread 0x000001e6dd4dda40 Implicit null exception at 0x000001e6d42ab518 to 0x000001e6d42ab924
Event: 1581.114 Thread 0x000001e6dd4dda40 Exception <a 'java/lang/NullPointerException'{0x0000000090d15d78}> (0x0000000090d15d78) 
thrown [s\open\src\hotspot\share\runtime\sharedRuntime.cpp, line 678]
Event: 1581.114 Thread 0x000001e6dd4dda40 Implicit null exception at 0x000001e6d42ab518 to 0x000001e6d42ab924
Event: 1581.114 Thread 0x000001e6dd4dda40 Exception <a 'java/lang/NullPointerException'{0x0000000090d173f0}> (0x0000000090d173f0) 
thrown [s\open\src\hotspot\share\runtime\sharedRuntime.cpp, line 678]
Event: 1581.114 Thread 0x000001e6dd4dda40 Implicit null exception at 0x000001e6d42ab518 to 0x000001e6d42ab924
Event: 1581.114 Thread 0x000001e6dd4dda40 Exception <a 'java/lang/NullPointerException'{0x0000000090d19840}> (0x0000000090d19840) 
thrown [s\open\src\hotspot\share\runtime\sharedRuntime.cpp, line 678]

VM Operations (20 events):
Event: 1589.905 Executing VM operation: G1PauseCleanup done
Event: 1613.576 Executing VM operation: G1CollectForAllocation (G1 Evacuation Pause)
Event: 1613.625 Executing VM operation: G1CollectForAllocation (G1 Evacuation Pause) done
Event: 1624.428 Executing VM operation: HandshakeAllThreads (HandshakeForDeflation)
Event: 1624.430 Executing VM operation: HandshakeAllThreads (HandshakeForDeflation) done
Event: 1624.430 Executing VM operation: RendezvousGCThreads
Event: 1624.430 Executing VM operation: RendezvousGCThreads done
Event: 1647.400 Executing VM operation: G1CollectForAllocation (G1 Evacuation Pause)
Event: 1647.503 Executing VM operation: G1CollectForAllocation (G1 Evacuation Pause) done
Event: 1679.785 Executing VM operation: G1CollectForAllocation (G1 Evacuation Pause)
Event: 1679.891 Executing VM operation: G1CollectForAllocation (G1 Evacuation Pause) done
Event: 1681.231 Executing VM operation: G1PauseRemark
Event: 1682.293 Executing VM operation: G1PauseRemark done
Event: 1682.520 Executing VM operation: G1PauseCleanup
Event: 1682.527 Executing VM operation: G1PauseCleanup done
Event: 1713.786 Executing VM operation: G1CollectForAllocation (G1 Evacuation Pause)
Event: 1715.584 Executing VM operation: G1CollectForAllocation (G1 Evacuation Pause) done
Event: 1748.479 Executing VM operation: G1CollectForAllocation (G1 Evacuation Pause)
Event: 1749.431 Executing VM operation: G1CollectForAllocation (G1 Evacuation Pause) done
Event: 1751.216 Executing VM operation: G1CollectForAllocation (G1 Evacuation Pause)

Memory protections (0 events):
No events

Nmethod flushes (20 events):
Event: 1575.344 Thread 0x000001e6dc538550 flushing  nmethod 0x000001e6d47a2c88
Event: 1575.344 Thread 0x000001e6dc538550 flushing  nmethod 0x000001e6d47a3088
Event: 1575.344 Thread 0x000001e6dc538550 flushing  nmethod 0x000001e6d47a3b08
Event: 1575.344 Thread 0x000001e6dc538550 flushing  nmethod 0x000001e6d47a4588
Event: 1575.344 Thread 0x000001e6dc538550 flushing  nmethod 0x000001e6d3d7cc08
Event: 1575.344 Thread 0x000001e6dc538550 flushing  nmethod 0x000001e6d43d3408
Event: 1575.344 Thread 0x000001e6dc538550 flushing  nmethod 0x000001e6d43d5388
Event: 1575.344 Thread 0x000001e6dc538550 flushing  nmethod 0x000001e6d43d6008
Event: 1575.344 Thread 0x000001e6dc538550 flushing  nmethod 0x000001e6d4529688
Event: 1575.344 Thread 0x000001e6dc538550 flushing  nmethod 0x000001e6d4665d08
Event: 1575.344 Thread 0x000001e6dc538550 flushing  nmethod 0x000001e6d479ea88
Event: 1575.344 Thread 0x000001e6dc538550 flushing  nmethod 0x000001e6d47c7d88
Event: 1575.344 Thread 0x000001e6dc538550 flushing  nmethod 0x000001e6d3d50e08
Event: 1575.344 Thread 0x000001e6dc538550 flushing  nmethod 0x000001e6d3d55008
Event: 1575.344 Thread 0x000001e6dc538550 flushing  nmethod 0x000001e6d3daa708
Event: 1575.344 Thread 0x000001e6dc538550 flushing  nmethod 0x000001e6d4178a08
Event: 1575.344 Thread 0x000001e6dc538550 flushing  nmethod 0x000001e6d4322608
Event: 1575.344 Thread 0x000001e6dc538550 flushing  nmethod 0x000001e6d435b488
Event: 1575.344 Thread 0x000001e6dc538550 flushing  nmethod 0x000001e6d4405008
Event: 1589.682 Thread 0x000001e6dc538550 flushing  nmethod 0x000001e6d472f208

Events (20 events):
Event: 1577.423 Thread 0x000001e6dd4dda40 Thread added: 0x000001e6dd9b0a40
Event: 1577.423 Thread 0x000001e6dd4dda40 Thread added: 0x000001e6dd9ad710
Event: 1577.423 Thread 0x000001e6dd4dda40 Thread added: 0x000001e6dd9b18e0
Event: 1577.430 Thread 0x000001e6dd4dda40 Thread added: 0x000001e6dd9b1190
Event: 1577.431 Thread 0x000001e6dd4dda40 Thread added: 0x000001e6dd9b2030
Event: 1579.033 Thread 0x000001e6dd4dda40 Thread added: 0x000001e6dd9b2780
Event: 1579.034 Thread 0x000001e6dd9b2780 Thread exited: 0x000001e6dd9b2780
Event: 1579.495 Thread 0x000001e6dd4dda40 Thread added: 0x000001e6dd9b2780
Event: 1579.896 Thread 0x000001e6dd4dda40 Thread added: 0x000001e6dd4dae60
Event: 1579.900 Thread 0x000001e6dd4dae60 Thread exited: 0x000001e6dd4dae60
Event: 1580.505 Thread 0x000001e6dd4dda40 Thread added: 0x000001e6dd4dae60
Event: 1580.506 Thread 0x000001e6dd4dae60 Thread exited: 0x000001e6dd4dae60
Event: 1581.125 Thread 0x000001e6dd4dda40 Thread added: 0x000001e6dd4d89d0
Event: 1581.125 Thread 0x000001e6dd4d89d0 Thread exited: 0x000001e6dd4d89d0
Event: 1581.484 Thread 0x000001e6dd4dda40 Thread exited: 0x000001e6dd4dda40
Event: 1581.487 Thread 0x000001e6dd4df780 Thread exited: 0x000001e6dd4df780
Event: 1589.692 Thread 0x000001e6c8564da0 Thread exited: 0x000001e6c8564da0
Event: 1594.701 Thread 0x000001e6dd9b2780 Thread exited: 0x000001e6dd9b2780
Event: 1637.087 Thread 0x000001e6dd4df030 Thread exited: 0x000001e6dd4df030
Event: 1697.675 Thread 0x000001e6c5b583b0 Thread added: 0x000001e6dd4dae60


Dynamic libraries:
0x00007ff7342c0000 - 0x00007ff7342ce000 	C:\Users\USER\.jdks\openjdk-24.0.1\bin\java.exe
0x00007ffca4b00000 - 0x00007ffca4d68000 	C:\WINDOWS\SYSTEM32\ntdll.dll
0x00007ffc68cc0000 - 0x00007ffc68ce0000 	C:\Program Files\Avast Software\Avast\aswhook.dll
0x00007ffca45f0000 - 0x00007ffca46b9000 	C:\WINDOWS\System32\KERNEL32.DLL
0x00007ffca1700000 - 0x00007ffca1af1000 	C:\WINDOWS\System32\KERNELBASE.dll
0x00007ffca2750000 - 0x00007ffca289b000 	C:\WINDOWS\System32\ucrtbase.dll
0x00007ffc729c0000 - 0x00007ffc729d6000 	C:\Users\USER\.jdks\openjdk-24.0.1\bin\jli.dll
0x00007ffc54da0000 - 0x00007ffc54dbb000 	C:\Users\USER\.jdks\openjdk-24.0.1\bin\VCRUNTIME140.dll
0x00007ffca2f50000 - 0x00007ffca3116000 	C:\WINDOWS\System32\USER32.dll
0x00007ffc857c0000 - 0x00007ffc85a53000 	C:\WINDOWS\WinSxS\amd64_microsoft.windows.common-controls_6595b64144ccf1df_6.0.26100.7824_none_3e0870b2e3345462\COMCTL32.dll
0x00007ffca1610000 - 0x00007ffca1637000 	C:\WINDOWS\System32\win32u.dll
0x00007ffca28d0000 - 0x00007ffca2979000 	C:\WINDOWS\System32\msvcrt.dll
0x00007ffca36d0000 - 0x00007ffca36fb000 	C:\WINDOWS\System32\GDI32.dll
0x00007ffca1c70000 - 0x00007ffca1d9b000 	C:\WINDOWS\System32\gdi32full.dll
0x00007ffca13e0000 - 0x00007ffca1483000 	C:\WINDOWS\System32\msvcp_win.dll
0x00007ffca46d0000 - 0x00007ffca4701000 	C:\WINDOWS\System32\IMM32.DLL
0x00007ffc77170000 - 0x00007ffc7717c000 	C:\Users\USER\.jdks\openjdk-24.0.1\bin\vcruntime140_1.dll
0x00007ffc39300000 - 0x00007ffc3938e000 	C:\Users\USER\.jdks\openjdk-24.0.1\bin\msvcp140.dll
0x00007ffb99210000 - 0x00007ffb99fb2000 	C:\Users\USER\.jdks\openjdk-24.0.1\bin\server\jvm.dll
0x00007ffca47b0000 - 0x00007ffca4864000 	C:\WINDOWS\System32\ADVAPI32.dll
0x00007ffca4970000 - 0x00007ffca4a16000 	C:\WINDOWS\System32\sechost.dll
0x00007ffca35b0000 - 0x00007ffca36c8000 	C:\WINDOWS\System32\RPCRT4.dll
0x00007ffca3cd0000 - 0x00007ffca3d44000 	C:\WINDOWS\System32\WS2_32.dll
0x00007ffca1090000 - 0x00007ffca10ee000 	C:\WINDOWS\SYSTEM32\POWRPROF.dll
0x00007ffc9ab80000 - 0x00007ffc9ab8b000 	C:\WINDOWS\SYSTEM32\VERSION.dll
0x00007ffc9ab40000 - 0x00007ffc9ab75000 	C:\WINDOWS\SYSTEM32\WINMM.dll
0x00007ffca1070000 - 0x00007ffca1084000 	C:\WINDOWS\SYSTEM32\UMPDC.dll
0x00007ffca0180000 - 0x00007ffca019b000 	C:\WINDOWS\SYSTEM32\kernel.appcore.dll
0x00007ffc9e4b0000 - 0x00007ffc9e4ba000 	C:\Users\USER\.jdks\openjdk-24.0.1\bin\jimage.dll
0x00007ffc96470000 - 0x00007ffc966b2000 	C:\WINDOWS\SYSTEM32\DBGHELP.DLL
0x00007ffca2980000 - 0x00007ffca2d06000 	C:\WINDOWS\System32\combase.dll
0x00007ffca2d10000 - 0x00007ffca2de7000 	C:\WINDOWS\System32\OLEAUT32.dll
0x00007ffc95330000 - 0x00007ffc9536b000 	C:\WINDOWS\SYSTEM32\dbgcore.DLL
0x00007ffca26a0000 - 0x00007ffca2745000 	C:\WINDOWS\System32\bcryptPrimitives.dll
0x00007ffc8d4f0000 - 0x00007ffc8d4ff000 	C:\Users\USER\.jdks\openjdk-24.0.1\bin\instrument.dll
0x00007ffc77030000 - 0x00007ffc7704e000 	C:\Users\USER\.jdks\openjdk-24.0.1\bin\java.dll
0x00007ffca3750000 - 0x00007ffca38e7000 	C:\WINDOWS\System32\ole32.dll
0x00007ffca3e90000 - 0x00007ffca45e2000 	C:\WINDOWS\System32\SHELL32.dll
0x00007ffca1b00000 - 0x00007ffca1c6a000 	C:\WINDOWS\System32\wintypes.dll
0x00007ffca1da0000 - 0x00007ffca2603000 	C:\WINDOWS\System32\windows.storage.dll
0x00007ffca2e50000 - 0x00007ffca2f46000 	C:\WINDOWS\System32\SHCORE.dll
0x00007ffca4740000 - 0x00007ffca47a7000 	C:\WINDOWS\System32\shlwapi.dll
0x00007ffca1300000 - 0x00007ffca1329000 	C:\WINDOWS\SYSTEM32\profapi.dll
0x00007ffc72b50000 - 0x00007ffc72b67000 	C:\Users\USER\.jdks\openjdk-24.0.1\bin\zip.dll
0x00007ffc8d4e0000 - 0x00007ffc8d4f0000 	C:\Users\USER\.jdks\openjdk-24.0.1\bin\net.dll
0x00007ffca06f0000 - 0x00007ffca075b000 	C:\WINDOWS\system32\mswsock.dll
0x00007ffc72b70000 - 0x00007ffc72b86000 	C:\Users\USER\.jdks\openjdk-24.0.1\bin\nio.dll
0x00007ffc72b30000 - 0x00007ffc72b4a000 	C:\Program Files\JetBrains\IntelliJ IDEA 2024.3\bin\breakgen64.dll
0x00007ffc78f50000 - 0x00007ffc78f59000 	C:\Users\USER\.jdks\openjdk-24.0.1\bin\extnet.dll
0x00007ffc9fc90000 - 0x00007ffc9fdbc000 	C:\WINDOWS\SYSTEM32\DNSAPI.dll
0x00007ffc9fbf0000 - 0x00007ffc9fc24000 	C:\WINDOWS\SYSTEM32\IPHLPAPI.DLL
0x00007ffca4ab0000 - 0x00007ffca4aba000 	C:\WINDOWS\System32\NSI.dll
0x00007ffc98340000 - 0x00007ffc9834b000 	C:\Windows\System32\rasadhlp.dll
0x00007ffc9c360000 - 0x00007ffc9c3e6000 	C:\WINDOWS\System32\fwpuclnt.dll
0x00007ffc77020000 - 0x00007ffc7702a000 	C:\Users\USER\.jdks\openjdk-24.0.1\bin\management.dll
0x00007ffc72b20000 - 0x00007ffc72b2b000 	C:\Users\USER\.jdks\openjdk-24.0.1\bin\management_ext.dll
0x00007ffca46c0000 - 0x00007ffca46c8000 	C:\WINDOWS\System32\PSAPI.DLL
0x00007ffca09d0000 - 0x00007ffca09eb000 	C:\WINDOWS\SYSTEM32\CRYPTSP.dll
0x00007ffca00e0000 - 0x00007ffca0119000 	C:\WINDOWS\system32\rsaenh.dll
0x00007ffca07a0000 - 0x00007ffca07cb000 	C:\WINDOWS\SYSTEM32\USERENV.dll
0x00007ffca12d0000 - 0x00007ffca12fa000 	C:\WINDOWS\SYSTEM32\bcrypt.dll
0x00007ffca09c0000 - 0x00007ffca09cc000 	C:\WINDOWS\SYSTEM32\CRYPTBASE.dll
0x00007ffc7d960000 - 0x00007ffc7d978000 	C:\WINDOWS\system32\napinsp.dll
0x00007ffc7d940000 - 0x00007ffc7d952000 	C:\WINDOWS\System32\winrnr.dll
0x00007ffc7d910000 - 0x00007ffc7d932000 	C:\WINDOWS\system32\nlansp_c.dll
0x00007ffc7d8f0000 - 0x00007ffc7d906000 	C:\WINDOWS\system32\wshbth.dll
0x00007ffc837d0000 - 0x00007ffc83826000 	C:\WINDOWS\SYSTEM32\pdh.dll
0x00007ffc72b10000 - 0x00007ffc72b1e000 	C:\Users\USER\.jdks\openjdk-24.0.1\bin\sunmscapi.dll
0x00007ffca1490000 - 0x00007ffca1607000 	C:\WINDOWS\System32\CRYPT32.dll
0x00007ffca0c50000 - 0x00007ffca0c80000 	C:\WINDOWS\SYSTEM32\ncrypt.dll
0x00007ffca0c00000 - 0x00007ffca0c3f000 	C:\WINDOWS\SYSTEM32\NTASN1.dll
0x00007ffc72b00000 - 0x00007ffc72b10000 	C:\Users\USER\.jdks\openjdk-24.0.1\bin\verify.dll
0x00007ffc9c200000 - 0x00007ffc9c21e000 	C:\WINDOWS\SYSTEM32\dhcpcsvc6.DLL
0x00007ffc9bed0000 - 0x00007ffc9bef3000 	C:\WINDOWS\SYSTEM32\dhcpcsvc.DLL
0x00007ffc6c0b0000 - 0x00007ffc6c0b8000 	C:\WINDOWS\system32\wshunix.dll

JVMTI agents:
C:\Program Files\JetBrains\IntelliJ IDEA 2024.3\lib\idea_rt.jar path:C:\Users\USER\.jdks\openjdk-24.0.1\bin\instrument.dll, loaded, initialized, instrumentlib options:65319:C:\Program Files\JetBrains\IntelliJ IDEA 2024.3\bin

dbghelp: loaded successfully - version: 4.0.5 - missing functions: none
symbol engine: initialized successfully - sym options: 0x614 - pdb path: .;C:\Users\USER\.jdks\openjdk-24.0.1\bin;C:\WINDOWS\SYSTEM32;C:\Program Files\Avast Software\Avast;C:\WINDOWS\WinSxS\amd64_microsoft.windows.common-controls_6595b64144ccf1df_6.0.26100.7824_none_3e0870b2e3345462;C:\Users\USER\.jdks\openjdk-24.0.1\bin\server;C:\Program Files\JetBrains\IntelliJ IDEA 2024.3\bin

VM Arguments:
jvm_args: -XX:TieredStopAtLevel=1 -Dspring.output.ansi.enabled=always -Dcom.sun.management.jmxremote -Dspring.jmx.enabled=true -Dspring.liveBeansView.mbeanDomain -Dspring.application.admin.enabled=true -Dmanagement.endpoints.jmx.exposure.include=* -javaagent:C:\Program Files\JetBrains\IntelliJ IDEA 2024.3\lib\idea_rt.jar=65319:C:\Program Files\JetBrains\IntelliJ IDEA 2024.3\bin -Dfile.encoding=UTF-8 -Dsun.stdout.encoding=UTF-8 -Dsun.stderr.encoding=UTF-8 
java_command: com.LeaveDataManagementSystem.LeaveManagement.LeaveManagementApplication
java_class_path (initial): C:\Users\USER\Desktop\Leave System\Leave-Management-System--COOP\Leave_backend\LeaveManagement\target\classes;C:\Users\USER\.m2\repository\org\springframework\boot\spring-boot-starter-data-mongodb\3.5.5\spring-boot-starter-data-mongodb-3.5.5.jar;C:\Users\USER\.m2\repository\org\springframework\boot\spring-boot-starter\3.5.5\spring-boot-starter-3.5.5.jar;C:\Users\USER\.m2\repository\org\springframework\boot\spring-boot-starter-logging\3.5.5\spring-boot-starter-logging-3.5.5.jar;C:\Users\USER\.m2\repository\ch\qos\logback\logback-classic\1.5.18\logback-classic-1.5.18.jar;C:\Users\USER\.m2\repository\ch\qos\logback\logback-core\1.5.18\logback-core-1.5.18.jar;C:\Users\USER\.m2\repository\org\apache\logging\log4j\log4j-to-slf4j\2.24.3\log4j-to-slf4j-2.24.3.jar;C:\Users\USER\.m2\repository\org\apache\logging\log4j\log4j-api\2.24.3\log4j-api-2.24.3.jar;C:\Users\USER\.m2\repository\org\slf4j\jul-to-slf4j\2.0.17\jul-to-slf4j-2.0.17.jar;C:\Users\USER\.m2\repository\jakarta\annotation\jakarta.annotation-api\2.1.1\jakarta.annotation-api-2.1.1.jar;C:\Users\USER\.m2\repository\org\yaml\snakeyaml\2.4\snakeyaml-2.4.jar;C:\Users\USER\.m2\repository\org\mongodb\mongodb-driver-sync\5.5.1\mongodb-driver-sync-5.5.1.jar;C:\Users\USER\.m2\repository\org\mongodb\bson\5.5.1\bson-5.5.1.jar;C:\Users\USER\.m2\repository\org\mongodb\mongodb-driver-core\5.5.1\mongodb-driver-core-5.5.1.jar;C:\Users\USER\.m2\repository\org\mongodb\bson-record-codec\5.5.1\bson-record-codec-5.5.1.jar;C:\Users\USER\.m2\repository\org\springframework\data\spring-data-mongodb\4.5.3\spring-data-mongodb-4.5.3.jar;C:\Users\USER\.m2\repository\org\springframework\spring-tx\6.2.10\spring-tx-6.2.10.jar;C:\Users\USER\.m2\repository\org\springframework\spring-context\6.2.10\spring-context-6.2.10.jar;C:\Users\USER\.m2\repository\org\springframework\spring-beans\6.2.10\spring-beans-6.2.10.jar;C:\Users\USER\.m2\repository\org\springframework\spring-expression\6.2.10\spring-expression-6.2.10.jar;C:\Users\USER\.m2\repository\org\springframework\data\spring-data-commons\3.5.3\spring-data-commons-3.5.3.jar;C:\Users\USER\.m2\repository\org\slf4j\slf4j-api\2.0.17\slf4j-api-2.0.17.jar;C:\Users\USER\.m2\repository\org\springframework\boot\spring-boot-starter-security\3.5.5\spring-boot-starter-security-3.5.5.jar;C:\Users\USER\.m2\repository\org\springframework\spring-aop\6.2.10\spring-aop-6.2.10.jar;C:\Users\USER\.m2\repository\org\springframework\security\spring-security-config\6.5.3\spring-security-config-6.5.3.jar;C:\Users\USER\.m2\repository\org\springframework\security\spring-security-core\6.5.3\spring-security-core-6.5.3.jar;C:\Users\USER\.m2\repository\org\springframework\security\spring-security-crypto\6.5.3\spring-security-crypto-6.5.3.jar;C:\Users\USER\.m2\repository\org\springframework\security\spring-security-web\6.5.3\spring-security-web-6.5.3.jar;C:\Users\USER\.m2\repository\io\jsonwebtoken\jjwt-api\0.11.5\jjwt-api-0.11.5.jar;C:\Users\USER\.m2\repository\io\jsonwebtoken\jjwt-impl\0.11.5\jjwt-impl-0.11.5.jar;C:\Users\USER\.m2\repository\io\jsonwebtoken\jjwt-jackson\0.11.5\jjwt-jackson-0.11.5.jar;C:\Users\USER\.m2\repository\com\fasterxml\jackson\core\jackson-databind\2.19.2\jackson-databind-2.19.2.jar;C:\Users\USER\.m2\repository\com\fasterxml\jackson\core\jackson-annotations\2.19.2\jackson-annotations-2.19.2.jar;C:\Users\USER\.m2\repository\com\fasterxml\jackson\core\jackson-core\2.19.2\jackson-core-2.19.2.jar;C:\Users\USER\.m2\repository\org\springframework\boot\spring-boot-starter-validation\3.5.5\spring-boot-starter-validation-3.5.5.jar;C:\Users\USER\.m2\repository\org\apache\tomcat\embed\tomcat-embed-el\10.1.44\tomcat-embed-el-10.1.44.jar;C:\Users\USER\.m2\repository\org\hibernate\validator\hibernate-validator\8.0.3.Final\hibernate-validator-8.0.3.Final.jar;C:\Users\USER\.m2\repository\jakarta\validation\jakarta.validation-api\3.0.2\jakarta.validation-api-3.0.2.jar;C:\Users\USER\.m2\repository\org\jboss\logging\jboss-logging\3.6.1.Final\jboss-logging-3.6.1.Final.jar;C:\Users\USER\.m2\repository\com\fasterxml\classmate\1.7.0\classmate-1.7.0.jar;C:\Users\USER\.m2\repository\org\springframework\boot\spring-boot-starter-web\3.5.5\spring-boot-starter-web-3.5.5.jar;C:\Users\USER\.m2\repository\org\springframework\boot\spring-boot-starter-json\3.5.5\spring-boot-starter-json-3.5.5.jar;C:\Users\USER\.m2\repository\com\fasterxml\jackson\datatype\jackson-datatype-jdk8\2.19.2\jackson-datatype-jdk8-2.19.2.jar;C:\Users\USER\.m2\repository\com\fasterxml\jackson\datatype\jackson-datatype-jsr310\2.19.2\jackson-datatype-jsr310-2.19.2.jar;C:\Users\USER\.m2\repository\com\fasterxml\jackson\module\jackson-module-parameter-names\2.19.2\jackson-module-parameter-names-2.19.2.jar;C:\Users\USER\.m2\repository\org\springframework\boot\spring-boot-starter-tomcat\3.5.5\spring-boot-starter-tomcat-3.5.5.jar;C:\Users\USER\.m2\repository\org\apache\tomcat\embed\tomcat-embed-core\10.1.44\tomcat-embed-core-10.1.44.jar;C:\Users\USER\.m2\repository\org\apache\tomcat\embed\tomcat-embed-websocket\10.1.44\tomcat-embed-websocket-10.1.44.jar;C:\Users\USER\.m2\repository\org\springframework\spring-web\6.2.10\spring-web-6.2.10.jar;C:\Users\USER\.m2\repository\io\micrometer\micrometer-observation\1.15.3\micrometer-observation-1.15.3.jar;C:\Users\USER\.m2\repository\io\micrometer\micrometer-commons\1.15.3\micrometer-commons-1.15.3.jar;C:\Users\USER\.m2\repository\org\springframework\spring-webmvc\6.2.10\spring-webmvc-6.2.10.jar;C:\Users\USER\.m2\repository\org\springframework\boot\spring-boot-devtools\3.5.5\spring-boot-devtools-3.5.5.jar;C:\Users\USER\.m2\repository\org\springframework\boot\spring-boot\3.5.5\spring-boot-3.5.5.jar;C:\Users\USER\.m2\repository\org\springframework\boot\spring-boot-autoconfigure\3.5.5\spring-boot-autoconfigure-3.5.5.jar;C:\Users\USER\.m2\repository\org\projectlombok\lombok\1.18.38\lombok-1.18.38.jar;C:\Users\USER\.m2\repository\jakarta\activation\jakarta.activation-api\2.1.3\jakarta.activation-api-2.1.3.jar;C:\Users\USER\.m2\repository\org\springframework\spring-core\6.2.10\spring-core-6.2.10.jar;C:\Users\USER\.m2\repository\org\springframework\spring-jcl\6.2.10\spring-jcl-6.2.10.jar;C:\Users\USER\.m2\repository\commons-logging\commons-logging\1.2\commons-logging-1.2.jar;C:\Users\USER\.m2\repository\org\springframework\boot\spring-boot-starter-mail\3.5.5\spring-boot-starter-mail-3.5.5.jar;C:\Users\USER\.m2\repository\org\springframework\spring-context-support\6.2.10\spring-context-support-6.2.10.jar;C:\Users\USER\.m2\repository\org\eclipse\angus\jakarta.mail\2.0.4\jakarta.mail-2.0.4.jar;C:\Users\USER\.m2\repository\org\eclipse\angus\angus-activation\2.0.2\angus-activation-2.0.2.jar;C:\Users\USER\.m2\repository\org\springframework\boot\spring-boot-starter-thymeleaf\3.5.5\spring-boot-starter-thymeleaf-3.5.5.jar;C:\Users\USER\.m2\repository\org\thymeleaf\thymeleaf-spring6\3.1.3.RELEASE\thymeleaf-spring6-3.1.3.RELEASE.jar;C:\Users\USER\.m2\repository\org\thymeleaf\thymeleaf\3.1.3.RELEASE\thymeleaf-3.1.3.RELEASE.jar;C:\Users\USER\.m2\repository\org\attoparser\attoparser\2.0.7.RELEASE\attoparser-2.0.7.RELEASE.jar;C:\Users\USER\.m2\repository\org\unbescape\unbescape\1.1.6.RELEASE\unbescape-1.1.6.RELEASE.jar;C:\Users\USER\.m2\repository\com\google\apis\google-api-services-calendar\v3-rev20220715-2.0.0\google-api-services-calendar-v3-rev20220715-2.0.0.jar;C:\Users\USER\.m2\repository\com\google\api-client\google-api-client\2.0.0\google-api-client-2.0.0.jar;C:\Users\USER\.m2\repository\com\google\oauth-client\google-oauth-client\1.34.1\google-oauth-client-1.34.1.jar;C:\Users\USER\.m2\repository\com\google\http-client\google-http-client-gson\1.42.1\google-http-client-gson-1.42.1.jar;C:\Users\USER\.m2\repository\com\google\code\gson\gson\2.13.1\gson-2.13.1.jar;C:\Users\USER\.m2\repository\com\google\guava\guava\31.1-jre\guava-31.1-jre.jar;C:\Users\USER\.m2\repository\com\google\guava\failureaccess\1.0.1\failureaccess-1.0.1.jar;C:\Users\USER\.m2\repository\com\google\guava\listenablefuture\9999.0-empty-to-avoid-conflict-with-guava\listenablefuture-9999.0-empty-to-avoid-conflict-with-guava.jar;C:\Users\USER\.m2\repository\com\google\code\findbugs\jsr305\3.0.2\jsr305-3.0.2.jar;C:\Users\USER\.m2\repository\org\checkerframework\checker-qual\3.12.0\checker-qual-3.12.0.jar;C:\Users\USER\.m2\repository\com\google\errorprone\error_prone_annotations\2.11.0\error_prone_annotations-2.11.0.jar;C:\Users\USER\.m2\repository\com\google\j2objc\j2objc-annotations\1.3\j2objc-annotations-1.3.jar;C:\Users\USER\.m2\repository\com\google\http-client\google-http-client-apache-v2\1.42.1\google-http-client-apache-v2-1.42.1.jar;C:\Users\USER\.m2\repository\org\apache\httpcomponents\httpcore\4.4.16\httpcore-4.4.16.jar;C:\Users\USER\.m2\repository\org\apache\httpcomponents\httpclient\4.5.13\httpclient-4.5.13.jar;C:\Users\USER\.m2\repository\commons-codec\commons-codec\1.18.0\commons-codec-1.18.0.jar;C:\Users\USER\.m2\repository\com\google\http-client\google-http-client\1.42.1\google-http-client-1.42.1.jar;C:\Users\USER\.m2\repository\io\opencensus\opencensus-api\0.31.1\opencensus-api-0.31.1.jar;C:\Users\USER\.m2\repository\io\grpc\grpc-context\1.27.2\grpc-context-1.27.2.jar;C:\Users\USER\.m2\repository\io\opencensus\opencensus-contrib-http-util\0.31.1\opencensus-contrib-http-util-0.31.1.jar
Launcher Type: SUN_STANDARD

[Global flags]
     intx CICompilerCount                          = 12                                        {product} {ergonomic}
     uint ConcGCThreads                            = 3                                         {product} {ergonomic}
     uint G1ConcRefinementThreads                  = 13                                        {product} {ergonomic}
   size_t G1HeapRegionSize                         = 1048576                                   {product} {ergonomic}
   size_t InitialHeapSize                          = 123731968                                 {product} {ergonomic}
     bool ManagementServer                         = true                                      {product} {command line}
   size_t MarkStackSize                            = 4194304                                   {product} {ergonomic}
   size_t MarkStackSizeMax                         = 536870912                                 {product} {ergonomic}
   size_t MaxHeapSize                              = 1967128576                                {product} {ergonomic}
   size_t MaxNewSize                               = 1179648000                                {product} {ergonomic}
   size_t MinHeapDeltaBytes                        = 1048576                                   {product} {ergonomic}
   size_t MinHeapSize                              = 8388608                                   {product} {ergonomic}
    uintx NonNMethodCodeHeapSize                   = 4096                                   {pd product} {ergonomic}
    uintx NonProfiledCodeHeapSize                  = 0                                      {pd product} {ergonomic}
     bool ProfileInterpreter                       = false                                  {pd product} {command line}
    uintx ProfiledCodeHeapSize                     = 0                                      {pd product} {ergonomic}
   size_t SoftMaxHeapSize                          = 1967128576                             {manageable} {ergonomic}
     intx TieredStopAtLevel                        = 1                                         {product} {command line}
     bool UseCompressedOops                        = true                           {product lp64_product} {ergonomic}
     bool UseG1GC                                  = true                                      {product} {ergonomic}
     bool UseLargePagesIndividualAllocation        = false                                  {pd product} {ergonomic}

Logging:
Log output configuration:
 #0: stdout all=warning uptime,level,tags foldmultilines=false
 #1: stderr all=off uptime,level,tags foldmultilines=false

Environment Variables:
JAVA_HOME=C:\Program Files\Java\jdk-17
PATH=C:\Program Files (x86)\Microsoft SDKs\Azure\CLI2\wbin;C:\Program Files\nodejs\;C:\Program Files\apache-maven-3.9.11\bin;C:\Program Files\Git\bin;C:\Users\USER\AppData\Local\Microsoft\WindowsApps;C:\Program Files\JetBrains\PyCharm 2022.3.2\bin;;C:\Program Files\JetBrains\IntelliJ IDEA Community Edition 2023.3.2\bin;;C:\Users\USER\AppData\Local\GitHubDesktop\bin;C:\Windsurf\bin;C:\cursor\resources\app\bin;C:\Users\USER\AppData\Roaming\npm;C:\Users\USER\AppData\Local\Programs\Microsoft VS Code\bin
USERNAME=USER
OS=Windows_NT
PROCESSOR_IDENTIFIER=AMD64 Family 23 Model 104 Stepping 1, AuthenticAMD
TMP=C:\Users\USER\AppData\Local\Temp
TEMP=C:\Users\USER\AppData\Local\Temp




Periodic native trim disabled

---------------  S Y S T E M  ---------------

OS:
 Windows 11 , 64 bit Build 26100 (10.0.26100.7705)
OS uptime: 2 days 14:26 hours

CPU: total 16 (initial active 16) (16 cores per cpu, 2 threads per core) family 23 model 104 stepping 1 microcode 0x8608109, cx8, cmov, fxsr, ht, mmx, 3dnowpref, sse, sse2, sse3, ssse3, sse4a, sse4.1, sse4.2, popcnt, lzcnt, tsc, tscinvbit, avx, avx2, aes, clmul, bmi1, bmi2, adx, sha, fma, vzeroupper, clflush, clflushopt, rdtscp, rdpid, f16c
Processor Information for the first 16 processors :
  Max Mhz: 1801, Current Mhz: 1801, Mhz Limit: 1801

Memory: 4k page, system-wide physical 7501M (584M free)
TotalPageFile size 30029M (AvailPageFile size 4M)
current process WorkingSet (physical memory assigned to process): 157M, peak: 343M
current process commit charge ("private bytes"): 442M, peak: 825M

vm_info: OpenJDK 64-Bit Server VM (24.0.1+9-30) for windows-amd64 JRE (24.0.1+9-30), built on 2025-03-05T07:23:45Z with MS VC++ 17.6 (VS2022)

END.
