#
# There is insufficient memory for the Java Runtime Environment to continue.
# Native memory allocation (malloc) failed to allocate 32744 bytes. Error detail: Chunk::new
# Possible reasons:
#   The system is out of physical RAM or swap space
#   This process is running with CompressedOops enabled, and the Java Heap may be blocking the growth of the native heap
# Possible solutions:
#   Reduce memory load on the system
#   Increase physical memory or swap space
#   Check if swap backing store is full
#   Decrease Java heap size (-Xmx/-Xms)
#   Decrease number of Java threads
#   Decrease Java thread stack sizes (-Xss)
#   Set larger code cache with -XX:ReservedCodeCacheSize=
#   JVM is running with Unscaled Compressed Oops mode in which the Java heap is
#     placed in the first 4GB address space. The Java Heap base address is the
#     maximum limit for the native heap growth. Please use -XX:HeapBaseMinAddress
#     to set the Java Heap base and to place the Java Heap above 4GB virtual address.
# This output file may be truncated or incomplete.
#
#  Out of Memory Error (arena.cpp:162), pid=29220, tid=17188
#
# JRE version: OpenJDK Runtime Environment (24.0.1+9) (build 24.0.1+9-30)
# Java VM: OpenJDK 64-Bit Server VM (24.0.1+9-30, mixed mode, emulated-client, sharing, tiered, compressed oops, compressed class ptrs, g1 gc, windows-amd64)
# No core dump will be written. Minidumps are not enabled by default on client versions of Windows
#

---------------  S U M M A R Y ------------

Command Line: -XX:TieredStopAtLevel=1 -Dspring.output.ansi.enabled=always -Dcom.sun.management.jmxremote -Dspring.jmx.enabled=true -Dspring.liveBeansView.mbeanDomain -Dspring.application.admin.enabled=true -Dmanagement.endpoints.jmx.exposure.include=* -javaagent:C:\Program Files\JetBrains\IntelliJ IDEA 2024.3\lib\idea_rt.jar=59919:C:\Program Files\JetBrains\IntelliJ IDEA 2024.3\bin -Dfile.encoding=UTF-8 -Dsun.stdout.encoding=UTF-8 -Dsun.stderr.encoding=UTF-8 com.LeaveDataManagementSystem.LeaveManagement.LeaveManagementApplication

Host: AMD Ryzen 7 5700U with Radeon Graphics         , 16 cores, 7G,  Windows 11 , 64 bit Build 26100 (10.0.26100.7705)
Time: Sun Mar  8 17:19:13 2026 Sri Lanka Standard Time elapsed time: 20636.340869 seconds (0d 5h 43m 56s)

---------------  T H R E A D  ---------------

Current thread (0x000002b788c67af0):  JavaThread "C1 CompilerThread3" daemon [_thread_in_native, id=17188, stack(0x000000cbcad00000,0x000000cbcae00000) (1024K)]


Current CompileTask:
C1:20636342 15218       1       jdk.internal.classfile.impl.StackMapGenerator::processBlock (2767 bytes)

Stack: [0x000000cbcad00000,0x000000cbcae00000]
Native frames: (J=compiled Java code, j=interpreted, Vv=VM code, C=native code)
V  [jvm.dll+0x730739]  (no source info available)
V  [jvm.dll+0x8d9b23]  (no source info available)
V  [jvm.dll+0x8dc00d]  (no source info available)
V  [jvm.dll+0x8dc683]  (no source info available)
V  [jvm.dll+0x2aa086]  (no source info available)
V  [jvm.dll+0xcedef]  (no source info available)
V  [jvm.dll+0xcf04f]  (no source info available)
V  [jvm.dll+0x1caa17]  (no source info available)
V  [jvm.dll+0x17f649]  (no source info available)
V  [jvm.dll+0x176d5e]  (no source info available)
V  [jvm.dll+0x17dd5d]  (no source info available)
V  [jvm.dll+0x17c2ac]  (no source info available)
V  [jvm.dll+0x184ebe]  (no source info available)
V  [jvm.dll+0x1843ab]  (no source info available)
V  [jvm.dll+0x17bb02]  (no source info available)
V  [jvm.dll+0x17dd6c]  (no source info available)
V  [jvm.dll+0x17c2ac]  (no source info available)
V  [jvm.dll+0x184ebe]  (no source info available)
V  [jvm.dll+0x1843ab]  (no source info available)
V  [jvm.dll+0x17bb02]  (no source info available)
V  [jvm.dll+0x17dd6c]  (no source info available)
V  [jvm.dll+0x17c2ac]  (no source info available)
V  [jvm.dll+0x184ebe]  (no source info available)
V  [jvm.dll+0x1843ab]  (no source info available)
V  [jvm.dll+0x17bb02]  (no source info available)
V  [jvm.dll+0x17dd6c]  (no source info available)
V  [jvm.dll+0x17c2ac]  (no source info available)
V  [jvm.dll+0x184ebe]  (no source info available)
V  [jvm.dll+0x1843ab]  (no source info available)
V  [jvm.dll+0x17bb02]  (no source info available)
V  [jvm.dll+0x17dd6c]  (no source info available)
V  [jvm.dll+0x17c39c]  (no source info available)
V  [jvm.dll+0x1759ff]  (no source info available)
V  [jvm.dll+0x186021]  (no source info available)
V  [jvm.dll+0x1710fb]  (no source info available)
V  [jvm.dll+0x1714f3]  (no source info available)
V  [jvm.dll+0x17185b]  (no source info available)
V  [jvm.dll+0x170c2c]  (no source info available)
V  [jvm.dll+0x172a4d]  (no source info available)
V  [jvm.dll+0x27e1fb]  (no source info available)
V  [jvm.dll+0x27c49a]  (no source info available)
V  [jvm.dll+0x42f456]  (no source info available)
V  [jvm.dll+0x87d76b]  (no source info available)
V  [jvm.dll+0x72ee55]  (no source info available)
C  [ucrtbase.dll+0x37b0]  (no source info available)
C  [KERNEL32.DLL+0x2e8d7]  (no source info available)
C  [ntdll.dll+0x8c40c]  (no source info available)

Lock stack of current Java thread (top to bottom):


---------------  P R O C E S S  ---------------

Threads class SMR info:
_java_thread_list=0x000002b740be0c90, length=47, elements={
0x000002b72d207de0, 0x000002b72d208520, 0x000002b740a11350, 0x000002b740a11e80,
0x000002b740a14dc0, 0x000002b740a17900, 0x000002b740a27530, 0x000002b740b98120,
0x000002b7861193a0, 0x000002b78611d360, 0x000002b78678f520, 0x000002b7867fdba0,
0x000002b78743f230, 0x000002b78743dc40, 0x000002b78743f980, 0x000002b7874400d0,
0x000002b78743cda0, 0x000002b787440820, 0x000002b78743d4f0, 0x000002b787440f70,
0x000002b7874416c0, 0x000002b787441e10, 0x000002b787442560, 0x000002b787442cb0,
0x000002b787443400, 0x000002b786d20640, 0x000002b7884605c0, 0x000002b78845d9e0,
0x000002b78845f720, 0x000002b78845e130, 0x000002b788460d10, 0x000002b78845e880,
0x000002b78845efd0, 0x000002b7886fdb70, 0x000002b7886fd420, 0x000002b7886fccd0,
0x000002b7886fe2c0, 0x000002b7886fea10, 0x000002b7886ff160, 0x000002b7886ff8b0,
0x000002b7887015f0, 0x000002b788702be0, 0x000002b788c68280, 0x000002b788c67360,
0x000002b788c67af0, 0x000002b788c68a10, 0x000002b788702490
}

Java Threads: ( => current thread )
  0x000002b72d207de0 JavaThread "Reference Handler"          daemon [_thread_blocked, id=18792, stack(0x000000cbca500000,0x000000cbca600000) (1024K)]
  0x000002b72d208520 JavaThread "Finalizer"                  daemon [_thread_blocked, id=15712, stack(0x000000cbca600000,0x000000cbca700000) (1024K)]
  0x000002b740a11350 JavaThread "Signal Dispatcher"          daemon [_thread_blocked, id=17572, stack(0x000000cbca700000,0x000000cbca800000) (1024K)]
  0x000002b740a11e80 JavaThread "Attach Listener"            daemon [_thread_blocked, id=34128, stack(0x000000cbca800000,0x000000cbca900000) (1024K)]
  0x000002b740a14dc0 JavaThread "Service Thread"             daemon [_thread_blocked, id=32600, stack(0x000000cbca900000,0x000000cbcaa00000) (1024K)]
  0x000002b740a17900 JavaThread "Monitor Deflation Thread"   daemon [_thread_blocked, id=28840, stack(0x000000cbcaa00000,0x000000cbcab00000) (1024K)]
  0x000002b740a27530 JavaThread "C1 CompilerThread0"         daemon [_thread_blocked, id=3456, stack(0x000000cbcab00000,0x000000cbcac00000) (1024K)]
  0x000002b740b98120 JavaThread "Common-Cleaner"             daemon [_thread_blocked, id=35396, stack(0x000000cbcaf00000,0x000000cbcb000000) (1024K)]
  0x000002b7861193a0 JavaThread "Monitor Ctrl-Break"         daemon [_thread_in_native, id=15112, stack(0x000000cbcb000000,0x000000cbcb100000) (1024K)]
  0x000002b78611d360 JavaThread "Notification Thread"        daemon [_thread_blocked, id=484, stack(0x000000cbcb100000,0x000000cbcb200000) (1024K)]
  0x000002b78678f520 JavaThread "RMI TCP Accept-0"           daemon [_thread_in_native, id=25260, stack(0x000000cbcb200000,0x000000cbcb300000) (1024K)]
  0x000002b7867fdba0 JavaThread "RMI Scheduler(0)"           daemon [_thread_blocked, id=9848, stack(0x000000cbcb400000,0x000000cbcb500000) (1024K)]
  0x000002b78743f230 JavaThread "Jndi-Dns-address-change-listener" daemon [_thread_in_native, id=16172, stack(0x000000cbcc000000,0x000000cbcc100000) (1024K)]
  0x000002b78743dc40 JavaThread "BufferPoolPruner-1-thread-1" daemon [_thread_blocked, id=3160, stack(0x000000cbcc800000,0x000000cbcc900000) (1024K)]
  0x000002b78743f980 JavaThread "cluster-ClusterId{value='69ad11ab9a28333fb54cc41a', description='null'}-ac-j1owew2-shard-00-02.xnzh7mf.mongodb.net:27017" daemon [_thread_in_native, id=18184, stack(0x000000cbcca00000,0x000000cbccb00000) (1024K)]
  0x000002b7874400d0 JavaThread "cluster-ClusterId{value='69ad11ab9a28333fb54cc41a', description='null'}-ac-j1owew2-shard-00-00.xnzh7mf.mongodb.net:27017" daemon [_thread_in_native, id=30896, stack(0x000000cbccb00000,0x000000cbccc00000) (1024K)]
  0x000002b78743cda0 JavaThread "cluster-ClusterId{value='69ad11ab9a28333fb54cc41a', description='null'}-ac-j1owew2-shard-00-01.xnzh7mf.mongodb.net:27017" daemon [_thread_in_native, id=16480, stack(0x000000cbccc00000,0x000000cbccd00000) (1024K)]
  0x000002b787440820 JavaThread "Catalina-utility-1"                [_thread_blocked, id=33168, stack(0x000000cbcce00000,0x000000cbccf00000) (1024K)]
  0x000002b78743d4f0 JavaThread "Catalina-utility-2"                [_thread_blocked, id=27184, stack(0x000000cbccf00000,0x000000cbcd000000) (1024K)]
  0x000002b787440f70 JavaThread "container-0"                       [_thread_blocked, id=23280, stack(0x000000cbcd000000,0x000000cbcd100000) (1024K)]
  0x000002b7874416c0 JavaThread "Live Reload Server"         daemon [_thread_in_native, id=10904, stack(0x000000cbcd200000,0x000000cbcd300000) (1024K)]
  0x000002b787441e10 JavaThread "cluster-rtt-ClusterId{value='69ad11ab9a28333fb54cc41a', description='null'}-ac-j1owew2-shard-00-02.xnzh7mf.mongodb.net:27017" daemon [_thread_blocked, id=23936, stack(0x000000cbcd100000,0x000000cbcd200000) (1024K)]
  0x000002b787442560 JavaThread "cluster-rtt-ClusterId{value='69ad11ab9a28333fb54cc41a', description='null'}-ac-j1owew2-shard-00-01.xnzh7mf.mongodb.net:27017" daemon [_thread_blocked, id=5864, stack(0x000000cbcd300000,0x000000cbcd400000) (1024K)]
  0x000002b787442cb0 JavaThread "cluster-rtt-ClusterId{value='69ad11ab9a28333fb54cc41a', description='null'}-ac-j1owew2-shard-00-00.xnzh7mf.mongodb.net:27017" daemon [_thread_blocked, id=33636, stack(0x000000cbcd400000,0x000000cbcd500000) (1024K)]
  0x000002b787443400 JavaThread "MaintenanceTimer-3-thread-1" daemon [_thread_blocked, id=21152, stack(0x000000cbcd500000,0x000000cbcd600000) (1024K)]
  0x000002b786d20640 JavaThread "MaintenanceTimer-2-thread-1" daemon [_thread_blocked, id=9200, stack(0x000000cbcd600000,0x000000cbcd700000) (1024K)]
  0x000002b7884605c0 JavaThread "MaintenanceTimer-4-thread-1" daemon [_thread_blocked, id=22032, stack(0x000000cbcd700000,0x000000cbcd800000) (1024K)]
  0x000002b78845d9e0 JavaThread "http-nio-8080-exec-1"       daemon [_thread_blocked, id=2412, stack(0x000000cbcd900000,0x000000cbcda00000) (1024K)]
  0x000002b78845f720 JavaThread "http-nio-8080-exec-2"       daemon [_thread_blocked, id=32108, stack(0x000000cbcda00000,0x000000cbcdb00000) (1024K)]
  0x000002b78845e130 JavaThread "http-nio-8080-exec-3"       daemon [_thread_blocked, id=30244, stack(0x000000cbcdb00000,0x000000cbcdc00000) (1024K)]
  0x000002b788460d10 JavaThread "http-nio-8080-exec-4"       daemon [_thread_blocked, id=8536, stack(0x000000cbcdc00000,0x000000cbcdd00000) (1024K)]
  0x000002b78845e880 JavaThread "http-nio-8080-exec-5"       daemon [_thread_blocked, id=5036, stack(0x000000cbcdd00000,0x000000cbcde00000) (1024K)]
  0x000002b78845efd0 JavaThread "http-nio-8080-exec-6"       daemon [_thread_blocked, id=7596, stack(0x000000cbcde00000,0x000000cbcdf00000) (1024K)]
  0x000002b7886fdb70 JavaThread "http-nio-8080-exec-7"       daemon [_thread_blocked, id=25640, stack(0x000000cbcdf00000,0x000000cbce000000) (1024K)]
  0x000002b7886fd420 JavaThread "http-nio-8080-exec-8"       daemon [_thread_blocked, id=35036, stack(0x000000cbce000000,0x000000cbce100000) (1024K)]
  0x000002b7886fccd0 JavaThread "http-nio-8080-exec-9"       daemon [_thread_blocked, id=21208, stack(0x000000cbce100000,0x000000cbce200000) (1024K)]
  0x000002b7886fe2c0 JavaThread "http-nio-8080-exec-10"      daemon [_thread_blocked, id=9284, stack(0x000000cbce200000,0x000000cbce300000) (1024K)]
  0x000002b7886fea10 JavaThread "http-nio-8080-Poller"       daemon [_thread_in_native, id=14144, stack(0x000000cbce300000,0x000000cbce400000) (1024K)]
  0x000002b7886ff160 JavaThread "http-nio-8080-Acceptor"     daemon [_thread_in_native, id=15168, stack(0x000000cbce400000,0x000000cbce500000) (1024K)]
  0x000002b7886ff8b0 JavaThread "DestroyJavaVM"                     [_thread_blocked, id=29240, stack(0x000000cbc9d00000,0x000000cbc9e00000) (1024K)]
  0x000002b7887015f0 JavaThread "RMI TCP Connection(6)-192.168.8.166" daemon [_thread_in_native, id=20360, stack(0x000000cbc9a00000,0x000000cbc9b00000) (1024K)]
  0x000002b788702be0 JavaThread "RMI TCP Connection(8)-192.168.8.166" daemon [_thread_in_native, id=28192, stack(0x000000cbcac00000,0x000000cbcad00000) (1024K)]
  0x000002b788c68280 JavaThread "C1 CompilerThread1"         daemon [_thread_blocked, id=21972, stack(0x000000cbc9b00000,0x000000cbc9c00000) (1024K)]
  0x000002b788c67360 JavaThread "C1 CompilerThread2"         daemon [_thread_blocked, id=15040, stack(0x000000cbc9c00000,0x000000cbc9d00000) (1024K)]
=>0x000002b788c67af0 JavaThread "C1 CompilerThread3"         daemon [_thread_in_native, id=17188, stack(0x000000cbcad00000,0x000000cbcae00000) (1024K)]
  0x000002b788c68a10 JavaThread "C1 CompilerThread4"         daemon [_thread_blocked, id=34340, stack(0x000000cbcae00000,0x000000cbcaf00000) (1024K)]
  0x000002b788702490 JavaThread "Thread-4"                          [_thread_in_vm, id=22600, stack(0x000000cbcb300000,0x000000cbcb400000) (1024K)]
Total: 47

Other Threads:
  0x000002b7409f8550 VMThread "VM Thread"                           [id=14124, stack(0x000000cbca400000,0x000000cbca500000) (1024K)]
  0x000002b7408c0120 WatcherThread "VM Periodic Task Thread"        [id=27904, stack(0x000000cbca300000,0x000000cbca400000) (1024K)]
  0x000002b72f50f660 WorkerThread "GC Thread#0"                     [id=14768, stack(0x000000cbc9e00000,0x000000cbc9f00000) (1024K)]
  0x000002b786e02160 WorkerThread "GC Thread#1"                     [id=13712, stack(0x000000cbcb900000,0x000000cbcba00000) (1024K)]
  0x000002b786e012a0 WorkerThread "GC Thread#2"                     [id=1316, stack(0x000000cbcba00000,0x000000cbcbb00000) (1024K)]
  0x000002b786e02510 WorkerThread "GC Thread#3"                     [id=21808, stack(0x000000cbcbb00000,0x000000cbcbc00000) (1024K)]
  0x000002b786e01db0 WorkerThread "GC Thread#4"                     [id=21544, stack(0x000000cbcbc00000,0x000000cbcbd00000) (1024K)]
  0x000002b786e028c0 WorkerThread "GC Thread#5"                     [id=7324, stack(0x000000cbcbd00000,0x000000cbcbe00000) (1024K)]
  0x000002b786e00ef0 WorkerThread "GC Thread#6"                     [id=3220, stack(0x000000cbcbe00000,0x000000cbcbf00000) (1024K)]
  0x000002b786e01a00 WorkerThread "GC Thread#7"                     [id=21788, stack(0x000000cbcbf00000,0x000000cbcc000000) (1024K)]
  0x000002b786f1a860 WorkerThread "GC Thread#8"                     [id=35604, stack(0x000000cbcc200000,0x000000cbcc300000) (1024K)]
  0x000002b786f1c990 WorkerThread "GC Thread#9"                     [id=17120, stack(0x000000cbcc300000,0x000000cbcc400000) (1024K)]
  0x000002b786f1a4b0 WorkerThread "GC Thread#10"                    [id=34704, stack(0x000000cbcc400000,0x000000cbcc500000) (1024K)]
  0x000002b786f1be80 WorkerThread "GC Thread#11"                    [id=21968, stack(0x000000cbcc500000,0x000000cbcc600000) (1024K)]
  0x000002b786f1ac10 WorkerThread "GC Thread#12"                    [id=4492, stack(0x000000cbcc100000,0x000000cbcc200000) (1024K)]
  0x000002b72f51f030 ConcurrentGCThread "G1 Main Marker"            [id=34484, stack(0x000000cbc9f00000,0x000000cbca000000) (1024K)]
  0x000002b72f51fdd0 WorkerThread "G1 Conc#0"                       [id=9576, stack(0x000000cbca000000,0x000000cbca100000) (1024K)]
  0x000002b786f1c230 WorkerThread "G1 Conc#1"                       [id=2872, stack(0x000000cbcc600000,0x000000cbcc700000) (1024K)]
  0x000002b786f1afc0 WorkerThread "G1 Conc#2"                       [id=22820, stack(0x000000cbcc700000,0x000000cbcc800000) (1024K)]
  0x000002b7408b4720 ConcurrentGCThread "G1 Refine#0"               [id=27436, stack(0x000000cbca100000,0x000000cbca200000) (1024K)]
  0x000002b7408b4f50 ConcurrentGCThread "G1 Service"                [id=2328, stack(0x000000cbca200000,0x000000cbca300000) (1024K)]
Total: 21

Threads with active compile tasks:
C1 CompilerThread3  20636702 15218       1       jdk.internal.classfile.impl.StackMapGenerator::processBlock (2767 bytes)
Total: 1

VM state: not at safepoint (normal execution)

VM Mutex/Monitor currently owned by a thread: None

Heap address: 0x000000008ac00000, size: 1876 MB, Compressed Oops mode: 32-bit

CDS archive(s) mapped at: [0x000002b741000000-0x000002b741d40000-0x000002b741d40000), size 13893632, SharedBaseAddress: 0x000002b741000000, ArchiveRelocationMode: 1.
Compressed class space mapped at: 0x000002b742000000-0x000002b782000000, reserved size: 1073741824
UseCompressedClassPointers 1, UseCompactObjectHeaders 0
Narrow klass pointer bits 32, Max shift 3
Narrow klass base: 0x000002b741000000, Narrow klass shift: 0
Encoding Range: [0x000002b741000000 - 0x000002b841000000), (4294967296 bytes)
Klass Range:    [0x000002b741000000 - 0x000002b782000000), (1090519040 bytes)
Klass ID Range:  [8 - 1090519033) (1090519025)

GC Precious Log:
 CardTable entry size: 512
 Card Set container configuration: InlinePtr #cards 5 size 8 Array Of Cards #cards 10 size 36 Howl #buckets 4 coarsen threshold 1843 Howl Bitmap #cards 512 size 80 coarsen threshold 460 Card regions per heap region 1 cards per card region 2048
 CPUs: 16 total, 16 available
 Memory: 7501M
 Large Page Support: Disabled
 NUMA Support: Disabled
 Compressed Oops: Enabled (32-bit)
 Heap Region Size: 1M
 Heap Min Capacity: 8M
 Heap Initial Capacity: 118M
 Heap Max Capacity: 1876M
 Pre-touch: Disabled
 Parallel Workers: 13
 Concurrent Workers: 3
 Concurrent Refinement Workers: 13
 Periodic GC: Disabled

Heap:
 garbage-first heap   total reserved 1921024K, committed 99328K, used 36715K [0x000000008ac00000, 0x0000000100000000)
  region size 1024K, 10 young (10240K), 1 survivors (1024K)
 Metaspace       used 57947K, committed 58624K, reserved 1114112K
  class space    used 7053K, committed 7360K, reserved 1048576K

Heap Regions: E=young(eden), S=young(survivor), O=old, HS=humongous(starts), HC=humongous(continues), CS=collection set, F=free, TAMS=top-at-mark-start, PB=parsable bottom
|   0|0x000000008ac00000, 0x000000008ad00000, 0x000000008ad00000|100%| O|  |TAMS 0x000000008ac00000| PB 0x000000008ac00000| Untracked |  0
|   1|0x000000008ad00000, 0x000000008ae00000, 0x000000008ae00000|100%| O|  |TAMS 0x000000008ad00000| PB 0x000000008ad00000| Untracked |  0
|   2|0x000000008ae00000, 0x000000008af00000, 0x000000008af00000|100%| O|  |TAMS 0x000000008ae00000| PB 0x000000008ae00000| Untracked |  0
|   3|0x000000008af00000, 0x000000008b000000, 0x000000008b000000|100%| O|  |TAMS 0x000000008af00000| PB 0x000000008af00000| Untracked |  0
|   4|0x000000008b000000, 0x000000008b100000, 0x000000008b100000|100%| O|  |TAMS 0x000000008b000000| PB 0x000000008b000000| Untracked |  0
|   5|0x000000008b100000, 0x000000008b200000, 0x000000008b200000|100%| O|  |TAMS 0x000000008b100000| PB 0x000000008b100000| Untracked |  0
|   6|0x000000008b200000, 0x000000008b200000, 0x000000008b300000|  0%| F|  |TAMS 0x000000008b200000| PB 0x000000008b200000| Untracked |  0
|   7|0x000000008b300000, 0x000000008b400000, 0x000000008b400000|100%| O|  |TAMS 0x000000008b300000| PB 0x000000008b300000| Untracked |  0
|   8|0x000000008b400000, 0x000000008b500000, 0x000000008b500000|100%| O|  |TAMS 0x000000008b400000| PB 0x000000008b400000| Untracked |  0
|   9|0x000000008b500000, 0x000000008b600000, 0x000000008b600000|100%| O|  |TAMS 0x000000008b500000| PB 0x000000008b500000| Untracked |  0
|  10|0x000000008b600000, 0x000000008b700000, 0x000000008b700000|100%| O|  |TAMS 0x000000008b600000| PB 0x000000008b600000| Untracked |  0
|  11|0x000000008b700000, 0x000000008b800000, 0x000000008b800000|100%| O|  |TAMS 0x000000008b700000| PB 0x000000008b700000| Untracked |  0
|  12|0x000000008b800000, 0x000000008b900000, 0x000000008b900000|100%| O|  |TAMS 0x000000008b800000| PB 0x000000008b800000| Untracked |  0
|  13|0x000000008b900000, 0x000000008ba00000, 0x000000008ba00000|100%| O|  |TAMS 0x000000008b900000| PB 0x000000008b900000| Untracked |  0
|  14|0x000000008ba00000, 0x000000008bb00000, 0x000000008bb00000|100%| O|  |TAMS 0x000000008ba00000| PB 0x000000008ba00000| Untracked |  0
|  15|0x000000008bb00000, 0x000000008bc00000, 0x000000008bc00000|100%| O|  |TAMS 0x000000008bb00000| PB 0x000000008bb00000| Untracked |  0
|  16|0x000000008bc00000, 0x000000008bd00000, 0x000000008bd00000|100%| O|  |TAMS 0x000000008bc00000| PB 0x000000008bc00000| Untracked |  0
|  17|0x000000008bd00000, 0x000000008be00000, 0x000000008be00000|100%| O|  |TAMS 0x000000008bd00000| PB 0x000000008bd00000| Untracked |  0
|  18|0x000000008be00000, 0x000000008bed2418, 0x000000008bf00000| 82%| O|  |TAMS 0x000000008be00000| PB 0x000000008be00000| Untracked |  0
|  19|0x000000008bf00000, 0x000000008c000000, 0x000000008c000000|100%| O|  |TAMS 0x000000008bf00000| PB 0x000000008bf00000| Untracked |  0
|  20|0x000000008c000000, 0x000000008c100000, 0x000000008c100000|100%| O|  |TAMS 0x000000008c000000| PB 0x000000008c000000| Untracked |  0
|  21|0x000000008c100000, 0x000000008c100000, 0x000000008c200000|  0%| F|  |TAMS 0x000000008c100000| PB 0x000000008c100000| Untracked |  0
|  22|0x000000008c200000, 0x000000008c300000, 0x000000008c300000|100%| O|  |TAMS 0x000000008c200000| PB 0x000000008c200000| Untracked |  0
|  23|0x000000008c300000, 0x000000008c400000, 0x000000008c400000|100%| O|  |TAMS 0x000000008c300000| PB 0x000000008c300000| Untracked |  0
|  24|0x000000008c400000, 0x000000008c500000, 0x000000008c500000|100%| O|  |TAMS 0x000000008c400000| PB 0x000000008c400000| Untracked |  0
|  25|0x000000008c500000, 0x000000008c500000, 0x000000008c600000|  0%| F|  |TAMS 0x000000008c500000| PB 0x000000008c500000| Untracked |  0
|  26|0x000000008c600000, 0x000000008c600000, 0x000000008c700000|  0%| F|  |TAMS 0x000000008c600000| PB 0x000000008c600000| Untracked |  0
|  27|0x000000008c700000, 0x000000008c800000, 0x000000008c800000|100%| O|  |TAMS 0x000000008c700000| PB 0x000000008c700000| Untracked |  0
|  28|0x000000008c800000, 0x000000008c900000, 0x000000008c900000|100%| O|  |TAMS 0x000000008c800000| PB 0x000000008c800000| Untracked |  0
|  29|0x000000008c900000, 0x000000008c900000, 0x000000008ca00000|  0%| F|  |TAMS 0x000000008c900000| PB 0x000000008c900000| Untracked |  0
|  30|0x000000008ca00000, 0x000000008ca00000, 0x000000008cb00000|  0%| F|  |TAMS 0x000000008ca00000| PB 0x000000008ca00000| Untracked |  0
|  31|0x000000008cb00000, 0x000000008cb00000, 0x000000008cc00000|  0%| F|  |TAMS 0x000000008cb00000| PB 0x000000008cb00000| Untracked |  0
|  32|0x000000008cc00000, 0x000000008cc00000, 0x000000008cd00000|  0%| F|  |TAMS 0x000000008cc00000| PB 0x000000008cc00000| Untracked |  0
|  33|0x000000008cd00000, 0x000000008ce00000, 0x000000008ce00000|100%| O|  |TAMS 0x000000008cd00000| PB 0x000000008cd00000| Untracked |  0
|  34|0x000000008ce00000, 0x000000008cf00000, 0x000000008cf00000|100%| O|  |TAMS 0x000000008ce00000| PB 0x000000008ce00000| Untracked |  0
|  35|0x000000008cf00000, 0x000000008cf00000, 0x000000008d000000|  0%| F|  |TAMS 0x000000008cf00000| PB 0x000000008cf00000| Untracked |  0
|  36|0x000000008d000000, 0x000000008d000000, 0x000000008d100000|  0%| F|  |TAMS 0x000000008d000000| PB 0x000000008d000000| Untracked |  0
|  37|0x000000008d100000, 0x000000008d100000, 0x000000008d200000|  0%| F|  |TAMS 0x000000008d100000| PB 0x000000008d100000| Untracked |  0
|  38|0x000000008d200000, 0x000000008d200000, 0x000000008d300000|  0%| F|  |TAMS 0x000000008d200000| PB 0x000000008d200000| Untracked |  0
|  39|0x000000008d300000, 0x000000008d300000, 0x000000008d400000|  0%| F|  |TAMS 0x000000008d300000| PB 0x000000008d300000| Untracked |  0
|  40|0x000000008d400000, 0x000000008d400000, 0x000000008d500000|  0%| F|  |TAMS 0x000000008d400000| PB 0x000000008d400000| Untracked |  0
|  41|0x000000008d500000, 0x000000008d500000, 0x000000008d600000|  0%| F|  |TAMS 0x000000008d500000| PB 0x000000008d500000| Untracked |  0
|  42|0x000000008d600000, 0x000000008d600000, 0x000000008d700000|  0%| F|  |TAMS 0x000000008d600000| PB 0x000000008d600000| Untracked |  0
|  43|0x000000008d700000, 0x000000008d700000, 0x000000008d800000|  0%| F|  |TAMS 0x000000008d700000| PB 0x000000008d700000| Untracked |  0
|  44|0x000000008d800000, 0x000000008d800000, 0x000000008d900000|  0%| F|  |TAMS 0x000000008d800000| PB 0x000000008d800000| Untracked |  0
|  45|0x000000008d900000, 0x000000008d900000, 0x000000008da00000|  0%| F|  |TAMS 0x000000008d900000| PB 0x000000008d900000| Untracked |  0
|  46|0x000000008da00000, 0x000000008da08910, 0x000000008db00000|  3%| S|CS|TAMS 0x000000008da00000| PB 0x000000008da00000| Complete |  0
|  47|0x000000008db00000, 0x000000008db00000, 0x000000008dc00000|  0%| F|  |TAMS 0x000000008db00000| PB 0x000000008db00000| Untracked |  0
|  48|0x000000008dc00000, 0x000000008dc00000, 0x000000008dd00000|  0%| F|  |TAMS 0x000000008dc00000| PB 0x000000008dc00000| Untracked |  0
|  49|0x000000008dd00000, 0x000000008dd00000, 0x000000008de00000|  0%| F|  |TAMS 0x000000008dd00000| PB 0x000000008dd00000| Untracked |  0
|  50|0x000000008de00000, 0x000000008de00000, 0x000000008df00000|  0%| F|  |TAMS 0x000000008de00000| PB 0x000000008de00000| Untracked |  0
|  51|0x000000008df00000, 0x000000008df00000, 0x000000008e000000|  0%| F|  |TAMS 0x000000008df00000| PB 0x000000008df00000| Untracked |  0
|  52|0x000000008e000000, 0x000000008e000000, 0x000000008e100000|  0%| F|  |TAMS 0x000000008e000000| PB 0x000000008e000000| Untracked |  0
|  53|0x000000008e100000, 0x000000008e100000, 0x000000008e200000|  0%| F|  |TAMS 0x000000008e100000| PB 0x000000008e100000| Untracked |  0
|  54|0x000000008e200000, 0x000000008e200000, 0x000000008e300000|  0%| F|  |TAMS 0x000000008e200000| PB 0x000000008e200000| Untracked |  0
|  55|0x000000008e300000, 0x000000008e300000, 0x000000008e400000|  0%| F|  |TAMS 0x000000008e300000| PB 0x000000008e300000| Untracked |  0
|  56|0x000000008e400000, 0x000000008e400000, 0x000000008e500000|  0%| F|  |TAMS 0x000000008e400000| PB 0x000000008e400000| Untracked |  0
|  57|0x000000008e500000, 0x000000008e500000, 0x000000008e600000|  0%| F|  |TAMS 0x000000008e500000| PB 0x000000008e500000| Untracked |  0
|  58|0x000000008e600000, 0x000000008e600000, 0x000000008e700000|  0%| F|  |TAMS 0x000000008e600000| PB 0x000000008e600000| Untracked |  0
|  59|0x000000008e700000, 0x000000008e700000, 0x000000008e800000|  0%| F|  |TAMS 0x000000008e700000| PB 0x000000008e700000| Untracked |  0
|  60|0x000000008e800000, 0x000000008e800000, 0x000000008e900000|  0%| F|  |TAMS 0x000000008e800000| PB 0x000000008e800000| Untracked |  0
|  61|0x000000008e900000, 0x000000008e900000, 0x000000008ea00000|  0%| F|  |TAMS 0x000000008e900000| PB 0x000000008e900000| Untracked |  0
|  62|0x000000008ea00000, 0x000000008ea00000, 0x000000008eb00000|  0%| F|  |TAMS 0x000000008ea00000| PB 0x000000008ea00000| Untracked |  0
|  63|0x000000008eb00000, 0x000000008eb00000, 0x000000008ec00000|  0%| F|  |TAMS 0x000000008eb00000| PB 0x000000008eb00000| Untracked |  0
|  64|0x000000008ec00000, 0x000000008ec00000, 0x000000008ed00000|  0%| F|  |TAMS 0x000000008ec00000| PB 0x000000008ec00000| Untracked |  0
|  65|0x000000008ed00000, 0x000000008ed00000, 0x000000008ee00000|  0%| F|  |TAMS 0x000000008ed00000| PB 0x000000008ed00000| Untracked |  0
|  66|0x000000008ee00000, 0x000000008ee00000, 0x000000008ef00000|  0%| F|  |TAMS 0x000000008ee00000| PB 0x000000008ee00000| Untracked |  0
|  67|0x000000008ef00000, 0x000000008ef00000, 0x000000008f000000|  0%| F|  |TAMS 0x000000008ef00000| PB 0x000000008ef00000| Untracked |  0
|  68|0x000000008f000000, 0x000000008f000000, 0x000000008f100000|  0%| F|  |TAMS 0x000000008f000000| PB 0x000000008f000000| Untracked |  0
|  69|0x000000008f100000, 0x000000008f100000, 0x000000008f200000|  0%| F|  |TAMS 0x000000008f100000| PB 0x000000008f100000| Untracked |  0
|  70|0x000000008f200000, 0x000000008f200000, 0x000000008f300000|  0%| F|  |TAMS 0x000000008f200000| PB 0x000000008f200000| Untracked |  0
|  71|0x000000008f300000, 0x000000008f300000, 0x000000008f400000|  0%| F|  |TAMS 0x000000008f300000| PB 0x000000008f300000| Untracked |  0
|  72|0x000000008f400000, 0x000000008f400000, 0x000000008f500000|  0%| F|  |TAMS 0x000000008f400000| PB 0x000000008f400000| Untracked |  0
|  73|0x000000008f500000, 0x000000008f500000, 0x000000008f600000|  0%| F|  |TAMS 0x000000008f500000| PB 0x000000008f500000| Untracked |  0
|  74|0x000000008f600000, 0x000000008f600000, 0x000000008f700000|  0%| F|  |TAMS 0x000000008f600000| PB 0x000000008f600000| Untracked |  0
|  75|0x000000008f700000, 0x000000008f700000, 0x000000008f800000|  0%| F|  |TAMS 0x000000008f700000| PB 0x000000008f700000| Untracked |  0
|  76|0x000000008f800000, 0x000000008f800000, 0x000000008f900000|  0%| F|  |TAMS 0x000000008f800000| PB 0x000000008f800000| Untracked |  0
|  77|0x000000008f900000, 0x000000008f900000, 0x000000008fa00000|  0%| F|  |TAMS 0x000000008f900000| PB 0x000000008f900000| Untracked |  0
|  78|0x000000008fa00000, 0x000000008fa00000, 0x000000008fb00000|  0%| F|  |TAMS 0x000000008fa00000| PB 0x000000008fa00000| Untracked |  0
|  79|0x000000008fb00000, 0x000000008fb00000, 0x000000008fc00000|  0%| F|  |TAMS 0x000000008fb00000| PB 0x000000008fb00000| Untracked |  0
|  80|0x000000008fc00000, 0x000000008fc00000, 0x000000008fd00000|  0%| F|  |TAMS 0x000000008fc00000| PB 0x000000008fc00000| Untracked |  0
|  81|0x000000008fd00000, 0x000000008fd00000, 0x000000008fe00000|  0%| F|  |TAMS 0x000000008fd00000| PB 0x000000008fd00000| Untracked |  0
|  82|0x000000008fe00000, 0x000000008fe00000, 0x000000008ff00000|  0%| F|  |TAMS 0x000000008fe00000| PB 0x000000008fe00000| Untracked |  0
|  83|0x000000008ff00000, 0x000000008ff00000, 0x0000000090000000|  0%| F|  |TAMS 0x000000008ff00000| PB 0x000000008ff00000| Untracked |  0
|  84|0x0000000090000000, 0x0000000090000000, 0x0000000090100000|  0%| F|  |TAMS 0x0000000090000000| PB 0x0000000090000000| Untracked |  0
|  85|0x0000000090100000, 0x0000000090100000, 0x0000000090200000|  0%| F|  |TAMS 0x0000000090100000| PB 0x0000000090100000| Untracked |  0
|  86|0x0000000090200000, 0x0000000090200000, 0x0000000090300000|  0%| F|  |TAMS 0x0000000090200000| PB 0x0000000090200000| Untracked |  0
|  87|0x0000000090300000, 0x00000000903f45c0, 0x0000000090400000| 95%| E|  |TAMS 0x0000000090300000| PB 0x0000000090300000| Complete |  0
|  88|0x0000000090400000, 0x0000000090500000, 0x0000000090500000|100%| E|CS|TAMS 0x0000000090400000| PB 0x0000000090400000| Complete |  0
|  89|0x0000000090500000, 0x0000000090600000, 0x0000000090600000|100%| E|CS|TAMS 0x0000000090500000| PB 0x0000000090500000| Complete |  0
|  90|0x0000000090600000, 0x0000000090700000, 0x0000000090700000|100%| E|CS|TAMS 0x0000000090600000| PB 0x0000000090600000| Complete |  0
|  91|0x0000000090700000, 0x0000000090800000, 0x0000000090800000|100%| E|CS|TAMS 0x0000000090700000| PB 0x0000000090700000| Complete |  0
|  92|0x0000000090800000, 0x0000000090900000, 0x0000000090900000|100%| E|CS|TAMS 0x0000000090800000| PB 0x0000000090800000| Complete |  0
|  93|0x0000000090900000, 0x0000000090a00000, 0x0000000090a00000|100%| E|CS|TAMS 0x0000000090900000| PB 0x0000000090900000| Complete |  0
| 117|0x0000000092100000, 0x0000000092200000, 0x0000000092200000|100%| E|CS|TAMS 0x0000000092100000| PB 0x0000000092100000| Complete |  0
|1874|0x00000000ffe00000, 0x00000000fff00000, 0x00000000fff00000|100%| O|  |TAMS 0x00000000ffe00000| PB 0x00000000ffe00000| Untracked |  0
|1875|0x00000000fff00000, 0x0000000100000000, 0x0000000100000000|100%| E|CS|TAMS 0x00000000fff00000| PB 0x00000000fff00000| Complete |  0

Card table byte_map: [0x000002b73b970000,0x000002b73bd20000] _byte_map_base: 0x000002b73b51a000

Marking Bits: (CMBitMap*) 0x000002b72f50fc80
 Bits: [0x000002b73bd20000, 0x000002b73da70000)

Polling page: 0x000002b72d580000

Metaspace:

Usage:
  Non-class:     49.70 MB used.
      Class:      6.89 MB used.
       Both:     56.59 MB used.

Virtual space:
  Non-class space:       64.00 MB reserved,      50.06 MB ( 78%) committed,  1 nodes.
      Class space:        1.00 GB reserved,       7.19 MB ( <1%) committed,  1 nodes.
             Both:        1.06 GB reserved,      57.25 MB (  5%) committed. 

Chunk freelists:
   Non-Class:  13.84 MB
       Class:  8.75 MB
        Both:  22.59 MB

MaxMetaspaceSize: unlimited
CompressedClassSpaceSize: 1.00 GB
Initial GC threshold: 21.00 MB
Current GC threshold: 95.44 MB
CDS: on
 - commit_granule_bytes: 65536.
 - commit_granule_words: 8192.
 - virtual_space_node_default_size: 8388608.
 - enlarge_chunks_in_place: 1.
UseCompressedClassPointers 1, UseCompactObjectHeaders 0
Narrow klass pointer bits 32, Max shift 3
Narrow klass base: 0x000002b741000000, Narrow klass shift: 0
Encoding Range: [0x000002b741000000 - 0x000002b841000000), (4294967296 bytes)
Klass Range:    [0x000002b741000000 - 0x000002b782000000), (1090519040 bytes)
Klass ID Range:  [8 - 1090519033) (1090519025)


Internal statistics:

num_allocs_failed_limit: 6.
num_arena_births: 1294.
num_arena_deaths: 378.
num_vsnodes_births: 2.
num_vsnodes_deaths: 0.
num_space_committed: 916.
num_space_uncommitted: 0.
num_chunks_returned_to_freelist: 431.
num_chunks_taken_from_freelist: 3418.
num_chunk_merges: 96.
num_chunk_splits: 2213.
num_chunks_enlarged: 1666.
num_inconsistent_stats: 0.

CodeCache: size=49152Kb used=6229Kb max_used=19248Kb free=42922Kb
 bounds [0x000002b737d40000, 0x000002b739010000, 0x000002b73ad40000]
 total_blobs=2641, nmethods=1929, adapters=632, full_count=0
Compilation: enabled, stopped_count=0, restarted_count=0

Compilation events (20 events):
Event: 20634.298 Thread 0x000002b740a27530 15214       1       jdk.internal.classfile.impl.AbstractAttributeMapper::allowMultiple (5 bytes)
Event: 20634.298 Thread 0x000002b740a27530 nmethod 15214 0x000002b73822be88 code [0x000002b73822bf80, 0x000002b73822c048]
Event: 20634.299 Thread 0x000002b788c68280 nmethod 15213 0x000002b737ebac08 code [0x000002b737ebadc0, 0x000002b737ebb198]
Event: 20634.299 Thread 0x000002b740a27530 15215       1       jdk.internal.classfile.impl.BufWriterImpl::bytecodeView (12 bytes)
Event: 20634.299 Thread 0x000002b788c67360 15216       1       jdk.internal.classfile.impl.RawBytecodeHelper::of (10 bytes)
Event: 20634.299 Thread 0x000002b788c68280 15217       1       jdk.internal.classfile.impl.RawBytecodeHelper$CodeRange::<init> (15 bytes)
Event: 20634.299 Thread 0x000002b788c67af0 15218       1       jdk.internal.classfile.impl.StackMapGenerator::processBlock (2767 bytes)
Event: 20634.299 Thread 0x000002b788c68a10 15219       1       jdk.internal.classfile.impl.Util::parameterSlots (39 bytes)
Event: 20634.299 Thread 0x000002b740a27530 nmethod 15215 0x000002b738239e08 code [0x000002b738239f20, 0x000002b73823a0a0]
Event: 20634.299 Thread 0x000002b788c67360 nmethod 15216 0x000002b738270188 code [0x000002b7382702a0, 0x000002b7382703f0]
Event: 20634.299 Thread 0x000002b788c68280 nmethod 15217 0x000002b738272888 code [0x000002b7382729a0, 0x000002b738272ab8]
Event: 20634.299 Thread 0x000002b740a27530 15220       1       jdk.internal.classfile.impl.RawBytecodeHelper::isStoreIntoLocal (18 bytes)
Event: 20634.299 Thread 0x000002b788c67360 15221       1       java.lang.constant.ClassDesc::isPrimitive (2 bytes)
Event: 20634.299 Thread 0x000002b740a27530 nmethod 15220 0x000002b738288388 code [0x000002b738288480, 0x000002b738288548]
Event: 20634.299 Thread 0x000002b788c67360 nmethod 15221 0x000002b73828b108 code [0x000002b73828b200, 0x000002b73828b2c8]
Event: 20634.300 Thread 0x000002b788c68a10 nmethod 15219 0x000002b7384b9a88 code [0x000002b7384b9ba0, 0x000002b7384b9d48]
Event: 20634.313 Thread 0x000002b788c68a10 15222       1       java.lang.Character::isUpperCase (9 bytes)
Event: 20634.321 Thread 0x000002b788c67360 15223       1       java.lang.String::format (16 bytes)
Event: 20634.321 Thread 0x000002b740a27530 15224       1       java.util.Formatter::<init> (15 bytes)
Event: 20634.332 Thread 0x000002b788c68280 15225       1       ch.qos.logback.core.util.COWArrayList::isFresh (8 bytes)

GC Heap History (20 events):
Event: 19440.994 GC heap before
{Heap before GC invocations=144 (full 0):
 garbage-first heap   total reserved 1921024K, committed 99328K, used 31626K [0x000000008ac00000, 0x0000000100000000)
  region size 1024K, 4 young (4096K), 1 survivors (1024K)
 Metaspace       used 57912K, committed 58624K, reserved 1114112K
  class space    used 7044K, committed 7360K, reserved 1048576K
}
Event: 19441.121 GC heap after
{Heap after GC invocations=145 (full 0):
 garbage-first heap   total reserved 1921024K, committed 99328K, used 28560K [0x000000008ac00000, 0x0000000100000000)
  region size 1024K, 1 young (1024K), 1 survivors (1024K)
 Metaspace       used 57912K, committed 58624K, reserved 1114112K
  class space    used 7044K, committed 7360K, reserved 1048576K
}
Event: 19467.324 GC heap before
{Heap before GC invocations=146 (full 0):
 garbage-first heap   total reserved 1921024K, committed 99328K, used 31632K [0x000000008ac00000, 0x0000000100000000)
  region size 1024K, 4 young (4096K), 1 survivors (1024K)
 Metaspace       used 57912K, committed 58624K, reserved 1114112K
  class space    used 7044K, committed 7360K, reserved 1048576K
}
Event: 19467.326 GC heap after
{Heap after GC invocations=147 (full 0):
 garbage-first heap   total reserved 1921024K, committed 99328K, used 28538K [0x000000008ac00000, 0x0000000100000000)
  region size 1024K, 1 young (1024K), 1 survivors (1024K)
 Metaspace       used 57912K, committed 58624K, reserved 1114112K
  class space    used 7044K, committed 7360K, reserved 1048576K
}
Event: 19491.845 GC heap before
{Heap before GC invocations=147 (full 0):
 garbage-first heap   total reserved 1921024K, committed 99328K, used 31610K [0x000000008ac00000, 0x0000000100000000)
  region size 1024K, 4 young (4096K), 1 survivors (1024K)
 Metaspace       used 57912K, committed 58624K, reserved 1114112K
  class space    used 7044K, committed 7360K, reserved 1048576K
}
Event: 19491.850 GC heap after
{Heap after GC invocations=148 (full 0):
 garbage-first heap   total reserved 1921024K, committed 99328K, used 28533K [0x000000008ac00000, 0x0000000100000000)
  region size 1024K, 1 young (1024K), 1 survivors (1024K)
 Metaspace       used 57912K, committed 58624K, reserved 1114112K
  class space    used 7044K, committed 7360K, reserved 1048576K
}
Event: 19518.186 GC heap before
{Heap before GC invocations=148 (full 0):
 garbage-first heap   total reserved 1921024K, committed 99328K, used 31605K [0x000000008ac00000, 0x0000000100000000)
  region size 1024K, 4 young (4096K), 1 survivors (1024K)
 Metaspace       used 57912K, committed 58624K, reserved 1114112K
  class space    used 7044K, committed 7360K, reserved 1048576K
}
Event: 19518.189 GC heap after
{Heap after GC invocations=149 (full 0):
 garbage-first heap   total reserved 1921024K, committed 99328K, used 28525K [0x000000008ac00000, 0x0000000100000000)
  region size 1024K, 1 young (1024K), 1 survivors (1024K)
 Metaspace       used 57912K, committed 58624K, reserved 1114112K
  class space    used 7044K, committed 7360K, reserved 1048576K
}
Event: 19543.584 GC heap before
{Heap before GC invocations=150 (full 0):
 garbage-first heap   total reserved 1921024K, committed 99328K, used 31597K [0x000000008ac00000, 0x0000000100000000)
  region size 1024K, 4 young (4096K), 1 survivors (1024K)
 Metaspace       used 57912K, committed 58624K, reserved 1114112K
  class space    used 7044K, committed 7360K, reserved 1048576K
}
Event: 19543.595 GC heap after
{Heap after GC invocations=151 (full 0):
 garbage-first heap   total reserved 1921024K, committed 99328K, used 28517K [0x000000008ac00000, 0x0000000100000000)
  region size 1024K, 1 young (1024K), 1 survivors (1024K)
 Metaspace       used 57912K, committed 58624K, reserved 1114112K
  class space    used 7044K, committed 7360K, reserved 1048576K
}
Event: 19569.024 GC heap before
{Heap before GC invocations=151 (full 0):
 garbage-first heap   total reserved 1921024K, committed 99328K, used 31589K [0x000000008ac00000, 0x0000000100000000)
  region size 1024K, 4 young (4096K), 1 survivors (1024K)
 Metaspace       used 57912K, committed 58624K, reserved 1114112K
  class space    used 7044K, committed 7360K, reserved 1048576K
}
Event: 19569.044 GC heap after
{Heap after GC invocations=152 (full 0):
 garbage-first heap   total reserved 1921024K, committed 99328K, used 28549K [0x000000008ac00000, 0x0000000100000000)
  region size 1024K, 1 young (1024K), 1 survivors (1024K)
 Metaspace       used 57912K, committed 58624K, reserved 1114112K
  class space    used 7044K, committed 7360K, reserved 1048576K
}
Event: 19594.430 GC heap before
{Heap before GC invocations=153 (full 0):
 garbage-first heap   total reserved 1921024K, committed 99328K, used 31621K [0x000000008ac00000, 0x0000000100000000)
  region size 1024K, 4 young (4096K), 1 survivors (1024K)
 Metaspace       used 57912K, committed 58624K, reserved 1114112K
  class space    used 7044K, committed 7360K, reserved 1048576K
}
Event: 19594.432 GC heap after
{Heap after GC invocations=154 (full 0):
 garbage-first heap   total reserved 1921024K, committed 99328K, used 28521K [0x000000008ac00000, 0x0000000100000000)
  region size 1024K, 1 young (1024K), 1 survivors (1024K)
 Metaspace       used 57912K, committed 58624K, reserved 1114112K
  class space    used 7044K, committed 7360K, reserved 1048576K
}
Event: 19623.047 GC heap before
{Heap before GC invocations=154 (full 0):
 garbage-first heap   total reserved 1921024K, committed 99328K, used 31593K [0x000000008ac00000, 0x0000000100000000)
  region size 1024K, 4 young (4096K), 1 survivors (1024K)
 Metaspace       used 57912K, committed 58624K, reserved 1114112K
  class space    used 7044K, committed 7360K, reserved 1048576K
}
Event: 19623.078 GC heap after
{Heap after GC invocations=155 (full 0):
 garbage-first heap   total reserved 1921024K, committed 99328K, used 28557K [0x000000008ac00000, 0x0000000100000000)
  region size 1024K, 1 young (1024K), 1 survivors (1024K)
 Metaspace       used 57912K, committed 58624K, reserved 1114112K
  class space    used 7044K, committed 7360K, reserved 1048576K
}
Event: 20120.533 GC heap before
{Heap before GC invocations=155 (full 0):
 garbage-first heap   total reserved 1921024K, committed 99328K, used 86925K [0x000000008ac00000, 0x0000000100000000)
  region size 1024K, 58 young (59392K), 1 survivors (1024K)
 Metaspace       used 57912K, committed 58624K, reserved 1114112K
  class space    used 7044K, committed 7360K, reserved 1048576K
}
Event: 20120.677 GC heap after
{Heap after GC invocations=156 (full 0):
 garbage-first heap   total reserved 1921024K, committed 99328K, used 28546K [0x000000008ac00000, 0x0000000100000000)
  region size 1024K, 1 young (1024K), 1 survivors (1024K)
 Metaspace       used 57912K, committed 58624K, reserved 1114112K
  class space    used 7044K, committed 7360K, reserved 1048576K
}
Event: 20560.382 GC heap before
{Heap before GC invocations=157 (full 0):
 garbage-first heap   total reserved 1921024K, committed 99328K, used 78722K [0x000000008ac00000, 0x0000000100000000)
  region size 1024K, 50 young (51200K), 1 survivors (1024K)
 Metaspace       used 57912K, committed 58624K, reserved 1114112K
  class space    used 7044K, committed 7360K, reserved 1048576K
}
Event: 20560.477 GC heap after
{Heap after GC invocations=158 (full 0):
 garbage-first heap   total reserved 1921024K, committed 99328K, used 28523K [0x000000008ac00000, 0x0000000100000000)
  region size 1024K, 1 young (1024K), 1 survivors (1024K)
 Metaspace       used 57912K, committed 58624K, reserved 1114112K
  class space    used 7044K, committed 7360K, reserved 1048576K
}

Dll operation events (13 events):
Event: 2.949 Loaded shared library C:\Users\USER\.jdks\openjdk-24.0.1\bin\java.dll
Event: 3.454 Loaded shared library C:\Users\USER\.jdks\openjdk-24.0.1\bin\zip.dll
Event: 3.463 Loaded shared library C:\Users\USER\.jdks\openjdk-24.0.1\bin\instrument.dll
Event: 3.480 Loaded shared library C:\Users\USER\.jdks\openjdk-24.0.1\bin\net.dll
Event: 3.486 Loaded shared library C:\Users\USER\.jdks\openjdk-24.0.1\bin\nio.dll
Event: 3.494 Loaded shared library C:\Users\USER\.jdks\openjdk-24.0.1\bin\zip.dll
Event: 3.797 Loaded shared library C:\Program Files\JetBrains\IntelliJ IDEA 2024.3\bin\breakgen64.dll
Event: 3.817 Loaded shared library C:\Users\USER\.jdks\openjdk-24.0.1\bin\jimage.dll
Event: 3.827 Loaded shared library C:\Users\USER\.jdks\openjdk-24.0.1\bin\extnet.dll
Event: 3.890 Loaded shared library C:\Users\USER\.jdks\openjdk-24.0.1\bin\management.dll
Event: 3.931 Loaded shared library C:\Users\USER\.jdks\openjdk-24.0.1\bin\management_ext.dll
Event: 9.924 Loaded shared library C:\Users\USER\.jdks\openjdk-24.0.1\bin\sunmscapi.dll
Event: 12.192 Loaded shared library C:\Users\USER\.jdks\openjdk-24.0.1\bin\verify.dll

Deoptimization events (10 events):
Event: 16.350 Thread 0x000002b786d1fef0 DEOPT PACKING pc=0x000002b7386de47c sp=0x000000cbcb8fc050
Event: 16.350 Thread 0x000002b786d1fef0 DEOPT UNPACKING pc=0x000002b737d95722 sp=0x000000cbcb8fb480 mode 0
Event: 237.050 Thread 0x000002b78845efd0 DEOPT PACKING pc=0x000002b738b1a974 sp=0x000000cbcdefb050
Event: 237.050 Thread 0x000002b78845efd0 DEOPT UNPACKING pc=0x000002b737d95722 sp=0x000000cbcdefa558 mode 0
Event: 348.702 Thread 0x000002b7886fdb70 DEOPT PACKING pc=0x000002b738be3624 sp=0x000000cbcdff8a20
Event: 348.703 Thread 0x000002b7886fdb70 DEOPT UNPACKING pc=0x000002b737d95722 sp=0x000000cbcdff7f90 mode 0
Event: 348.754 Thread 0x000002b78845e130 DEOPT PACKING pc=0x000002b738be3624 sp=0x000000cbcdbfa820
Event: 348.754 Thread 0x000002b78845e130 DEOPT UNPACKING pc=0x000002b737d95722 sp=0x000000cbcdbf9d90 mode 0
Event: 492.538 Thread 0x000002b78845d9e0 DEOPT PACKING pc=0x000002b737ee976c sp=0x000000cbcd9f8f90
Event: 492.538 Thread 0x000002b78845d9e0 DEOPT UNPACKING pc=0x000002b737d95722 sp=0x000000cbcd9f8430 mode 0

Classes loaded (20 events):
Event: 347.006 Loading class java/util/stream/ReduceOps$13ReducingSink
Event: 347.007 Loading class java/util/stream/Sink$OfDouble
Event: 347.007 Loading class java/util/stream/Sink$OfDouble done
Event: 347.008 Loading class java/util/stream/ReduceOps$13ReducingSink done
Event: 347.008 Loading class java/util/stream/ReferencePipeline$6$1
Event: 347.010 Loading class java/util/stream/ReferencePipeline$6$1 done
Event: 348.607 Loading class java/util/function/LongUnaryOperator
Event: 348.607 Loading class java/util/function/LongUnaryOperator done
Event: 492.515 Loading class java/util/Formatter$FormatSpecifierParser
Event: 492.521 Loading class java/util/Formatter$FormatSpecifierParser done
Event: 492.523 Loading class jdk/internal/math/FormattedFPDecimal
Event: 492.525 Loading class jdk/internal/math/FormattedFPDecimal done
Event: 3071.244 Loading class sun/net/ConnectionResetException
Event: 3071.371 Loading class sun/net/ConnectionResetException done
Event: 3072.465 Loading class java/nio/channels/ClosedByInterruptException
Event: 3072.475 Loading class java/nio/channels/AsynchronousCloseException
Event: 3072.486 Loading class java/nio/channels/AsynchronousCloseException done
Event: 3072.486 Loading class java/nio/channels/ClosedByInterruptException done
Event: 3080.049 Loading class javax/net/ssl/SSLHandshakeException
Event: 3080.052 Loading class javax/net/ssl/SSLHandshakeException done

Classes unloaded (20 events):
Event: 16678.103 Thread 0x000002b7409f8550 Unloading class 0x000002b74273a400 'java/lang/invoke/LambdaForm$DMH+0x000002b74273a400'
Event: 16678.104 Thread 0x000002b7409f8550 Unloading class 0x000002b7425e8c00 'java/lang/invoke/LambdaForm$MH+0x000002b7425e8c00'
Event: 16678.104 Thread 0x000002b7409f8550 Unloading class 0x000002b742538000 'java/lang/invoke/LambdaForm$MH+0x000002b742538000'
Event: 16678.105 Thread 0x000002b7409f8550 Unloading class 0x000002b742092000 'java/lang/invoke/LambdaForm$MH+0x000002b742092000'
Event: 17162.575 Thread 0x000002b7409f8550 Unloading class 0x000002b742740800 'java/lang/invoke/LambdaForm$DMH+0x000002b742740800'
Event: 17162.575 Thread 0x000002b7409f8550 Unloading class 0x000002b742740400 'java/lang/invoke/LambdaForm$DMH+0x000002b742740400'
Event: 17831.457 Thread 0x000002b7409f8550 Unloading class 0x000002b742743400 'java/lang/invoke/LambdaForm$MH+0x000002b742743400'
Event: 17831.458 Thread 0x000002b7409f8550 Unloading class 0x000002b742743000 'java/lang/invoke/LambdaForm$MH+0x000002b742743000'
Event: 17831.458 Thread 0x000002b7409f8550 Unloading class 0x000002b742742c00 'java/lang/invoke/LambdaForm$MH+0x000002b742742c00'
Event: 17831.459 Thread 0x000002b7409f8550 Unloading class 0x000002b742742800 'java/lang/invoke/LambdaForm$MH+0x000002b742742800'
Event: 17831.459 Thread 0x000002b7409f8550 Unloading class 0x000002b742742400 'java/lang/invoke/LambdaForm$MH+0x000002b742742400'
Event: 17831.459 Thread 0x000002b7409f8550 Unloading class 0x000002b742742000 'java/lang/invoke/LambdaForm$MH+0x000002b742742000'
Event: 17831.459 Thread 0x000002b7409f8550 Unloading class 0x000002b742741c00 'java/lang/invoke/LambdaForm$MH+0x000002b742741c00'
Event: 19000.693 Thread 0x000002b7409f8550 Unloading class 0x000002b742744800 'java/lang/invoke/LambdaForm$MH+0x000002b742744800'
Event: 19000.711 Thread 0x000002b7409f8550 Unloading class 0x000002b742744400 'java/lang/invoke/LambdaForm$MH+0x000002b742744400'
Event: 19000.711 Thread 0x000002b7409f8550 Unloading class 0x000002b742744000 'java/lang/invoke/LambdaForm$MH+0x000002b742744000'
Event: 19000.711 Thread 0x000002b7409f8550 Unloading class 0x000002b742743c00 'java/lang/invoke/LambdaForm$MH+0x000002b742743c00'
Event: 19024.712 Thread 0x000002b7409f8550 Unloading class 0x000002b742745800 'java/lang/invoke/LambdaForm$MH+0x000002b742745800'
Event: 19024.712 Thread 0x000002b7409f8550 Unloading class 0x000002b742745400 'java/lang/invoke/LambdaForm$MH+0x000002b742745400'
Event: 19024.712 Thread 0x000002b7409f8550 Unloading class 0x000002b742745000 'java/lang/invoke/LambdaForm$MH+0x000002b742745000'

Classes redefined (0 events):
No events

Internal exceptions (20 events):
Event: 9724.416 Thread 0x000002b7874400d0 Exception <a 'java/io/IOException'{0x00000000918d7678}: Connection reset by peer> (0x00000000918d7678) 
thrown [s\open\src\hotspot\share\prims\jni.cpp, line 536]
Event: 9725.209 Thread 0x000002b78743cda0 Exception <a 'java/net/UnknownHostException'{0x000000009170ac00}> (0x000000009170ac00) 
thrown [s\open\src\hotspot\share\prims\jni.cpp, line 518]
Event: 9725.209 Thread 0x000002b7874400d0 Exception <a 'java/net/UnknownHostException'{0x0000000091707f70}> (0x0000000091707f70) 
thrown [s\open\src\hotspot\share\prims\jni.cpp, line 518]
Event: 9725.209 Thread 0x000002b78743f980 Exception <a 'java/net/UnknownHostException'{0x0000000091705088}> (0x0000000091705088) 
thrown [s\open\src\hotspot\share\prims\jni.cpp, line 518]
Event: 16516.094 Thread 0x000002b787442560 Exception <a 'java/io/IOException'{0x0000000091605730}: Connection reset by peer> (0x0000000091605730) 
thrown [s\open\src\hotspot\share\prims\jni.cpp, line 536]
Event: 16516.094 Thread 0x000002b787442cb0 Exception <a 'java/io/IOException'{0x0000000091600be8}: Connection reset by peer> (0x0000000091600be8) 
thrown [s\open\src\hotspot\share\prims\jni.cpp, line 536]
Event: 16516.094 Thread 0x000002b787441e10 Exception <a 'java/io/IOException'{0x0000000091602ee0}: Connection reset by peer> (0x0000000091602ee0) 
thrown [s\open\src\hotspot\share\prims\jni.cpp, line 536]
Event: 16516.231 Thread 0x000002b787442560 Exception <a 'java/io/IOException'{0x0000000091606880}: Connection reset by peer> (0x0000000091606880) 
thrown [s\open\src\hotspot\share\prims\jni.cpp, line 536]
Event: 16516.231 Thread 0x000002b787441e10 Exception <a 'java/io/IOException'{0x0000000091604090}: Connection reset by peer> (0x0000000091604090) 
thrown [s\open\src\hotspot\share\prims\jni.cpp, line 536]
Event: 16516.232 Thread 0x000002b787442cb0 Exception <a 'java/io/IOException'{0x0000000091601cf0}: Connection reset by peer> (0x0000000091601cf0) 
thrown [s\open\src\hotspot\share\prims\jni.cpp, line 536]
Event: 16516.267 Thread 0x000002b787442560 Exception <a 'java/io/IOException'{0x0000000091609fb0}: Connection reset by peer> (0x0000000091609fb0) 
thrown [s\open\src\hotspot\share\prims\jni.cpp, line 536]
Event: 16516.267 Thread 0x000002b787441e10 Exception <a 'java/io/IOException'{0x0000000091607898}: Connection reset by peer> (0x0000000091607898) 
thrown [s\open\src\hotspot\share\prims\jni.cpp, line 536]
Event: 16516.267 Thread 0x000002b787442cb0 Exception <a 'java/io/IOException'{0x000000009160c500}: Connection reset by peer> (0x000000009160c500) 
thrown [s\open\src\hotspot\share\prims\jni.cpp, line 536]
Event: 16564.243 Thread 0x000002b788703330 Exception <a 'java/lang/NoSuchMethodError'{0x000000008d7026a8}: static [Ljava/lang/StackTraceElement;.<clinit>()V> (0x000000008d7026a8) 
thrown [s\open\src\hotspot\share\prims\jni.cpp, line 1108]
Event: 16863.986 Thread 0x000002b788700750 Exception <a 'java/lang/NoSuchMethodError'{0x000000008d37d1e0}: static [B.<clinit>()V> (0x000000008d37d1e0) 
thrown [s\open\src\hotspot\share\prims\jni.cpp, line 1108]
Event: 17163.614 Thread 0x000002b788701d40 Exception <a 'java/lang/NoSuchMethodError'{0x00000000fff86ee0}: static [B.<clinit>()V> (0x00000000fff86ee0) 
thrown [s\open\src\hotspot\share\prims\jni.cpp, line 1108]
Event: 18363.877 Thread 0x000002b788700750 Exception <a 'java/lang/NoSuchMethodError'{0x000000008dc85e30}: static [B.<clinit>()V> (0x000000008dc85e30) 
thrown [s\open\src\hotspot\share\prims\jni.cpp, line 1108]
Event: 18988.229 Thread 0x000002b788703330 Exception <a 'java/lang/NoSuchMethodError'{0x00000000fffadad0}: static [B.<clinit>()V> (0x00000000fffadad0) 
thrown [s\open\src\hotspot\share\prims\jni.cpp, line 1108]
Event: 19267.034 Thread 0x000002b788703330 Exception <a 'java/lang/NoSuchMethodError'{0x0000000092125128}: static [B.<clinit>()V> (0x0000000092125128) 
thrown [s\open\src\hotspot\share\prims\jni.cpp, line 1108]
Event: 19567.054 Thread 0x000002b788700750 Exception <a 'java/lang/NoSuchMethodError'{0x00000000909d6d18}: static [B.<clinit>()V> (0x00000000909d6d18) 
thrown [s\open\src\hotspot\share\prims\jni.cpp, line 1108]

VM Operations (20 events):
Event: 19543.584 Executing VM operation: G1CollectForAllocation (G1 Evacuation Pause)
Event: 19543.595 Executing VM operation: G1CollectForAllocation (G1 Evacuation Pause) done
Event: 19569.024 Executing VM operation: G1CollectForAllocation (G1 Evacuation Pause)
Event: 19569.044 Executing VM operation: G1CollectForAllocation (G1 Evacuation Pause) done
Event: 19569.125 Executing VM operation: G1PauseRemark
Event: 19569.148 Executing VM operation: G1PauseRemark done
Event: 19569.158 Executing VM operation: G1PauseCleanup
Event: 19569.158 Executing VM operation: G1PauseCleanup done
Event: 19594.430 Executing VM operation: G1CollectForAllocation (G1 Evacuation Pause)
Event: 19594.432 Executing VM operation: G1CollectForAllocation (G1 Evacuation Pause) done
Event: 19623.047 Executing VM operation: G1CollectForAllocation (G1 Evacuation Pause)
Event: 19623.078 Executing VM operation: G1CollectForAllocation (G1 Evacuation Pause) done
Event: 20120.518 Executing VM operation: G1CollectForAllocation (G1 Evacuation Pause)
Event: 20120.678 Executing VM operation: G1CollectForAllocation (G1 Evacuation Pause) done
Event: 20121.126 Executing VM operation: G1PauseRemark
Event: 20121.225 Executing VM operation: G1PauseRemark done
Event: 20121.236 Executing VM operation: G1PauseCleanup
Event: 20121.236 Executing VM operation: G1PauseCleanup done
Event: 20560.005 Executing VM operation: G1CollectForAllocation (G1 Evacuation Pause)
Event: 20560.478 Executing VM operation: G1CollectForAllocation (G1 Evacuation Pause) done

Memory protections (0 events):
No events

Nmethod flushes (20 events):
Event: 18984.605 Thread 0x000002b7409f8550 flushing  nmethod 0x000002b7380e5488
Event: 18984.619 Thread 0x000002b7409f8550 flushing  nmethod 0x000002b73838e088
Event: 18984.636 Thread 0x000002b7409f8550 flushing  nmethod 0x000002b738137788
Event: 18984.644 Thread 0x000002b7409f8550 flushing  nmethod 0x000002b738754488
Event: 19024.747 Thread 0x000002b7409f8550 flushing  nmethod 0x000002b738072588
Event: 19024.768 Thread 0x000002b7409f8550 flushing  nmethod 0x000002b7383cc888
Event: 19024.768 Thread 0x000002b7409f8550 flushing  nmethod 0x000002b7383ccb88
Event: 19024.852 Thread 0x000002b7409f8550 flushing  nmethod 0x000002b738190a08
Event: 19024.852 Thread 0x000002b7409f8550 flushing  nmethod 0x000002b738195088
Event: 19024.968 Thread 0x000002b7409f8550 flushing  nmethod 0x000002b737e46488
Event: 19024.968 Thread 0x000002b7409f8550 flushing  nmethod 0x000002b737e47388
Event: 19024.968 Thread 0x000002b7409f8550 flushing  nmethod 0x000002b738161788
Event: 19024.968 Thread 0x000002b7409f8550 flushing  nmethod 0x000002b73834a888
Event: 19024.968 Thread 0x000002b7409f8550 flushing  nmethod 0x000002b7386e3488
Event: 19025.005 Thread 0x000002b7409f8550 flushing  nmethod 0x000002b7387c2208
Event: 19025.025 Thread 0x000002b7409f8550 flushing  nmethod 0x000002b738aa8308
Event: 19025.025 Thread 0x000002b7409f8550 flushing  nmethod 0x000002b738008f08
Event: 19025.044 Thread 0x000002b7409f8550 flushing  nmethod 0x000002b737eb2188
Event: 19025.064 Thread 0x000002b7409f8550 flushing  nmethod 0x000002b7383dce88
Event: 19025.083 Thread 0x000002b7409f8550 flushing  nmethod 0x000002b73807c408

Events (20 events):
Event: 18363.630 Thread 0x000002b78678f520 Thread added: 0x000002b788700750
Event: 18438.953 Thread 0x000002b788700750 Thread exited: 0x000002b788700750
Event: 18663.677 Thread 0x000002b78678f520 Thread added: 0x000002b788700ea0
Event: 18739.003 Thread 0x000002b788700ea0 Thread exited: 0x000002b788700ea0
Event: 18985.615 Thread 0x000002b78678f520 Thread added: 0x000002b788703330
Event: 19070.276 Thread 0x000002b788703330 Thread exited: 0x000002b788703330
Event: 19266.918 Thread 0x000002b78678f520 Thread added: 0x000002b788703330
Event: 19342.085 Thread 0x000002b788703330 Thread exited: 0x000002b788703330
Event: 19566.942 Thread 0x000002b78678f520 Thread added: 0x000002b788700750
Event: 19643.835 Thread 0x000002b788700750 Thread exited: 0x000002b788700750
Event: 19867.014 Thread 0x000002b78678f520 Thread added: 0x000002b788700750
Event: 19942.258 Thread 0x000002b788700750 Thread exited: 0x000002b788700750
Event: 20166.966 Thread 0x000002b78678f520 Thread added: 0x000002b788700ea0
Event: 20242.135 Thread 0x000002b788700ea0 Thread exited: 0x000002b788700ea0
Event: 20467.032 Thread 0x000002b78678f520 Thread added: 0x000002b788703330
Event: 20542.267 Thread 0x000002b788703330 Thread exited: 0x000002b788703330
Event: 20633.820 Thread 0x000002b740a27530 Thread added: 0x000002b788c68280
Event: 20634.272 Thread 0x000002b740a27530 Thread added: 0x000002b788c67360
Event: 20634.278 Thread 0x000002b788c67360 Thread added: 0x000002b788c67af0
Event: 20634.279 Thread 0x000002b788c67360 Thread added: 0x000002b788c68a10


Dynamic libraries:
0x00007ff660c50000 - 0x00007ff660c5e000 	C:\Users\USER\.jdks\openjdk-24.0.1\bin\java.exe
0x00007ffc3cda0000 - 0x00007ffc3d008000 	C:\WINDOWS\SYSTEM32\ntdll.dll
0x00007ffc02010000 - 0x00007ffc02030000 	C:\Program Files\Avast Software\Avast\aswhook.dll
0x00007ffc3b570000 - 0x00007ffc3b639000 	C:\WINDOWS\System32\KERNEL32.DLL
0x00007ffc3a660000 - 0x00007ffc3aa51000 	C:\WINDOWS\System32\KERNELBASE.dll
0x00007ffc3a510000 - 0x00007ffc3a65b000 	C:\WINDOWS\System32\ucrtbase.dll
0x00007ffc35090000 - 0x00007ffc350ab000 	C:\Users\USER\.jdks\openjdk-24.0.1\bin\VCRUNTIME140.dll
0x00007ffc30460000 - 0x00007ffc30476000 	C:\Users\USER\.jdks\openjdk-24.0.1\bin\jli.dll
0x00007ffc3c260000 - 0x00007ffc3c426000 	C:\WINDOWS\System32\USER32.dll
0x00007ffc3ab10000 - 0x00007ffc3ab37000 	C:\WINDOWS\System32\win32u.dll
0x00007ffc24890000 - 0x00007ffc24b23000 	C:\WINDOWS\WinSxS\amd64_microsoft.windows.common-controls_6595b64144ccf1df_6.0.26100.7824_none_3e0870b2e3345462\COMCTL32.dll
0x00007ffc3ca80000 - 0x00007ffc3caab000 	C:\WINDOWS\System32\GDI32.dll
0x00007ffc3be20000 - 0x00007ffc3bec9000 	C:\WINDOWS\System32\msvcrt.dll
0x00007ffc39680000 - 0x00007ffc397ab000 	C:\WINDOWS\System32\gdi32full.dll
0x00007ffc3a2f0000 - 0x00007ffc3a393000 	C:\WINDOWS\System32\msvcp_win.dll
0x00007ffc3b2e0000 - 0x00007ffc3b311000 	C:\WINDOWS\System32\IMM32.DLL
0x00007ffc30450000 - 0x00007ffc3045c000 	C:\Users\USER\.jdks\openjdk-24.0.1\bin\vcruntime140_1.dll
0x00007ffc226c0000 - 0x00007ffc2274e000 	C:\Users\USER\.jdks\openjdk-24.0.1\bin\msvcp140.dll
0x00007ffbbbb80000 - 0x00007ffbbc922000 	C:\Users\USER\.jdks\openjdk-24.0.1\bin\server\jvm.dll
0x00007ffc3ae70000 - 0x00007ffc3af24000 	C:\WINDOWS\System32\ADVAPI32.dll
0x00007ffc3b4c0000 - 0x00007ffc3b566000 	C:\WINDOWS\System32\sechost.dll
0x00007ffc3c950000 - 0x00007ffc3ca68000 	C:\WINDOWS\System32\RPCRT4.dll
0x00007ffc3b640000 - 0x00007ffc3b6b4000 	C:\WINDOWS\System32\WS2_32.dll
0x00007ffc39330000 - 0x00007ffc3938e000 	C:\WINDOWS\SYSTEM32\POWRPROF.dll
0x00007ffc337f0000 - 0x00007ffc33825000 	C:\WINDOWS\SYSTEM32\WINMM.dll
0x00007ffc33830000 - 0x00007ffc3383b000 	C:\WINDOWS\SYSTEM32\VERSION.dll
0x00007ffc39310000 - 0x00007ffc39324000 	C:\WINDOWS\SYSTEM32\UMPDC.dll
0x00007ffc38420000 - 0x00007ffc3843b000 	C:\WINDOWS\SYSTEM32\kernel.appcore.dll
0x00007ffc30440000 - 0x00007ffc3044a000 	C:\Users\USER\.jdks\openjdk-24.0.1\bin\jimage.dll
0x00007ffc2e350000 - 0x00007ffc2e592000 	C:\WINDOWS\SYSTEM32\DBGHELP.DLL
0x00007ffc3bed0000 - 0x00007ffc3c256000 	C:\WINDOWS\System32\combase.dll
0x00007ffc3ab40000 - 0x00007ffc3ac17000 	C:\WINDOWS\System32\OLEAUT32.dll
0x00007ffc2d720000 - 0x00007ffc2d75b000 	C:\WINDOWS\SYSTEM32\dbgcore.DLL
0x00007ffc3aa60000 - 0x00007ffc3ab05000 	C:\WINDOWS\System32\bcryptPrimitives.dll
0x00007ffc1e520000 - 0x00007ffc1e52f000 	C:\Users\USER\.jdks\openjdk-24.0.1\bin\instrument.dll
0x00007ffc30420000 - 0x00007ffc3043e000 	C:\Users\USER\.jdks\openjdk-24.0.1\bin\java.dll
0x00007ffc3b320000 - 0x00007ffc3b4b7000 	C:\WINDOWS\System32\ole32.dll
0x00007ffc3b6c0000 - 0x00007ffc3be12000 	C:\WINDOWS\System32\SHELL32.dll
0x00007ffc3a3a0000 - 0x00007ffc3a50a000 	C:\WINDOWS\System32\wintypes.dll
0x00007ffc39900000 - 0x00007ffc3a163000 	C:\WINDOWS\System32\windows.storage.dll
0x00007ffc3afa0000 - 0x00007ffc3b096000 	C:\WINDOWS\System32\SHCORE.dll
0x00007ffc3af30000 - 0x00007ffc3af97000 	C:\WINDOWS\System32\shlwapi.dll
0x00007ffc395a0000 - 0x00007ffc395c9000 	C:\WINDOWS\SYSTEM32\profapi.dll
0x00007ffc228b0000 - 0x00007ffc228c7000 	C:\Users\USER\.jdks\openjdk-24.0.1\bin\zip.dll
0x00007ffc2ff30000 - 0x00007ffc2ff40000 	C:\Users\USER\.jdks\openjdk-24.0.1\bin\net.dll
0x00007ffc38990000 - 0x00007ffc389fb000 	C:\WINDOWS\system32\mswsock.dll
0x00007ffc23a20000 - 0x00007ffc23a36000 	C:\Users\USER\.jdks\openjdk-24.0.1\bin\nio.dll
0x00007ffc1dfa0000 - 0x00007ffc1dfba000 	C:\Program Files\JetBrains\IntelliJ IDEA 2024.3\bin\breakgen64.dll
0x00007ffc2de10000 - 0x00007ffc2de19000 	C:\Users\USER\.jdks\openjdk-24.0.1\bin\extnet.dll
0x00007ffc37ed0000 - 0x00007ffc37ffc000 	C:\WINDOWS\SYSTEM32\DNSAPI.dll
0x00007ffc37e40000 - 0x00007ffc37e74000 	C:\WINDOWS\SYSTEM32\IPHLPAPI.DLL
0x00007ffc3c430000 - 0x00007ffc3c43a000 	C:\WINDOWS\System32\NSI.dll
0x00007ffc30a00000 - 0x00007ffc30a0b000 	C:\Windows\System32\rasadhlp.dll
0x00007ffc33840000 - 0x00007ffc338c6000 	C:\WINDOWS\System32\fwpuclnt.dll
0x00007ffc228a0000 - 0x00007ffc228aa000 	C:\Users\USER\.jdks\openjdk-24.0.1\bin\management.dll
0x00007ffc21ed0000 - 0x00007ffc21edb000 	C:\Users\USER\.jdks\openjdk-24.0.1\bin\management_ext.dll
0x00007ffc3ca70000 - 0x00007ffc3ca78000 	C:\WINDOWS\System32\PSAPI.DLL
0x00007ffc38c70000 - 0x00007ffc38c8b000 	C:\WINDOWS\SYSTEM32\CRYPTSP.dll
0x00007ffc38380000 - 0x00007ffc383b9000 	C:\WINDOWS\system32\rsaenh.dll
0x00007ffc38a40000 - 0x00007ffc38a6b000 	C:\WINDOWS\SYSTEM32\USERENV.dll
0x00007ffc39570000 - 0x00007ffc3959a000 	C:\WINDOWS\SYSTEM32\bcrypt.dll
0x00007ffc38c60000 - 0x00007ffc38c6c000 	C:\WINDOWS\SYSTEM32\CRYPTBASE.dll
0x00007ffc16950000 - 0x00007ffc16968000 	C:\WINDOWS\system32\napinsp.dll
0x00007ffc16930000 - 0x00007ffc16942000 	C:\WINDOWS\System32\winrnr.dll
0x00007ffc16900000 - 0x00007ffc16922000 	C:\WINDOWS\system32\nlansp_c.dll
0x00007ffc168e0000 - 0x00007ffc168f6000 	C:\WINDOWS\system32\wshbth.dll
0x00007ffc1c010000 - 0x00007ffc1c066000 	C:\WINDOWS\SYSTEM32\pdh.dll
0x00007ffbed180000 - 0x00007ffbed192000 	C:\WINDOWS\System32\perfproc.dll
0x00007ffc2ff20000 - 0x00007ffc2ff2e000 	C:\Users\USER\.jdks\openjdk-24.0.1\bin\sunmscapi.dll
0x00007ffc3a170000 - 0x00007ffc3a2e7000 	C:\WINDOWS\System32\CRYPT32.dll
0x00007ffc38ef0000 - 0x00007ffc38f20000 	C:\WINDOWS\SYSTEM32\ncrypt.dll
0x00007ffc38ea0000 - 0x00007ffc38edf000 	C:\WINDOWS\SYSTEM32\NTASN1.dll
0x00007ffc1e770000 - 0x00007ffc1e780000 	C:\Users\USER\.jdks\openjdk-24.0.1\bin\verify.dll
0x00007ffc30fd0000 - 0x00007ffc30fee000 	C:\WINDOWS\SYSTEM32\dhcpcsvc6.DLL
0x00007ffc30fa0000 - 0x00007ffc30fc3000 	C:\WINDOWS\SYSTEM32\dhcpcsvc.DLL
0x00007ffc302b0000 - 0x00007ffc302b8000 	C:\WINDOWS\system32\wshunix.dll

JVMTI agents:
C:\Program Files\JetBrains\IntelliJ IDEA 2024.3\lib\idea_rt.jar path:C:\Users\USER\.jdks\openjdk-24.0.1\bin\instrument.dll, loaded, initialized, instrumentlib options:59919:C:\Program Files\JetBrains\IntelliJ IDEA 2024.3\bin

dbghelp: loaded successfully - version: 4.0.5 - missing functions: none
symbol engine: initialized successfully - sym options: 0x614 - pdb path: .;C:\Users\USER\.jdks\openjdk-24.0.1\bin;C:\WINDOWS\SYSTEM32;C:\Program Files\Avast Software\Avast;C:\WINDOWS\WinSxS\amd64_microsoft.windows.common-controls_6595b64144ccf1df_6.0.26100.7824_none_3e0870b2e3345462;C:\Users\USER\.jdks\openjdk-24.0.1\bin\server;C:\Program Files\JetBrains\IntelliJ IDEA 2024.3\bin

VM Arguments:
jvm_args: -XX:TieredStopAtLevel=1 -Dspring.output.ansi.enabled=always -Dcom.sun.management.jmxremote -Dspring.jmx.enabled=true -Dspring.liveBeansView.mbeanDomain -Dspring.application.admin.enabled=true -Dmanagement.endpoints.jmx.exposure.include=* -javaagent:C:\Program Files\JetBrains\IntelliJ IDEA 2024.3\lib\idea_rt.jar=59919:C:\Program Files\JetBrains\IntelliJ IDEA 2024.3\bin -Dfile.encoding=UTF-8 -Dsun.stdout.encoding=UTF-8 -Dsun.stderr.encoding=UTF-8 
java_command: com.LeaveDataManagementSystem.LeaveManagement.LeaveManagementApplication
java_class_path (initial): C:\Users\USER\Desktop\Leave System\Leave-Management-System--COOP\Leave_backend\LeaveManagement\target\classes;C:\Users\USER\.m2\repository\org\springframework\boot\spring-boot-starter-data-mongodb\3.5.5\spring-boot-starter-data-mongodb-3.5.5.jar;C:\Users\USER\.m2\repository\org\springframework\boot\spring-boot-starter\3.5.5\spring-boot-starter-3.5.5.jar;C:\Users\USER\.m2\repository\org\springframework\boot\spring-boot-starter-logging\3.5.5\spring-boot-starter-logging-3.5.5.jar;C:\Users\USER\.m2\repository\ch\qos\logback\logback-classic\1.5.18\logback-classic-1.5.18.jar;C:\Users\USER\.m2\repository\ch\qos\logback\logback-core\1.5.18\logback-core-1.5.18.jar;C:\Users\USER\.m2\repository\org\apache\logging\log4j\log4j-to-slf4j\2.24.3\log4j-to-slf4j-2.24.3.jar;C:\Users\USER\.m2\repository\org\apache\logging\log4j\log4j-api\2.24.3\log4j-api-2.24.3.jar;C:\Users\USER\.m2\repository\org\slf4j\jul-to-slf4j\2.0.17\jul-to-slf4j-2.0.17.jar;C:\Users\USER\.m2\repository\jakarta\annotation\jakarta.annotation-api\2.1.1\jakarta.annotation-api-2.1.1.jar;C:\Users\USER\.m2\repository\org\yaml\snakeyaml\2.4\snakeyaml-2.4.jar;C:\Users\USER\.m2\repository\org\mongodb\mongodb-driver-sync\5.5.1\mongodb-driver-sync-5.5.1.jar;C:\Users\USER\.m2\repository\org\mongodb\bson\5.5.1\bson-5.5.1.jar;C:\Users\USER\.m2\repository\org\mongodb\mongodb-driver-core\5.5.1\mongodb-driver-core-5.5.1.jar;C:\Users\USER\.m2\repository\org\mongodb\bson-record-codec\5.5.1\bson-record-codec-5.5.1.jar;C:\Users\USER\.m2\repository\org\springframework\data\spring-data-mongodb\4.5.3\spring-data-mongodb-4.5.3.jar;C:\Users\USER\.m2\repository\org\springframework\spring-tx\6.2.10\spring-tx-6.2.10.jar;C:\Users\USER\.m2\repository\org\springframework\spring-context\6.2.10\spring-context-6.2.10.jar;C:\Users\USER\.m2\repository\org\springframework\spring-beans\6.2.10\spring-beans-6.2.10.jar;C:\Users\USER\.m2\repository\org\springframework\spring-expression\6.2.10\spring-expression-6.2.10.jar;C:\Users\USER\.m2\repository\org\springframework\data\spring-data-commons\3.5.3\spring-data-commons-3.5.3.jar;C:\Users\USER\.m2\repository\org\slf4j\slf4j-api\2.0.17\slf4j-api-2.0.17.jar;C:\Users\USER\.m2\repository\org\springframework\boot\spring-boot-starter-security\3.5.5\spring-boot-starter-security-3.5.5.jar;C:\Users\USER\.m2\repository\org\springframework\spring-aop\6.2.10\spring-aop-6.2.10.jar;C:\Users\USER\.m2\repository\org\springframework\security\spring-security-config\6.5.3\spring-security-config-6.5.3.jar;C:\Users\USER\.m2\repository\org\springframework\security\spring-security-core\6.5.3\spring-security-core-6.5.3.jar;C:\Users\USER\.m2\repository\org\springframework\security\spring-security-crypto\6.5.3\spring-security-crypto-6.5.3.jar;C:\Users\USER\.m2\repository\org\springframework\security\spring-security-web\6.5.3\spring-security-web-6.5.3.jar;C:\Users\USER\.m2\repository\io\jsonwebtoken\jjwt-api\0.11.5\jjwt-api-0.11.5.jar;C:\Users\USER\.m2\repository\io\jsonwebtoken\jjwt-impl\0.11.5\jjwt-impl-0.11.5.jar;C:\Users\USER\.m2\repository\io\jsonwebtoken\jjwt-jackson\0.11.5\jjwt-jackson-0.11.5.jar;C:\Users\USER\.m2\repository\com\fasterxml\jackson\core\jackson-databind\2.19.2\jackson-databind-2.19.2.jar;C:\Users\USER\.m2\repository\com\fasterxml\jackson\core\jackson-annotations\2.19.2\jackson-annotations-2.19.2.jar;C:\Users\USER\.m2\repository\com\fasterxml\jackson\core\jackson-core\2.19.2\jackson-core-2.19.2.jar;C:\Users\USER\.m2\repository\org\springframework\boot\spring-boot-starter-validation\3.5.5\spring-boot-starter-validation-3.5.5.jar;C:\Users\USER\.m2\repository\org\apache\tomcat\embed\tomcat-embed-el\10.1.44\tomcat-embed-el-10.1.44.jar;C:\Users\USER\.m2\repository\org\hibernate\validator\hibernate-validator\8.0.3.Final\hibernate-validator-8.0.3.Final.jar;C:\Users\USER\.m2\repository\jakarta\validation\jakarta.validation-api\3.0.2\jakarta.validation-api-3.0.2.jar;C:\Users\USER\.m2\repository\org\jboss\logging\jboss-logging\3.6.1.Final\jboss-logging-3.6.1.Final.jar;C:\Users\USER\.m2\repository\com\fasterxml\classmate\1.7.0\classmate-1.7.0.jar;C:\Users\USER\.m2\repository\org\springframework\boot\spring-boot-starter-web\3.5.5\spring-boot-starter-web-3.5.5.jar;C:\Users\USER\.m2\repository\org\springframework\boot\spring-boot-starter-json\3.5.5\spring-boot-starter-json-3.5.5.jar;C:\Users\USER\.m2\repository\com\fasterxml\jackson\datatype\jackson-datatype-jdk8\2.19.2\jackson-datatype-jdk8-2.19.2.jar;C:\Users\USER\.m2\repository\com\fasterxml\jackson\datatype\jackson-datatype-jsr310\2.19.2\jackson-datatype-jsr310-2.19.2.jar;C:\Users\USER\.m2\repository\com\fasterxml\jackson\module\jackson-module-parameter-names\2.19.2\jackson-module-parameter-names-2.19.2.jar;C:\Users\USER\.m2\repository\org\springframework\boot\spring-boot-starter-tomcat\3.5.5\spring-boot-starter-tomcat-3.5.5.jar;C:\Users\USER\.m2\repository\org\apache\tomcat\embed\tomcat-embed-core\10.1.44\tomcat-embed-core-10.1.44.jar;C:\Users\USER\.m2\repository\org\apache\tomcat\embed\tomcat-embed-websocket\10.1.44\tomcat-embed-websocket-10.1.44.jar;C:\Users\USER\.m2\repository\org\springframework\spring-web\6.2.10\spring-web-6.2.10.jar;C:\Users\USER\.m2\repository\io\micrometer\micrometer-observation\1.15.3\micrometer-observation-1.15.3.jar;C:\Users\USER\.m2\repository\io\micrometer\micrometer-commons\1.15.3\micrometer-commons-1.15.3.jar;C:\Users\USER\.m2\repository\org\springframework\spring-webmvc\6.2.10\spring-webmvc-6.2.10.jar;C:\Users\USER\.m2\repository\org\springframework\boot\spring-boot-devtools\3.5.5\spring-boot-devtools-3.5.5.jar;C:\Users\USER\.m2\repository\org\springframework\boot\spring-boot\3.5.5\spring-boot-3.5.5.jar;C:\Users\USER\.m2\repository\org\springframework\boot\spring-boot-autoconfigure\3.5.5\spring-boot-autoconfigure-3.5.5.jar;C:\Users\USER\.m2\repository\org\projectlombok\lombok\1.18.38\lombok-1.18.38.jar;C:\Users\USER\.m2\repository\jakarta\activation\jakarta.activation-api\2.1.3\jakarta.activation-api-2.1.3.jar;C:\Users\USER\.m2\repository\org\springframework\spring-core\6.2.10\spring-core-6.2.10.jar;C:\Users\USER\.m2\repository\org\springframework\spring-jcl\6.2.10\spring-jcl-6.2.10.jar;C:\Users\USER\.m2\repository\commons-logging\commons-logging\1.2\commons-logging-1.2.jar;C:\Users\USER\.m2\repository\org\springframework\boot\spring-boot-starter-mail\3.5.5\spring-boot-starter-mail-3.5.5.jar;C:\Users\USER\.m2\repository\org\springframework\spring-context-support\6.2.10\spring-context-support-6.2.10.jar;C:\Users\USER\.m2\repository\org\eclipse\angus\jakarta.mail\2.0.4\jakarta.mail-2.0.4.jar;C:\Users\USER\.m2\repository\org\eclipse\angus\angus-activation\2.0.2\angus-activation-2.0.2.jar;C:\Users\USER\.m2\repository\org\springframework\boot\spring-boot-starter-thymeleaf\3.5.5\spring-boot-starter-thymeleaf-3.5.5.jar;C:\Users\USER\.m2\repository\org\thymeleaf\thymeleaf-spring6\3.1.3.RELEASE\thymeleaf-spring6-3.1.3.RELEASE.jar;C:\Users\USER\.m2\repository\org\thymeleaf\thymeleaf\3.1.3.RELEASE\thymeleaf-3.1.3.RELEASE.jar;C:\Users\USER\.m2\repository\org\attoparser\attoparser\2.0.7.RELEASE\attoparser-2.0.7.RELEASE.jar;C:\Users\USER\.m2\repository\org\unbescape\unbescape\1.1.6.RELEASE\unbescape-1.1.6.RELEASE.jar;C:\Users\USER\.m2\repository\com\google\apis\google-api-services-calendar\v3-rev20220715-2.0.0\google-api-services-calendar-v3-rev20220715-2.0.0.jar;C:\Users\USER\.m2\repository\com\google\api-client\google-api-client\2.0.0\google-api-client-2.0.0.jar;C:\Users\USER\.m2\repository\com\google\oauth-client\google-oauth-client\1.34.1\google-oauth-client-1.34.1.jar;C:\Users\USER\.m2\repository\com\google\http-client\google-http-client-gson\1.42.1\google-http-client-gson-1.42.1.jar;C:\Users\USER\.m2\repository\com\google\code\gson\gson\2.13.1\gson-2.13.1.jar;C:\Users\USER\.m2\repository\com\google\guava\guava\31.1-jre\guava-31.1-jre.jar;C:\Users\USER\.m2\repository\com\google\guava\failureaccess\1.0.1\failureaccess-1.0.1.jar;C:\Users\USER\.m2\repository\com\google\guava\listenablefuture\9999.0-empty-to-avoid-conflict-with-guava\listenablefuture-9999.0-empty-to-avoid-conflict-with-guava.jar;C:\Users\USER\.m2\repository\com\google\code\findbugs\jsr305\3.0.2\jsr305-3.0.2.jar;C:\Users\USER\.m2\repository\org\checkerframework\checker-qual\3.12.0\checker-qual-3.12.0.jar;C:\Users\USER\.m2\repository\com\google\errorprone\error_prone_annotations\2.11.0\error_prone_annotations-2.11.0.jar;C:\Users\USER\.m2\repository\com\google\j2objc\j2objc-annotations\1.3\j2objc-annotations-1.3.jar;C:\Users\USER\.m2\repository\com\google\http-client\google-http-client-apache-v2\1.42.1\google-http-client-apache-v2-1.42.1.jar;C:\Users\USER\.m2\repository\org\apache\httpcomponents\httpcore\4.4.16\httpcore-4.4.16.jar;C:\Users\USER\.m2\repository\org\apache\httpcomponents\httpclient\4.5.13\httpclient-4.5.13.jar;C:\Users\USER\.m2\repository\commons-codec\commons-codec\1.18.0\commons-codec-1.18.0.jar;C:\Users\USER\.m2\repository\com\google\http-client\google-http-client\1.42.1\google-http-client-1.42.1.jar;C:\Users\USER\.m2\repository\io\opencensus\opencensus-api\0.31.1\opencensus-api-0.31.1.jar;C:\Users\USER\.m2\repository\io\grpc\grpc-context\1.27.2\grpc-context-1.27.2.jar;C:\Users\USER\.m2\repository\io\opencensus\opencensus-contrib-http-util\0.31.1\opencensus-contrib-http-util-0.31.1.jar
Launcher Type: SUN_STANDARD

[Global flags]
     intx CICompilerCount                          = 12                                        {product} {ergonomic}
     uint ConcGCThreads                            = 3                                         {product} {ergonomic}
     uint G1ConcRefinementThreads                  = 13                                        {product} {ergonomic}
   size_t G1HeapRegionSize                         = 1048576                                   {product} {ergonomic}
   size_t InitialHeapSize                          = 123731968                                 {product} {ergonomic}
     bool ManagementServer                         = true                                      {product} {command line}
   size_t MarkStackSize                            = 4194304                                   {product} {ergonomic}
   size_t MarkStackSizeMax                         = 536870912                                 {product} {ergonomic}
   size_t MaxHeapSize                              = 1967128576                                {product} {ergonomic}
   size_t MaxNewSize                               = 1179648000                                {product} {ergonomic}
   size_t MinHeapDeltaBytes                        = 1048576                                   {product} {ergonomic}
   size_t MinHeapSize                              = 8388608                                   {product} {ergonomic}
    uintx NonNMethodCodeHeapSize                   = 4096                                   {pd product} {ergonomic}
    uintx NonProfiledCodeHeapSize                  = 0                                      {pd product} {ergonomic}
     bool ProfileInterpreter                       = false                                  {pd product} {command line}
    uintx ProfiledCodeHeapSize                     = 0                                      {pd product} {ergonomic}
   size_t SoftMaxHeapSize                          = 1967128576                             {manageable} {ergonomic}
     intx TieredStopAtLevel                        = 1                                         {product} {command line}
     bool UseCompressedOops                        = true                           {product lp64_product} {ergonomic}
     bool UseG1GC                                  = true                                      {product} {ergonomic}
     bool UseLargePagesIndividualAllocation        = false                                  {pd product} {ergonomic}

Logging:
Log output configuration:
 #0: stdout all=warning uptime,level,tags foldmultilines=false
 #1: stderr all=off uptime,level,tags foldmultilines=false

Environment Variables:
JAVA_HOME=C:\Program Files\Java\jdk-17
PATH=C:\Program Files (x86)\Microsoft SDKs\Azure\CLI2\wbin;C:\Program Files\nodejs\;C:\Program Files\apache-maven-3.9.11\bin;C:\Program Files\Git\bin;C:\Users\USER\AppData\Local\Microsoft\WindowsApps;C:\Program Files\JetBrains\PyCharm 2022.3.2\bin;;C:\Program Files\JetBrains\IntelliJ IDEA Community Edition 2023.3.2\bin;;C:\Users\USER\AppData\Local\GitHubDesktop\bin;C:\Windsurf\bin;C:\cursor\resources\app\bin;C:\Users\USER\AppData\Roaming\npm;C:\Users\USER\AppData\Local\Programs\Microsoft VS Code\bin
USERNAME=USER
OS=Windows_NT
PROCESSOR_IDENTIFIER=AMD64 Family 23 Model 104 Stepping 1, AuthenticAMD
TMP=C:\Users\USER\AppData\Local\Temp
TEMP=C:\Users\USER\AppData\Local\Temp




Periodic native trim disabled

---------------  S Y S T E M  ---------------

OS:
 Windows 11 , 64 bit Build 26100 (10.0.26100.7705)
OS uptime: 2 days 1:11 hours

CPU: total 16 (initial active 16) (16 cores per cpu, 2 threads per core) family 23 model 104 stepping 1 microcode 0x8608109, cx8, cmov, fxsr, ht, mmx, 3dnowpref, sse, sse2, sse3, ssse3, sse4a, sse4.1, sse4.2, popcnt, lzcnt, tsc, tscinvbit, avx, avx2, aes, clmul, bmi1, bmi2, adx, sha, fma, vzeroupper, clflush, clflushopt, rdtscp, rdpid, f16c
Processor Information for the first 16 processors :
  Max Mhz: 1801, Current Mhz: 1801, Mhz Limit: 1801

Memory: 4k page, system-wide physical 7501M (376M free)
TotalPageFile size 30029M (AvailPageFile size 7M)
current process WorkingSet (physical memory assigned to process): 55M, peak: 191M
current process commit charge ("private bytes"): 309M, peak: 316M

vm_info: OpenJDK 64-Bit Server VM (24.0.1+9-30) for windows-amd64 JRE (24.0.1+9-30), built on 2025-03-05T07:23:45Z with MS VC++ 17.6 (VS2022)

END.
