#
# There is insufficient memory for the Java Runtime Environment to continue.
# Native memory allocation (mmap) failed to map 61865984 bytes. Error detail: G1 virtual space
# Possible reasons:
#   The system is out of physical RAM or swap space
#   This process is running with CompressedOops enabled, and the Java Heap may be blocking the growth of the native heap
# Possible solutions:
#   Reduce memory load on the system
#   Increase physical memory or swap space
#   Check if swap backing store is full
#   Decrease Java heap size (-Xmx/-Xms)
#   Decrease number of Java threads
#   Decrease Java thread stack sizes (-Xss)
#   Set larger code cache with -XX:ReservedCodeCacheSize=
#   JVM is running with Unscaled Compressed Oops mode in which the Java heap is
#     placed in the first 4GB address space. The Java Heap base address is the
#     maximum limit for the native heap growth. Please use -XX:HeapBaseMinAddress
#     to set the Java Heap base and to place the Java Heap above 4GB virtual address.
# This output file may be truncated or incomplete.
#
#  Out of Memory Error (os_windows.cpp:3564), pid=7408, tid=40764
#
# JRE version: OpenJDK Runtime Environment (24.0.1+9) (build 24.0.1+9-30)
# Java VM: OpenJDK 64-Bit Server VM (24.0.1+9-30, mixed mode, emulated-client, sharing, tiered, compressed oops, compressed class ptrs, g1 gc, windows-amd64)
# No core dump will be written. Minidumps are not enabled by default on client versions of Windows
#

---------------  S U M M A R Y ------------

Command Line: -XX:TieredStopAtLevel=1 -Dspring.output.ansi.enabled=always -Dcom.sun.management.jmxremote -Dspring.jmx.enabled=true -Dspring.liveBeansView.mbeanDomain -Dspring.application.admin.enabled=true -Dmanagement.endpoints.jmx.exposure.include=* -javaagent:C:\Program Files\JetBrains\IntelliJ IDEA 2024.3\lib\idea_rt.jar=57462:C:\Program Files\JetBrains\IntelliJ IDEA 2024.3\bin -Dfile.encoding=UTF-8 -Dsun.stdout.encoding=UTF-8 -Dsun.stderr.encoding=UTF-8 com.LeaveDataManagementSystem.LeaveManagement.LeaveManagementApplication

Host: AMD Ryzen 7 5700U with Radeon Graphics         , 16 cores, 7G,  Windows 11 , 64 bit Build 26100 (10.0.26100.7920)
Time: Thu Apr  2 20:25:01 2026 Sri Lanka Standard Time elapsed time: 119.019933 seconds (0d 0h 1m 59s)

---------------  T H R E A D  ---------------

Current thread (0x0000020df9682cc0):  VMThread "VM Thread"          [id=40764, stack(0x00000049d7100000,0x00000049d7200000) (1024K)]

Stack: [0x00000049d7100000,0x00000049d7200000]
Native frames: (J=compiled Java code, j=interpreted, Vv=VM code, C=native code)
V  [jvm.dll+0x730739]  (no source info available)
V  [jvm.dll+0x8d9b23]  (no source info available)
V  [jvm.dll+0x8dc00d]  (no source info available)
V  [jvm.dll+0x8dc683]  (no source info available)
V  [jvm.dll+0x2aa086]  (no source info available)
V  [jvm.dll+0x72cc65]  (no source info available)
V  [jvm.dll+0x72059a]  (no source info available)
V  [jvm.dll+0x390cea]  (no source info available)
V  [jvm.dll+0x3989f6]  (no source info available)
V  [jvm.dll+0x38523e]  (no source info available)
V  [jvm.dll+0x3854f8]  (no source info available)
V  [jvm.dll+0x35d0cc]  (no source info available)
V  [jvm.dll+0x35d15a]  (no source info available)
V  [jvm.dll+0x3aa702]  (no source info available)
V  [jvm.dll+0x3a8d82]  (no source info available)
V  [jvm.dll+0x35c897]  (no source info available)
V  [jvm.dll+0x3a8534]  (no source info available)
V  [jvm.dll+0x8e2742]  (no source info available)
V  [jvm.dll+0x8e3a8c]  (no source info available)
V  [jvm.dll+0x8e3ff8]  (no source info available)
V  [jvm.dll+0x8e4293]  (no source info available)
V  [jvm.dll+0x87d76b]  (no source info available)
V  [jvm.dll+0x72ee55]  (no source info available)
C  [ucrtbase.dll+0x37b0]  (no source info available)
C  [KERNEL32.DLL+0x2e8d7]  (no source info available)
C  [ntdll.dll+0x8c48c]  (no source info available)

VM_Operation (0x00000049d84fe7b0): G1CollectForAllocation, mode: safepoint, requested by thread 0x0000020dc7f09240


---------------  P R O C E S S  ---------------

Threads class SMR info:
_java_thread_list=0x0000020dc80b7570, length=46, elements={
0x0000020df9692330, 0x0000020df9692a70, 0x0000020df9695d60, 0x0000020df9696c40,
0x0000020df96986f0, 0x0000020df9699d90, 0x0000020df969b430, 0x0000020dc5129e90,
0x0000020dc5535460, 0x0000020dc5539b20, 0x0000020dc60c1db0, 0x0000020dc60f03a0,
0x0000020dc61f30f0, 0x0000020dc6223880, 0x0000020dc6231720, 0x0000020dc588b9c0,
0x0000020dc588ab20, 0x0000020dc588c110, 0x0000020dc5889c80, 0x0000020dc588b270,
0x0000020dc588c860, 0x0000020dc588a3d0, 0x0000020dc7c5ef30, 0x0000020dc7c5d940,
0x0000020dc7c5e090, 0x0000020dc7c5caa0, 0x0000020dc7c5e7e0, 0x0000020dc7c5bc00,
0x0000020dc7c5d1f0, 0x0000020dc7c5f680, 0x0000020dc7c5c350, 0x0000020dc7c613c0,
0x0000020dc7c60520, 0x0000020dc7c62260, 0x0000020dc7c5fdd0, 0x0000020dc7c60c70,
0x0000020dc7c61b10, 0x0000020dc7c629b0, 0x0000020dc7c63100, 0x0000020dc7f06db0,
0x0000020dc7f07500, 0x0000020dc7f07c50, 0x0000020dc7f06660, 0x0000020dc7f08af0,
0x0000020dc7f09240, 0x0000020dc6b708a0
}

Java Threads: ( => current thread )
  0x0000020df9692330 JavaThread "Reference Handler"          daemon [_thread_blocked, id=41588, stack(0x00000049d7200000,0x00000049d7300000) (1024K)]
  0x0000020df9692a70 JavaThread "Finalizer"                  daemon [_thread_blocked, id=18364, stack(0x00000049d7300000,0x00000049d7400000) (1024K)]
  0x0000020df9695d60 JavaThread "Signal Dispatcher"          daemon [_thread_blocked, id=27988, stack(0x00000049d7400000,0x00000049d7500000) (1024K)]
  0x0000020df9696c40 JavaThread "Attach Listener"            daemon [_thread_blocked, id=13208, stack(0x00000049d7500000,0x00000049d7600000) (1024K)]
  0x0000020df96986f0 JavaThread "Service Thread"             daemon [_thread_blocked, id=22576, stack(0x00000049d7600000,0x00000049d7700000) (1024K)]
  0x0000020df9699d90 JavaThread "Monitor Deflation Thread"   daemon [_thread_blocked, id=11804, stack(0x00000049d7700000,0x00000049d7800000) (1024K)]
  0x0000020df969b430 JavaThread "C1 CompilerThread0"         daemon [_thread_blocked, id=30348, stack(0x00000049d7800000,0x00000049d7900000) (1024K)]
  0x0000020dc5129e90 JavaThread "Common-Cleaner"             daemon [_thread_blocked, id=22440, stack(0x00000049d7b00000,0x00000049d7c00000) (1024K)]
  0x0000020dc5535460 JavaThread "Monitor Ctrl-Break"         daemon [_thread_in_native, id=1336, stack(0x00000049d7c00000,0x00000049d7d00000) (1024K)]
  0x0000020dc5539b20 JavaThread "Notification Thread"        daemon [_thread_blocked, id=20116, stack(0x00000049d7d00000,0x00000049d7e00000) (1024K)]
  0x0000020dc60c1db0 JavaThread "RMI TCP Accept-0"           daemon [_thread_in_native, id=20772, stack(0x00000049d7e00000,0x00000049d7f00000) (1024K)]
  0x0000020dc60f03a0 JavaThread "RMI TCP Connection(idle)"   daemon [_thread_blocked, id=26320, stack(0x00000049d7f00000,0x00000049d8000000) (1024K)]
  0x0000020dc61f30f0 JavaThread "RMI TCP Connection(idle)"   daemon [_thread_blocked, id=18436, stack(0x00000049d8000000,0x00000049d8100000) (1024K)]
  0x0000020dc6223880 JavaThread "RMI Scheduler(0)"           daemon [_thread_blocked, id=22512, stack(0x00000049d8200000,0x00000049d8300000) (1024K)]
  0x0000020dc6231720 JavaThread "JMX server connection timeout 42" daemon [_thread_blocked, id=23188, stack(0x00000049d8300000,0x00000049d8400000) (1024K)]
  0x0000020dc588b9c0 JavaThread "Jndi-Dns-address-change-listener" daemon [_thread_in_native, id=29960, stack(0x00000049d8c00000,0x00000049d8d00000) (1024K)]
  0x0000020dc588ab20 JavaThread "BufferPoolPruner-1-thread-1" daemon [_thread_blocked, id=1320, stack(0x00000049d9100000,0x00000049d9200000) (1024K)]
  0x0000020dc588c110 JavaThread "cluster-ClusterId{value='69ce82d7f5ab059089a77588', description='null'}-ac-j1owew2-shard-00-02.xnzh7mf.mongodb.net:27017" daemon [_thread_in_native, id=22768, stack(0x00000049d9600000,0x00000049d9700000) (1024K)]
  0x0000020dc5889c80 JavaThread "cluster-ClusterId{value='69ce82d7f5ab059089a77588', description='null'}-ac-j1owew2-shard-00-00.xnzh7mf.mongodb.net:27017" daemon [_thread_in_native, id=23568, stack(0x00000049d9700000,0x00000049d9800000) (1024K)]
  0x0000020dc588b270 JavaThread "cluster-ClusterId{value='69ce82d7f5ab059089a77588', description='null'}-ac-j1owew2-shard-00-01.xnzh7mf.mongodb.net:27017" daemon [_thread_in_native, id=17296, stack(0x00000049d9800000,0x00000049d9900000) (1024K)]
  0x0000020dc588c860 JavaThread "Catalina-utility-1"                [_thread_blocked, id=39108, stack(0x00000049d9900000,0x00000049d9a00000) (1024K)]
  0x0000020dc588a3d0 JavaThread "Catalina-utility-2"                [_thread_blocked, id=24008, stack(0x00000049d9b00000,0x00000049d9c00000) (1024K)]
  0x0000020dc7c5ef30 JavaThread "container-0"                       [_thread_blocked, id=18008, stack(0x00000049d9c00000,0x00000049d9d00000) (1024K)]
  0x0000020dc7c5d940 JavaThread "Live Reload Server"         daemon [_thread_in_native, id=16952, stack(0x00000049d9e00000,0x00000049d9f00000) (1024K)]
  0x0000020dc7c5e090 JavaThread "cluster-rtt-ClusterId{value='69ce82d7f5ab059089a77588', description='null'}-ac-j1owew2-shard-00-02.xnzh7mf.mongodb.net:27017" daemon [_thread_blocked, id=7804, stack(0x00000049d9d00000,0x00000049d9e00000) (1024K)]
  0x0000020dc7c5caa0 JavaThread "cluster-rtt-ClusterId{value='69ce82d7f5ab059089a77588', description='null'}-ac-j1owew2-shard-00-00.xnzh7mf.mongodb.net:27017" daemon [_thread_blocked, id=40756, stack(0x00000049d9f00000,0x00000049da000000) (1024K)]
  0x0000020dc7c5e7e0 JavaThread "cluster-rtt-ClusterId{value='69ce82d7f5ab059089a77588', description='null'}-ac-j1owew2-shard-00-01.xnzh7mf.mongodb.net:27017" daemon [_thread_blocked, id=13328, stack(0x00000049da000000,0x00000049da100000) (1024K)]
  0x0000020dc7c5bc00 JavaThread "MaintenanceTimer-4-thread-1" daemon [_thread_blocked, id=19240, stack(0x00000049da100000,0x00000049da200000) (1024K)]
  0x0000020dc7c5d1f0 JavaThread "MaintenanceTimer-2-thread-1" daemon [_thread_blocked, id=8388, stack(0x00000049da200000,0x00000049da300000) (1024K)]
  0x0000020dc7c5f680 JavaThread "MaintenanceTimer-3-thread-1" daemon [_thread_blocked, id=33656, stack(0x00000049da300000,0x00000049da400000) (1024K)]
  0x0000020dc7c5c350 JavaThread "File Watcher"               daemon [_thread_blocked, id=18340, stack(0x00000049d7a00000,0x00000049d7b00000) (1024K)]
  0x0000020dc7c613c0 JavaThread "http-nio-8080-exec-1"       daemon [_thread_blocked, id=3084, stack(0x00000049da400000,0x00000049da500000) (1024K)]
  0x0000020dc7c60520 JavaThread "http-nio-8080-exec-2"       daemon [_thread_blocked, id=35024, stack(0x00000049da500000,0x00000049da600000) (1024K)]
  0x0000020dc7c62260 JavaThread "http-nio-8080-exec-3"       daemon [_thread_blocked, id=6552, stack(0x00000049da600000,0x00000049da700000) (1024K)]
  0x0000020dc7c5fdd0 JavaThread "http-nio-8080-exec-4"       daemon [_thread_blocked, id=34912, stack(0x00000049da700000,0x00000049da800000) (1024K)]
  0x0000020dc7c60c70 JavaThread "http-nio-8080-exec-5"       daemon [_thread_blocked, id=3460, stack(0x00000049da800000,0x00000049da900000) (1024K)]
  0x0000020dc7c61b10 JavaThread "http-nio-8080-exec-6"       daemon [_thread_blocked, id=12460, stack(0x00000049da900000,0x00000049daa00000) (1024K)]
  0x0000020dc7c629b0 JavaThread "http-nio-8080-exec-7"       daemon [_thread_blocked, id=18416, stack(0x00000049daa00000,0x00000049dab00000) (1024K)]
  0x0000020dc7c63100 JavaThread "http-nio-8080-exec-8"       daemon [_thread_blocked, id=14920, stack(0x00000049dab00000,0x00000049dac00000) (1024K)]
  0x0000020dc7f06db0 JavaThread "http-nio-8080-exec-9"       daemon [_thread_blocked, id=12084, stack(0x00000049dac00000,0x00000049dad00000) (1024K)]
  0x0000020dc7f07500 JavaThread "http-nio-8080-exec-10"      daemon [_thread_blocked, id=25088, stack(0x00000049dad00000,0x00000049dae00000) (1024K)]
  0x0000020dc7f07c50 JavaThread "http-nio-8080-Poller"       daemon [_thread_blocked, id=31412, stack(0x00000049dae00000,0x00000049daf00000) (1024K)]
  0x0000020dc7f06660 JavaThread "http-nio-8080-Acceptor"     daemon [_thread_in_native, id=2744, stack(0x00000049daf00000,0x00000049db000000) (1024K)]
  0x0000020dc7f08af0 JavaThread "DestroyJavaVM"                     [_thread_blocked, id=8112, stack(0x00000049d6a00000,0x00000049d6b00000) (1024K)]
  0x0000020dc7f09240 JavaThread "RMI TCP Connection(3)-192.168.8.166" daemon [_thread_blocked, id=21176, stack(0x00000049d8400000,0x00000049d8500000) (1024K)]
  0x0000020dc6b708a0 JavaThread "C1 CompilerThread1"         daemon [_thread_blocked, id=14516, stack(0x00000049d6700000,0x00000049d6800000) (1024K)]
Total: 46

Other Threads:
=>0x0000020df9682cc0 VMThread "VM Thread"                           [id=40764, stack(0x00000049d7100000,0x00000049d7200000) (1024K)]
  0x0000020df954e6b0 WatcherThread "VM Periodic Task Thread"        [id=28128, stack(0x00000049d7000000,0x00000049d7100000) (1024K)]
  0x0000020de8b566f0 WorkerThread "GC Thread#0"                     [id=41272, stack(0x00000049d6b00000,0x00000049d6c00000) (1024K)]
  0x0000020dc64dc540 WorkerThread "GC Thread#1"                     [id=29240, stack(0x00000049d8100000,0x00000049d8200000) (1024K)]
  0x0000020dc64eb1f0 WorkerThread "GC Thread#2"                     [id=37340, stack(0x00000049d8600000,0x00000049d8700000) (1024K)]
  0x0000020dc64eaa90 WorkerThread "GC Thread#3"                     [id=37952, stack(0x00000049d8700000,0x00000049d8800000) (1024K)]
  0x0000020dc64eae40 WorkerThread "GC Thread#4"                     [id=18372, stack(0x00000049d8800000,0x00000049d8900000) (1024K)]
  0x0000020dc64ebd00 WorkerThread "GC Thread#5"                     [id=29992, stack(0x00000049d8900000,0x00000049d8a00000) (1024K)]
  0x0000020dc64ec460 WorkerThread "GC Thread#6"                     [id=19196, stack(0x00000049d8a00000,0x00000049d8b00000) (1024K)]
  0x0000020dc64ec0b0 WorkerThread "GC Thread#7"                     [id=5172, stack(0x00000049d8b00000,0x00000049d8c00000) (1024K)]
  0x0000020dc64eb950 WorkerThread "GC Thread#8"                     [id=39132, stack(0x00000049d8d00000,0x00000049d8e00000) (1024K)]
  0x0000020dc6b15d20 WorkerThread "GC Thread#9"                     [id=2176, stack(0x00000049d8e00000,0x00000049d8f00000) (1024K)]
  0x0000020dc6b13fa0 WorkerThread "GC Thread#10"                    [id=17496, stack(0x00000049d8f00000,0x00000049d9000000) (1024K)]
  0x0000020dc6b14350 WorkerThread "GC Thread#11"                    [id=5356, stack(0x00000049d9000000,0x00000049d9100000) (1024K)]
  0x0000020dc6b15970 WorkerThread "GC Thread#12"                    [id=26688, stack(0x00000049d9200000,0x00000049d9300000) (1024K)]
  0x0000020de8b69c10 ConcurrentGCThread "G1 Main Marker"            [id=16132, stack(0x00000049d6c00000,0x00000049d6d00000) (1024K)]
  0x0000020de8b6d0e0 WorkerThread "G1 Conc#0"                       [id=16392, stack(0x00000049d6d00000,0x00000049d6e00000) (1024K)]
  0x0000020dc6b14700 WorkerThread "G1 Conc#1"                       [id=36192, stack(0x00000049d9300000,0x00000049d9400000) (1024K)]
  0x0000020dc6b14ab0 WorkerThread "G1 Conc#2"                       [id=34560, stack(0x00000049d9400000,0x00000049d9500000) (1024K)]
  0x0000020de8bae4b0 ConcurrentGCThread "G1 Refine#0"               [id=33140, stack(0x00000049d6e00000,0x00000049d6f00000) (1024K)]
  0x0000020df953d1f0 ConcurrentGCThread "G1 Service"                [id=7552, stack(0x00000049d6f00000,0x00000049d7000000) (1024K)]
Total: 21

Threads with active compile tasks:
Total: 0

VM state: at safepoint (normal execution)

VM Mutex/Monitor currently owned by a thread:  ([mutex/lock_event])
[0x00007ffbd72e44b0] Threads_lock - owner thread: 0x0000020df9682cc0
[0x00007ffbd72e45b0] Heap_lock - owner thread: 0x0000020dc7f09240

Heap address: 0x000000008ac00000, size: 1876 MB, Compressed Oops mode: 32-bit

CDS archive(s) mapped at: [0x0000020d80000000-0x0000020d80d40000-0x0000020d80d40000), size 13893632, SharedBaseAddress: 0x0000020d80000000, ArchiveRelocationMode: 1.
Compressed class space mapped at: 0x0000020d81000000-0x0000020dc1000000, reserved size: 1073741824
UseCompressedClassPointers 1, UseCompactObjectHeaders 0
Narrow klass pointer bits 32, Max shift 3
Narrow klass base: 0x0000020d80000000, Narrow klass shift: 0
Encoding Range: [0x0000020d80000000 - 0x0000020e80000000), (4294967296 bytes)
Klass Range:    [0x0000020d80000000 - 0x0000020dc1000000), (1090519040 bytes)
Klass ID Range:  [8 - 1090519033) (1090519025)

GC Precious Log:
 CardTable entry size: 512
 Card Set container configuration: InlinePtr #cards 5 size 8 Array Of Cards #cards 10 size 36 Howl #buckets 4 coarsen threshold 1843 Howl Bitmap #cards 512 size 80 coarsen threshold 460 Card regions per heap region 1 cards per card region 2048
 CPUs: 16 total, 16 available
 Memory: 7501M
 Large Page Support: Disabled
 NUMA Support: Disabled
 Compressed Oops: Enabled (32-bit)
 Heap Region Size: 1M
 Heap Min Capacity: 8M
 Heap Initial Capacity: 118M
 Heap Max Capacity: 1876M
 Pre-touch: Disabled
 Parallel Workers: 13
 Concurrent Workers: 3
 Concurrent Refinement Workers: 13
 Periodic GC: Disabled

Heap:
 garbage-first heap   total reserved 1921024K, committed 60416K, used 33588K [0x000000008ac00000, 0x0000000100000000)
  region size 1024K, 1 young (1024K), 1 survivors (1024K)
 Metaspace       used 53777K, committed 54592K, reserved 1114112K
  class space    used 6424K, committed 6720K, reserved 1048576K

Heap Regions: E=young(eden), S=young(survivor), O=old, HS=humongous(starts), HC=humongous(continues), CS=collection set, F=free, TAMS=top-at-mark-start, PB=parsable bottom
|   0|0x000000008ac00000, 0x000000008ad00000, 0x000000008ad00000|100%| O|  |TAMS 0x000000008ac00000| PB 0x000000008ac00000| Untracked |  0
|   1|0x000000008ad00000, 0x000000008ae00000, 0x000000008ae00000|100%| O|  |TAMS 0x000000008ad00000| PB 0x000000008ad00000| Untracked |  0
|   2|0x000000008ae00000, 0x000000008af00000, 0x000000008af00000|100%| O|  |TAMS 0x000000008ae00000| PB 0x000000008ae00000| Untracked |  0
|   3|0x000000008af00000, 0x000000008b000000, 0x000000008b000000|100%| O|  |TAMS 0x000000008af00000| PB 0x000000008af00000| Untracked |  0
|   4|0x000000008b000000, 0x000000008b100000, 0x000000008b100000|100%| O|  |TAMS 0x000000008b000000| PB 0x000000008b000000| Untracked |  0
|   5|0x000000008b100000, 0x000000008b200000, 0x000000008b200000|100%| O|  |TAMS 0x000000008b100000| PB 0x000000008b100000| Untracked |  0
|   6|0x000000008b200000, 0x000000008b300000, 0x000000008b300000|100%| O|  |TAMS 0x000000008b200000| PB 0x000000008b200000| Untracked |  0
|   7|0x000000008b300000, 0x000000008b400000, 0x000000008b400000|100%| O|Cm|TAMS 0x000000008b300000| PB 0x000000008b300000| Complete |  0
|   8|0x000000008b400000, 0x000000008b500000, 0x000000008b500000|100%| O|  |TAMS 0x000000008b400000| PB 0x000000008b400000| Untracked |  0
|   9|0x000000008b500000, 0x000000008b600000, 0x000000008b600000|100%| O|  |TAMS 0x000000008b500000| PB 0x000000008b500000| Untracked |  0
|  10|0x000000008b600000, 0x000000008b700000, 0x000000008b700000|100%| O|  |TAMS 0x000000008b600000| PB 0x000000008b600000| Untracked |  0
|  11|0x000000008b700000, 0x000000008b800000, 0x000000008b800000|100%| O|  |TAMS 0x000000008b700000| PB 0x000000008b700000| Untracked |  0
|  12|0x000000008b800000, 0x000000008b900000, 0x000000008b900000|100%| O|  |TAMS 0x000000008b800000| PB 0x000000008b800000| Untracked |  0
|  13|0x000000008b900000, 0x000000008ba00000, 0x000000008ba00000|100%| O|  |TAMS 0x000000008b900000| PB 0x000000008b900000| Untracked |  0
|  14|0x000000008ba00000, 0x000000008bb00000, 0x000000008bb00000|100%| O|  |TAMS 0x000000008ba00000| PB 0x000000008ba00000| Untracked |  0
|  15|0x000000008bb00000, 0x000000008bc00000, 0x000000008bc00000|100%| O|Cm|TAMS 0x000000008bb00000| PB 0x000000008bb00000| Complete |  0
|  16|0x000000008bc00000, 0x000000008bc00000, 0x000000008bd00000|  0%| F|  |TAMS 0x000000008bc00000| PB 0x000000008bc00000| Untracked |  0
|  17|0x000000008bd00000, 0x000000008bda24c0, 0x000000008be00000| 63%| O|  |TAMS 0x000000008bd00000| PB 0x000000008bd00000| Untracked |  0
|  18|0x000000008be00000, 0x000000008bf00000, 0x000000008bf00000|100%| O|Cm|TAMS 0x000000008be00000| PB 0x000000008be00000| Complete |  0
|  19|0x000000008bf00000, 0x000000008c000000, 0x000000008c000000|100%| O|  |TAMS 0x000000008bf00000| PB 0x000000008bf00000| Untracked |  0
|  20|0x000000008c000000, 0x000000008c100000, 0x000000008c100000|100%| O|  |TAMS 0x000000008c000000| PB 0x000000008c000000| Untracked |  0
|  21|0x000000008c100000, 0x000000008c200000, 0x000000008c200000|100%| O|  |TAMS 0x000000008c100000| PB 0x000000008c100000| Untracked |  0
|  22|0x000000008c200000, 0x000000008c300000, 0x000000008c300000|100%| O|Cm|TAMS 0x000000008c200000| PB 0x000000008c200000| Complete |  0
|  23|0x000000008c300000, 0x000000008c400000, 0x000000008c400000|100%| O|  |TAMS 0x000000008c300000| PB 0x000000008c300000| Untracked |  0
|  24|0x000000008c400000, 0x000000008c400000, 0x000000008c500000|  0%| F|  |TAMS 0x000000008c400000| PB 0x000000008c400000| Untracked |  0
|  25|0x000000008c500000, 0x000000008c600000, 0x000000008c600000|100%| O|  |TAMS 0x000000008c500000| PB 0x000000008c500000| Untracked |  0
|  26|0x000000008c600000, 0x000000008c700000, 0x000000008c700000|100%| O|Cm|TAMS 0x000000008c600000| PB 0x000000008c600000| Complete |  0
|  27|0x000000008c700000, 0x000000008c800000, 0x000000008c800000|100%| O|  |TAMS 0x000000008c700000| PB 0x000000008c700000| Untracked |  0
|  28|0x000000008c800000, 0x000000008c900000, 0x000000008c900000|100%| O|Cm|TAMS 0x000000008c800000| PB 0x000000008c800000| Complete |  0
|  29|0x000000008c900000, 0x000000008ca00000, 0x000000008ca00000|100%| O|Cm|TAMS 0x000000008c900000| PB 0x000000008c900000| Complete |  0
|  30|0x000000008ca00000, 0x000000008cb00000, 0x000000008cb00000|100%| O|Cm|TAMS 0x000000008ca00000| PB 0x000000008ca00000| Complete |  0
|  31|0x000000008cb00000, 0x000000008cc00000, 0x000000008cc00000|100%| O|  |TAMS 0x000000008cb00000| PB 0x000000008cb00000| Untracked |  0
|  32|0x000000008cc00000, 0x000000008cd00000, 0x000000008cd00000|100%| O|Cm|TAMS 0x000000008cc00000| PB 0x000000008cc00000| Complete |  0
|  33|0x000000008cd00000, 0x000000008ce00000, 0x000000008ce00000|100%| O|  |TAMS 0x000000008cd00000| PB 0x000000008cd00000| Untracked |  0
|  34|0x000000008ce00000, 0x000000008ce00000, 0x000000008cf00000|  0%| F|  |TAMS 0x000000008ce00000| PB 0x000000008ce00000| Untracked |  0
|  35|0x000000008cf00000, 0x000000008cf00000, 0x000000008d000000|  0%| F|  |TAMS 0x000000008cf00000| PB 0x000000008cf00000| Untracked |  0
|  36|0x000000008d000000, 0x000000008d000000, 0x000000008d100000|  0%| F|  |TAMS 0x000000008d000000| PB 0x000000008d000000| Untracked |  0
|  37|0x000000008d100000, 0x000000008d100000, 0x000000008d200000|  0%| F|  |TAMS 0x000000008d100000| PB 0x000000008d100000| Untracked |  0
|  38|0x000000008d200000, 0x000000008d200000, 0x000000008d300000|  0%| F|  |TAMS 0x000000008d200000| PB 0x000000008d200000| Untracked |  0
|  39|0x000000008d300000, 0x000000008d300000, 0x000000008d400000|  0%| F|  |TAMS 0x000000008d300000| PB 0x000000008d300000| Untracked |  0
|  40|0x000000008d400000, 0x000000008d400000, 0x000000008d500000|  0%| F|  |TAMS 0x000000008d400000| PB 0x000000008d400000| Untracked |  0
|  41|0x000000008d500000, 0x000000008d500000, 0x000000008d600000|  0%| F|  |TAMS 0x000000008d500000| PB 0x000000008d500000| Untracked |  0
|  42|0x000000008d600000, 0x000000008d600000, 0x000000008d700000|  0%| F|  |TAMS 0x000000008d600000| PB 0x000000008d600000| Untracked |  0
|  43|0x000000008d700000, 0x000000008d700000, 0x000000008d800000|  0%| F|  |TAMS 0x000000008d700000| PB 0x000000008d700000| Untracked |  0
|  44|0x000000008d800000, 0x000000008d800000, 0x000000008d900000|  0%| F|  |TAMS 0x000000008d800000| PB 0x000000008d800000| Untracked |  0
|  45|0x000000008d900000, 0x000000008d900000, 0x000000008da00000|  0%| F|  |TAMS 0x000000008d900000| PB 0x000000008d900000| Untracked |  0
|  46|0x000000008da00000, 0x000000008da00000, 0x000000008db00000|  0%| F|  |TAMS 0x000000008da00000| PB 0x000000008da00000| Untracked |  0
|  47|0x000000008db00000, 0x000000008db00000, 0x000000008dc00000|  0%| F|  |TAMS 0x000000008db00000| PB 0x000000008db00000| Untracked |  0
|  48|0x000000008dc00000, 0x000000008dc00000, 0x000000008dd00000|  0%| F|  |TAMS 0x000000008dc00000| PB 0x000000008dc00000| Untracked |  0
|  49|0x000000008dd00000, 0x000000008dd00000, 0x000000008de00000|  0%| F|  |TAMS 0x000000008dd00000| PB 0x000000008dd00000| Untracked |  0
|  50|0x000000008de00000, 0x000000008de00000, 0x000000008df00000|  0%| F|  |TAMS 0x000000008de00000| PB 0x000000008de00000| Untracked |  0
| 110|0x0000000091a00000, 0x0000000091a00000, 0x0000000091b00000|  0%| F|  |TAMS 0x0000000091a00000| PB 0x0000000091a00000| Untracked |  0
| 111|0x0000000091b00000, 0x0000000091b00000, 0x0000000091c00000|  0%| F|  |TAMS 0x0000000091b00000| PB 0x0000000091b00000| Untracked |  0
| 112|0x0000000091c00000, 0x0000000091c00000, 0x0000000091d00000|  0%| F|  |TAMS 0x0000000091c00000| PB 0x0000000091c00000| Untracked |  0
| 113|0x0000000091d00000, 0x0000000091d00000, 0x0000000091e00000|  0%| F|  |TAMS 0x0000000091d00000| PB 0x0000000091d00000| Untracked |  0
| 114|0x0000000091e00000, 0x0000000091e2ac48, 0x0000000091f00000| 16%| S|CS|TAMS 0x0000000091e00000| PB 0x0000000091e00000| Complete |  0
| 117|0x0000000092100000, 0x0000000092100000, 0x0000000092200000|  0%| F|  |TAMS 0x0000000092100000| PB 0x0000000092100000| Untracked |  0
|1874|0x00000000ffe00000, 0x00000000fff00000, 0x00000000fff00000|100%| O|  |TAMS 0x00000000ffe00000| PB 0x00000000ffe00000| Untracked |  0
|1875|0x00000000fff00000, 0x00000000fff00000, 0x0000000100000000|  0%| F|  |TAMS 0x00000000fff00000| PB 0x00000000fff00000| Untracked |  0

Card table byte_map: [0x0000020df4eb0000,0x0000020df5260000] _byte_map_base: 0x0000020df4a5a000

Marking Bits: (CMBitMap*) 0x0000020de8b56d10
 Bits: [0x0000020df5260000, 0x0000020df6fb0000)

Polling page: 0x0000020de68c0000

Metaspace:

Usage:
  Non-class:     46.24 MB used.
      Class:      6.27 MB used.
       Both:     52.52 MB used.

Virtual space:
  Non-class space:       64.00 MB reserved,      46.75 MB ( 73%) committed,  1 nodes.
      Class space:        1.00 GB reserved,       6.56 MB ( <1%) committed,  1 nodes.
             Both:        1.06 GB reserved,      53.31 MB (  5%) committed. 

Chunk freelists:
   Non-Class:  1.01 MB
       Class:  9.54 MB
        Both:  10.54 MB

MaxMetaspaceSize: unlimited
CompressedClassSpaceSize: 1.00 GB
Initial GC threshold: 21.00 MB
Current GC threshold: 88.88 MB
CDS: on
 - commit_granule_bytes: 65536.
 - commit_granule_words: 8192.
 - virtual_space_node_default_size: 8388608.
 - enlarge_chunks_in_place: 1.
UseCompressedClassPointers 1, UseCompactObjectHeaders 0
Narrow klass pointer bits 32, Max shift 3
Narrow klass base: 0x0000020d80000000, Narrow klass shift: 0
Encoding Range: [0x0000020d80000000 - 0x0000020e80000000), (4294967296 bytes)
Klass Range:    [0x0000020d80000000 - 0x0000020dc1000000), (1090519040 bytes)
Klass ID Range:  [8 - 1090519033) (1090519025)


Internal statistics:

num_allocs_failed_limit: 8.
num_arena_births: 806.
num_arena_deaths: 186.
num_vsnodes_births: 2.
num_vsnodes_deaths: 0.
num_space_committed: 853.
num_space_uncommitted: 0.
num_chunks_returned_to_freelist: 218.
num_chunks_taken_from_freelist: 2600.
num_chunk_merges: 46.
num_chunk_splits: 1787.
num_chunks_enlarged: 1379.
num_inconsistent_stats: 0.

CodeCache: size=49152Kb used=10826Kb max_used=12574Kb free=38325Kb
 bounds [0x0000020df1390000, 0x0000020df2020000, 0x0000020df4390000]
 total_blobs=7822, nmethods=7135, adapters=610, full_count=0
Compilation: enabled, stopped_count=0, restarted_count=0

Compilation events (20 events):
Event: 115.654 Thread 0x0000020df969b430 8004       1       java.lang.invoke.InvokerBytecodeGenerator$2::accept (281 bytes)
Event: 115.681 Thread 0x0000020df969b430 nmethod 8004 0x0000020df16a7108 code [0x0000020df16a7600, 0x0000020df16a93e8]
Event: 115.681 Thread 0x0000020df969b430 8003       1       java.lang.invoke.InvokerBytecodeGenerator$2::accept (9 bytes)
Event: 115.682 Thread 0x0000020df969b430 nmethod 8003 0x0000020df15db588 code [0x0000020df15db6a0, 0x0000020df15db7e0]
Event: 115.682 Thread 0x0000020df969b430 8005       1       java.lang.invoke.InvokerBytecodeGenerator::loadMethod (36 bytes)
Event: 115.682 Thread 0x0000020dc6b708a0 8006       1       java.lang.invoke.InvokerBytecodeGenerator::classDataValues (252 bytes)
Event: 115.684 Thread 0x0000020df969b430 nmethod 8005 0x0000020df149b088 code [0x0000020df149b1c0, 0x0000020df149b370]
Event: 115.684 Thread 0x0000020df969b430 8007   !   1       java.lang.invoke.InvokerBytecodeGenerator::resolveInvokerMember (43 bytes)
Event: 115.685 Thread 0x0000020df969b430 nmethod 8007 0x0000020df1761a08 code [0x0000020df1761b40, 0x0000020df1761d90]
Event: 115.685 Thread 0x0000020df969b430 8011       1       java.lang.invoke.LambdaForm$MH/0x0000020d81681800::invoke (61 bytes)
Event: 115.686 Thread 0x0000020df969b430 nmethod 8011 0x0000020df175f388 code [0x0000020df175f4e0, 0x0000020df175f7f0]
Event: 115.686 Thread 0x0000020df969b430 8008       1       java.lang.management.MemoryUsage::getInit (5 bytes)
Event: 115.686 Thread 0x0000020df969b430 nmethod 8008 0x0000020df15dcb08 code [0x0000020df15dcc00, 0x0000020df15dccc8]
Event: 115.687 Thread 0x0000020df969b430 8009       1       java.lang.management.MemoryUsage::getMax (5 bytes)
Event: 115.687 Thread 0x0000020df969b430 nmethod 8009 0x0000020df15dec88 code [0x0000020df15ded80, 0x0000020df15dee48]
Event: 115.687 Thread 0x0000020dc6b708a0 nmethod 8006 0x0000020df1646308 code [0x0000020df1646600, 0x0000020df1647930]
Event: 115.687 Thread 0x0000020df969b430 8010       1       java.lang.management.MemoryUsage::getUsed (5 bytes)
Event: 115.687 Thread 0x0000020df969b430 nmethod 8010 0x0000020df15df788 code [0x0000020df15df880, 0x0000020df15df948]
Event: 115.913 Thread 0x0000020dc6b708a0 8012   !   1       java.util.concurrent.locks.AbstractQueuedSynchronizer::tryInitializeHead (66 bytes)
Event: 115.914 Thread 0x0000020dc6b708a0 nmethod 8012 0x0000020df17fb808 code [0x0000020df17fb940, 0x0000020df17fbc08]

GC Heap History (20 events):
Event: 10.672 GC heap after
{Heap after GC invocations=11 (full 0):
 garbage-first heap   total reserved 1921024K, committed 58368K, used 26928K [0x000000008ac00000, 0x0000000100000000)
  region size 1024K, 3 young (3072K), 3 survivors (3072K)
 Metaspace       used 43387K, committed 43904K, reserved 1114112K
  class space    used 5021K, committed 5248K, reserved 1048576K
}
Event: 11.000 GC heap before
{Heap before GC invocations=11 (full 0):
 garbage-first heap   total reserved 1921024K, committed 58368K, used 48432K [0x000000008ac00000, 0x0000000100000000)
  region size 1024K, 25 young (25600K), 3 survivors (3072K)
 Metaspace       used 44381K, committed 44864K, reserved 1114112K
  class space    used 5176K, committed 5376K, reserved 1048576K
}
Event: 11.005 GC heap after
{Heap after GC invocations=12 (full 0):
 garbage-first heap   total reserved 1921024K, committed 58368K, used 28012K [0x000000008ac00000, 0x0000000100000000)
  region size 1024K, 2 young (2048K), 2 survivors (2048K)
 Metaspace       used 44381K, committed 44864K, reserved 1114112K
  class space    used 5176K, committed 5376K, reserved 1048576K
}
Event: 11.597 GC heap before
{Heap before GC invocations=12 (full 0):
 garbage-first heap   total reserved 1921024K, committed 58368K, used 50540K [0x000000008ac00000, 0x0000000100000000)
  region size 1024K, 24 young (24576K), 2 survivors (2048K)
 Metaspace       used 45539K, committed 46144K, reserved 1114112K
  class space    used 5333K, committed 5568K, reserved 1048576K
}
Event: 11.601 GC heap after
{Heap after GC invocations=13 (full 0):
 garbage-first heap   total reserved 1921024K, committed 58368K, used 29502K [0x000000008ac00000, 0x0000000100000000)
  region size 1024K, 3 young (3072K), 3 survivors (3072K)
 Metaspace       used 45539K, committed 46144K, reserved 1114112K
  class space    used 5333K, committed 5568K, reserved 1048576K
}
Event: 14.436 GC heap before
{Heap before GC invocations=14 (full 0):
 garbage-first heap   total reserved 1921024K, committed 58368K, used 51006K [0x000000008ac00000, 0x0000000100000000)
  region size 1024K, 24 young (24576K), 3 survivors (3072K)
 Metaspace       used 47093K, committed 47680K, reserved 1114112K
  class space    used 5541K, committed 5760K, reserved 1048576K
}
Event: 14.440 GC heap after
{Heap after GC invocations=15 (full 0):
 garbage-first heap   total reserved 1921024K, committed 58368K, used 31456K [0x000000008ac00000, 0x0000000100000000)
  region size 1024K, 2 young (2048K), 2 survivors (2048K)
 Metaspace       used 47093K, committed 47680K, reserved 1114112K
  class space    used 5541K, committed 5760K, reserved 1048576K
}
Event: 17.400 GC heap before
{Heap before GC invocations=15 (full 0):
 garbage-first heap   total reserved 1921024K, committed 58368K, used 51936K [0x000000008ac00000, 0x0000000100000000)
  region size 1024K, 22 young (22528K), 2 survivors (2048K)
 Metaspace       used 48818K, committed 49408K, reserved 1114112K
  class space    used 5760K, committed 6016K, reserved 1048576K
}
Event: 17.405 GC heap after
{Heap after GC invocations=16 (full 0):
 garbage-first heap   total reserved 1921024K, committed 58368K, used 32885K [0x000000008ac00000, 0x0000000100000000)
  region size 1024K, 2 young (2048K), 2 survivors (2048K)
 Metaspace       used 48818K, committed 49408K, reserved 1114112K
  class space    used 5760K, committed 6016K, reserved 1048576K
}
Event: 20.500 GC heap before
{Heap before GC invocations=16 (full 0):
 garbage-first heap   total reserved 1921024K, committed 58368K, used 51317K [0x000000008ac00000, 0x0000000100000000)
  region size 1024K, 20 young (20480K), 2 survivors (2048K)
 Metaspace       used 50863K, committed 51456K, reserved 1114112K
  class space    used 6057K, committed 6272K, reserved 1048576K
}
Event: 20.505 GC heap after
{Heap after GC invocations=17 (full 0):
 garbage-first heap   total reserved 1921024K, committed 58368K, used 34097K [0x000000008ac00000, 0x0000000100000000)
  region size 1024K, 2 young (2048K), 2 survivors (2048K)
 Metaspace       used 50863K, committed 51456K, reserved 1114112K
  class space    used 6057K, committed 6272K, reserved 1048576K
}
Event: 23.070 GC heap before
{Heap before GC invocations=18 (full 0):
 garbage-first heap   total reserved 1921024K, committed 60416K, used 50481K [0x000000008ac00000, 0x0000000100000000)
  region size 1024K, 18 young (18432K), 2 survivors (2048K)
 Metaspace       used 51991K, committed 52544K, reserved 1114112K
  class space    used 6234K, committed 6464K, reserved 1048576K
}
Event: 23.073 GC heap after
{Heap after GC invocations=19 (full 0):
 garbage-first heap   total reserved 1921024K, committed 60416K, used 35188K [0x000000008ac00000, 0x0000000100000000)
  region size 1024K, 3 young (3072K), 3 survivors (3072K)
 Metaspace       used 51991K, committed 52544K, reserved 1114112K
  class space    used 6234K, committed 6464K, reserved 1048576K
}
Event: 28.075 GC heap before
{Heap before GC invocations=19 (full 0):
 garbage-first heap   total reserved 1921024K, committed 60416K, used 51572K [0x000000008ac00000, 0x0000000100000000)
  region size 1024K, 19 young (19456K), 3 survivors (3072K)
 Metaspace       used 53770K, committed 54464K, reserved 1114112K
  class space    used 6434K, committed 6720K, reserved 1048576K
}
Event: 28.080 GC heap after
{Heap after GC invocations=20 (full 0):
 garbage-first heap   total reserved 1921024K, committed 60416K, used 34980K [0x000000008ac00000, 0x0000000100000000)
  region size 1024K, 2 young (2048K), 2 survivors (2048K)
 Metaspace       used 53770K, committed 54464K, reserved 1114112K
  class space    used 6434K, committed 6720K, reserved 1048576K
}
Event: 87.865 GC heap before
{Heap before GC invocations=20 (full 0):
 garbage-first heap   total reserved 1921024K, committed 60416K, used 53412K [0x000000008ac00000, 0x0000000100000000)
  region size 1024K, 20 young (20480K), 2 survivors (2048K)
 Metaspace       used 53912K, committed 54592K, reserved 1114112K
  class space    used 6464K, committed 6720K, reserved 1048576K
}
Event: 90.957 GC heap after
{Heap after GC invocations=21 (full 0):
 garbage-first heap   total reserved 1921024K, committed 60416K, used 34976K [0x000000008ac00000, 0x0000000100000000)
  region size 1024K, 2 young (2048K), 2 survivors (2048K)
 Metaspace       used 53912K, committed 54592K, reserved 1114112K
  class space    used 6464K, committed 6720K, reserved 1048576K
}
Event: 111.042 GC heap before
{Heap before GC invocations=22 (full 0):
 garbage-first heap   total reserved 1921024K, committed 60416K, used 36000K [0x000000008ac00000, 0x0000000100000000)
  region size 1024K, 3 young (3072K), 2 survivors (2048K)
 Metaspace       used 53767K, committed 54592K, reserved 1114112K
  class space    used 6421K, committed 6720K, reserved 1048576K
}
Event: 111.047 GC heap after
{Heap after GC invocations=23 (full 0):
 garbage-first heap   total reserved 1921024K, committed 60416K, used 34918K [0x000000008ac00000, 0x0000000100000000)
  region size 1024K, 1 young (1024K), 1 survivors (1024K)
 Metaspace       used 53767K, committed 54592K, reserved 1114112K
  class space    used 6421K, committed 6720K, reserved 1048576K
}
Event: 116.661 GC heap before
{Heap before GC invocations=23 (full 0):
 garbage-first heap   total reserved 1921024K, committed 60416K, used 35942K [0x000000008ac00000, 0x0000000100000000)
  region size 1024K, 2 young (2048K), 1 survivors (1024K)
 Metaspace       used 53777K, committed 54592K, reserved 1114112K
  class space    used 6424K, committed 6720K, reserved 1048576K
}

Dll operation events (13 events):
Event: 0.039 Loaded shared library C:\Users\USER\.jdks\openjdk-24.0.1\bin\java.dll
Event: 0.519 Loaded shared library C:\Users\USER\.jdks\openjdk-24.0.1\bin\zip.dll
Event: 0.526 Loaded shared library C:\Users\USER\.jdks\openjdk-24.0.1\bin\instrument.dll
Event: 0.542 Loaded shared library C:\Users\USER\.jdks\openjdk-24.0.1\bin\net.dll
Event: 0.549 Loaded shared library C:\Users\USER\.jdks\openjdk-24.0.1\bin\nio.dll
Event: 0.557 Loaded shared library C:\Users\USER\.jdks\openjdk-24.0.1\bin\zip.dll
Event: 1.708 Loaded shared library C:\Program Files\JetBrains\IntelliJ IDEA 2024.3\bin\breakgen64.dll
Event: 1.723 Loaded shared library C:\Users\USER\.jdks\openjdk-24.0.1\bin\jimage.dll
Event: 1.757 Loaded shared library C:\Users\USER\.jdks\openjdk-24.0.1\bin\extnet.dll
Event: 1.861 Loaded shared library C:\Users\USER\.jdks\openjdk-24.0.1\bin\management.dll
Event: 1.897 Loaded shared library C:\Users\USER\.jdks\openjdk-24.0.1\bin\management_ext.dll
Event: 5.461 Loaded shared library C:\Users\USER\.jdks\openjdk-24.0.1\bin\sunmscapi.dll
Event: 7.549 Loaded shared library C:\Users\USER\.jdks\openjdk-24.0.1\bin\verify.dll

Deoptimization events (2 events):
Event: 11.303 Thread 0x0000020dc624a1a0 DEOPT PACKING pc=0x0000020df1cc177c sp=0x00000049d85fc4d0
Event: 11.304 Thread 0x0000020dc624a1a0 DEOPT UNPACKING pc=0x0000020df13e5722 sp=0x00000049d85fb900 mode 0

Classes loaded (20 events):
Event: 35.113 Loading class com/sun/beans/introspect/ClassInfo$1
Event: 35.113 Loading class com/sun/beans/util/Cache
Event: 35.115 Loading class com/sun/beans/util/Cache done
Event: 35.116 Loading class com/sun/beans/introspect/ClassInfo$1 done
Event: 35.116 Loading class com/sun/beans/util/Cache$Kind
Event: 35.133 Loading class com/sun/beans/util/Cache$Kind done
Event: 35.133 Loading class com/sun/beans/util/Cache$Kind$1
Event: 35.152 Loading class com/sun/beans/util/Cache$Kind$1 done
Event: 35.152 Loading class com/sun/beans/util/Cache$Kind$2
Event: 35.152 Loading class com/sun/beans/util/Cache$Kind$2 done
Event: 35.152 Loading class com/sun/beans/util/Cache$Kind$3
Event: 35.152 Loading class com/sun/beans/util/Cache$Kind$3 done
Event: 35.152 Loading class com/sun/beans/util/Cache$CacheEntry
Event: 35.152 Loading class com/sun/beans/util/Cache$CacheEntry done
Event: 35.435 Loading class java/lang/invoke/BoundMethodHandle$Species_LLLLLLL
Event: 35.435 Loading class java/lang/invoke/BoundMethodHandle$Species_LLLLLLL done
Event: 35.437 Loading class com/sun/jmx/remote/util/OrderClassLoaders
Event: 35.438 Loading class com/sun/jmx/remote/util/OrderClassLoaders done
Event: 35.438 Loading class java/rmi/MarshalledObject$MarshalledObjectInputStream
Event: 35.439 Loading class java/rmi/MarshalledObject$MarshalledObjectInputStream done

Classes unloaded (20 events):
Event: 94.525 Thread 0x0000020df9682cc0 Unloading class 0x0000020d810ba400 'java/lang/invoke/LambdaForm$MH+0x0000020d810ba400'
Event: 94.525 Thread 0x0000020df9682cc0 Unloading class 0x0000020d810ba000 'java/lang/invoke/LambdaForm$MH+0x0000020d810ba000'
Event: 94.525 Thread 0x0000020df9682cc0 Unloading class 0x0000020d810b9400 'java/lang/invoke/LambdaForm$MH+0x0000020d810b9400'
Event: 94.525 Thread 0x0000020df9682cc0 Unloading class 0x0000020d810b8000 'java/lang/invoke/LambdaForm$MH+0x0000020d810b8000'
Event: 94.525 Thread 0x0000020df9682cc0 Unloading class 0x0000020d810b3800 'java/lang/invoke/LambdaForm$MH+0x0000020d810b3800'
Event: 94.525 Thread 0x0000020df9682cc0 Unloading class 0x0000020d810b3400 'java/lang/invoke/LambdaForm$MH+0x0000020d810b3400'
Event: 94.525 Thread 0x0000020df9682cc0 Unloading class 0x0000020d810b3000 'java/lang/invoke/LambdaForm$MH+0x0000020d810b3000'
Event: 94.525 Thread 0x0000020df9682cc0 Unloading class 0x0000020d810b2c00 'java/lang/invoke/LambdaForm$MH+0x0000020d810b2c00'
Event: 94.525 Thread 0x0000020df9682cc0 Unloading class 0x0000020d810b2800 'java/lang/invoke/LambdaForm$MH+0x0000020d810b2800'
Event: 94.525 Thread 0x0000020df9682cc0 Unloading class 0x0000020d810b2400 'java/lang/invoke/LambdaForm$BMH+0x0000020d810b2400'
Event: 94.526 Thread 0x0000020df9682cc0 Unloading class 0x0000020d81088c00 'java/lang/invoke/LambdaForm$BMH+0x0000020d81088c00'
Event: 94.526 Thread 0x0000020df9682cc0 Unloading class 0x0000020d8100a400 'java/lang/invoke/LambdaForm$MH+0x0000020d8100a400'
Event: 94.526 Thread 0x0000020df9682cc0 Unloading class 0x0000020d81009400 'java/lang/invoke/LambdaForm$DMH+0x0000020d81009400'
Event: 94.526 Thread 0x0000020df9682cc0 Unloading class 0x0000020d81008c00 'java/lang/invoke/LambdaForm$DMH+0x0000020d81008c00'
Event: 94.526 Thread 0x0000020df9682cc0 Unloading class 0x0000020d81007400 'java/lang/invoke/LambdaForm$DMH+0x0000020d81007400'
Event: 94.526 Thread 0x0000020df9682cc0 Unloading class 0x0000020d81007000 'java/lang/invoke/LambdaForm$DMH+0x0000020d81007000'
Event: 94.526 Thread 0x0000020df9682cc0 Unloading class 0x0000020d81002400 'java/lang/invoke/LambdaForm$MH+0x0000020d81002400'
Event: 94.526 Thread 0x0000020df9682cc0 Unloading class 0x0000020d81002000 'java/lang/invoke/LambdaForm$MH+0x0000020d81002000'
Event: 94.526 Thread 0x0000020df9682cc0 Unloading class 0x0000020d81001c00 'java/lang/invoke/LambdaForm$MH+0x0000020d81001c00'
Event: 94.526 Thread 0x0000020df9682cc0 Unloading class 0x0000020d81001400 'java/lang/invoke/LambdaForm$MH+0x0000020d81001400'

Classes redefined (0 events):
No events

Internal exceptions (20 events):
Event: 33.209 Thread 0x0000020dc624a1a0 Implicit null exception at 0x0000020df1e79598 to 0x0000020df1e799a4
Event: 33.209 Thread 0x0000020dc624a1a0 Exception <a 'java/lang/NullPointerException'{0x0000000091aad578}> (0x0000000091aad578) 
thrown [s\open\src\hotspot\share\runtime\sharedRuntime.cpp, line 678]
Event: 33.209 Thread 0x0000020dc624a1a0 Implicit null exception at 0x0000020df1e79598 to 0x0000020df1e799a4
Event: 33.209 Thread 0x0000020dc624a1a0 Exception <a 'java/lang/NullPointerException'{0x0000000091aadd98}> (0x0000000091aadd98) 
thrown [s\open\src\hotspot\share\runtime\sharedRuntime.cpp, line 678]
Event: 33.209 Thread 0x0000020dc624a1a0 Implicit null exception at 0x0000020df1e79598 to 0x0000020df1e799a4
Event: 33.209 Thread 0x0000020dc624a1a0 Exception <a 'java/lang/NullPointerException'{0x0000000091aaec60}> (0x0000000091aaec60) 
thrown [s\open\src\hotspot\share\runtime\sharedRuntime.cpp, line 678]
Event: 33.931 Thread 0x0000020dc624a1a0 Implicit null exception at 0x0000020df1e79598 to 0x0000020df1e799a4
Event: 33.931 Thread 0x0000020dc624a1a0 Exception <a 'java/lang/NullPointerException'{0x000000008deae2c8}> (0x000000008deae2c8) 
thrown [s\open\src\hotspot\share\runtime\sharedRuntime.cpp, line 678]
Event: 33.931 Thread 0x0000020dc624a1a0 Implicit null exception at 0x0000020df1e79598 to 0x0000020df1e799a4
Event: 33.931 Thread 0x0000020dc624a1a0 Exception <a 'java/lang/NullPointerException'{0x000000008deafa48}> (0x000000008deafa48) 
thrown [s\open\src\hotspot\share\runtime\sharedRuntime.cpp, line 678]
Event: 34.635 Thread 0x0000020dc624a1a0 Implicit null exception at 0x0000020df1e79598 to 0x0000020df1e799a4
Event: 34.635 Thread 0x0000020dc624a1a0 Exception <a 'java/lang/NullPointerException'{0x000000008dda6b18}> (0x000000008dda6b18) 
thrown [s\open\src\hotspot\share\runtime\sharedRuntime.cpp, line 678]
Event: 34.635 Thread 0x0000020dc624a1a0 Implicit null exception at 0x0000020df1e79598 to 0x0000020df1e799a4
Event: 34.635 Thread 0x0000020dc624a1a0 Exception <a 'java/lang/NullPointerException'{0x000000008dda7338}> (0x000000008dda7338) 
thrown [s\open\src\hotspot\share\runtime\sharedRuntime.cpp, line 678]
Event: 34.635 Thread 0x0000020dc624a1a0 Implicit null exception at 0x0000020df1e79598 to 0x0000020df1e799a4
Event: 34.635 Thread 0x0000020dc624a1a0 Exception <a 'java/lang/NullPointerException'{0x000000008dda8af8}> (0x000000008dda8af8) 
thrown [s\open\src\hotspot\share\runtime\sharedRuntime.cpp, line 678]
Event: 34.635 Thread 0x0000020dc624a1a0 Implicit null exception at 0x0000020df1e79598 to 0x0000020df1e799a4
Event: 34.635 Thread 0x0000020dc624a1a0 Exception <a 'java/lang/NullPointerException'{0x000000008dda9980}> (0x000000008dda9980) 
thrown [s\open\src\hotspot\share\runtime\sharedRuntime.cpp, line 678]
Event: 35.432 Thread 0x0000020dc7f09240 Exception <a 'java/lang/NoSuchMethodError'{0x000000008db09508}: 'java.lang.Object java.lang.invoke.DirectMethodHandle$Holder.invokeInterface(java.lang.Object, java.lang.Object, java.lang.Object, java.lang.Object, java.lang.Object, java.lang.Object, java.lang.Object)'> (0x000000008db09508) 
thrown [s\open\src\hotspot\share\interpreter\linkResolver.cpp, line 805]
Event: 35.436 Thread 0x0000020dc7f09240 Exception <a 'java/lang/NoSuchMethodError'{0x000000008db5c460}: 'java.lang.Object java.lang.invoke.DirectMethodHandle$Holder.invokeStatic(java.lang.Object, java.lang.Object, java.lang.Object, java.lang.Object, java.lang.Object, java.lang.Object, java.lang.Object, java.lang.Object, java.lang.Object, java.lang.Object)'> (0x000000008db5c460) 
thrown [s\open\src\hotspot\share\interpreter\linkResolver.cpp, line 805]

VM Operations (20 events):
Event: 23.073 Executing VM operation: G1CollectForAllocation (G1 Evacuation Pause) done
Event: 25.853 Executing VM operation: HandshakeAllThreads (Deoptimize)
Event: 25.853 Executing VM operation: HandshakeAllThreads (Deoptimize) done
Event: 28.075 Executing VM operation: G1CollectForAllocation (G1 Evacuation Pause)
Event: 28.080 Executing VM operation: G1CollectForAllocation (G1 Evacuation Pause) done
Event: 35.440 Executing VM operation: HandshakeAllThreads (Deoptimize)
Event: 35.440 Executing VM operation: HandshakeAllThreads (Deoptimize) done
Event: 60.296 Executing VM operation: HandshakeAllThreads (HandshakeForDeflation)
Event: 60.297 Executing VM operation: HandshakeAllThreads (HandshakeForDeflation) done
Event: 60.297 Executing VM operation: RendezvousGCThreads
Event: 60.297 Executing VM operation: RendezvousGCThreads done
Event: 87.026 Executing VM operation: G1CollectForAllocation (G1 Evacuation Pause)
Event: 91.070 Executing VM operation: G1CollectForAllocation (G1 Evacuation Pause) done
Event: 93.886 Executing VM operation: G1PauseRemark
Event: 108.018 Executing VM operation: G1PauseRemark done
Event: 108.031 Executing VM operation: G1PauseCleanup
Event: 108.440 Executing VM operation: G1PauseCleanup done
Event: 111.042 Executing VM operation: G1CollectForAllocation (G1 Evacuation Pause)
Event: 111.047 Executing VM operation: G1CollectForAllocation (G1 Evacuation Pause) done
Event: 116.661 Executing VM operation: G1CollectForAllocation (G1 Evacuation Pause)

Memory protections (0 events):
No events

Nmethod flushes (20 events):
Event: 105.223 Thread 0x0000020df9682cc0 flushing  nmethod 0x0000020df189b508
Event: 105.223 Thread 0x0000020df9682cc0 flushing  nmethod 0x0000020df189bb08
Event: 105.223 Thread 0x0000020df9682cc0 flushing  nmethod 0x0000020df189e588
Event: 105.223 Thread 0x0000020df9682cc0 flushing  nmethod 0x0000020df189e888
Event: 105.223 Thread 0x0000020df9682cc0 flushing  nmethod 0x0000020df189f588
Event: 105.223 Thread 0x0000020df9682cc0 flushing  nmethod 0x0000020df189f888
Event: 105.223 Thread 0x0000020df9682cc0 flushing  nmethod 0x0000020df18a0408
Event: 105.223 Thread 0x0000020df9682cc0 flushing  nmethod 0x0000020df18a0708
Event: 105.223 Thread 0x0000020df9682cc0 flushing  nmethod 0x0000020df18a1d88
Event: 105.223 Thread 0x0000020df9682cc0 flushing  nmethod 0x0000020df18a2088
Event: 105.223 Thread 0x0000020df9682cc0 flushing  nmethod 0x0000020df18a2388
Event: 105.223 Thread 0x0000020df9682cc0 flushing  nmethod 0x0000020df18a3c88
Event: 105.223 Thread 0x0000020df9682cc0 flushing  nmethod 0x0000020df18a3f88
Event: 105.223 Thread 0x0000020df9682cc0 flushing  nmethod 0x0000020df18a4b88
Event: 105.223 Thread 0x0000020df9682cc0 flushing  nmethod 0x0000020df18a5688
Event: 105.223 Thread 0x0000020df9682cc0 flushing  nmethod 0x0000020df18e0c08
Event: 105.223 Thread 0x0000020df9682cc0 flushing  nmethod 0x0000020df1917708
Event: 105.223 Thread 0x0000020df9682cc0 flushing  nmethod 0x0000020df193b308
Event: 105.223 Thread 0x0000020df9682cc0 flushing  nmethod 0x0000020df1b10988
Event: 105.223 Thread 0x0000020df9682cc0 flushing  nmethod 0x0000020df1d1a288

Events (20 events):
Event: 35.338 Thread 0x0000020dc7f09240 Thread exited: 0x0000020dc7f09240
Event: 35.423 Thread 0x0000020dc60c1db0 Thread added: 0x0000020dc7f09240
Event: 35.425 Thread 0x0000020dc7f09240 Thread added: 0x0000020dc7f05f10
Event: 35.442 Thread 0x0000020dc7f05f10 Thread exited: 0x0000020dc7f05f10
Event: 35.446 Thread 0x0000020dc7f09240 Thread added: 0x0000020dc7f05f10
Event: 35.455 Thread 0x0000020dc7f05f10 Thread exited: 0x0000020dc7f05f10
Event: 37.940 Thread 0x0000020dc6b71f50 Thread exited: 0x0000020dc6b71f50
Event: 40.987 Thread 0x0000020df969b430 Thread added: 0x0000020dc6b708a0
Event: 40.987 Thread 0x0000020df969b430 Thread added: 0x0000020dc6b71f50
Event: 41.899 Thread 0x0000020dc6b708a0 Thread exited: 0x0000020dc6b708a0
Event: 41.899 Thread 0x0000020dc6b71f50 Thread exited: 0x0000020dc6b71f50
Event: 47.967 Thread 0x0000020dc7f083a0 Thread exited: 0x0000020dc7f083a0
Event: 69.338 Thread 0x0000020dc588cfb0 Thread exited: 0x0000020dc588cfb0
Event: 92.226 Thread 0x0000020df969b430 Thread added: 0x0000020dc6b71f50
Event: 92.226 Thread 0x0000020df969b430 Thread added: 0x0000020dc6b73d90
Event: 92.227 Thread 0x0000020df969b430 Thread added: 0x0000020dc6b708a0
Event: 108.018 Thread 0x0000020dc6b708a0 Thread exited: 0x0000020dc6b708a0
Event: 110.136 Thread 0x0000020dc6b73d90 Thread exited: 0x0000020dc6b73d90
Event: 110.136 Thread 0x0000020dc6b71f50 Thread exited: 0x0000020dc6b71f50
Event: 115.681 Thread 0x0000020df969b430 Thread added: 0x0000020dc6b708a0


Dynamic libraries:
0x00007ff7c9fb0000 - 0x00007ff7c9fbe000 	C:\Users\USER\.jdks\openjdk-24.0.1\bin\java.exe
0x00007ffcb2b00000 - 0x00007ffcb2d67000 	C:\WINDOWS\SYSTEM32\ntdll.dll
0x00007ffc8f640000 - 0x00007ffc8f660000 	C:\Program Files\Avast Software\Avast\aswhook.dll
0x00007ffcb1b00000 - 0x00007ffcb1bc9000 	C:\WINDOWS\System32\KERNEL32.DLL
0x00007ffcb0270000 - 0x00007ffcb0661000 	C:\WINDOWS\System32\KERNELBASE.dll
0x00007ffcaf690000 - 0x00007ffcaf7db000 	C:\WINDOWS\System32\ucrtbase.dll
0x00007ffc994b0000 - 0x00007ffc994cb000 	C:\Users\USER\.jdks\openjdk-24.0.1\bin\VCRUNTIME140.dll
0x00007ffc902c0000 - 0x00007ffc902d6000 	C:\Users\USER\.jdks\openjdk-24.0.1\bin\jli.dll
0x00007ffcb18c0000 - 0x00007ffcb1a85000 	C:\WINDOWS\System32\USER32.dll
0x00007ffcb07e0000 - 0x00007ffcb0807000 	C:\WINDOWS\System32\win32u.dll
0x00007ffc84940000 - 0x00007ffc84bd3000 	C:\WINDOWS\WinSxS\amd64_microsoft.windows.common-controls_6595b64144ccf1df_6.0.26100.8037_none_3e092faae333b53b\COMCTL32.dll
0x00007ffcb1bd0000 - 0x00007ffcb1c79000 	C:\WINDOWS\System32\msvcrt.dll
0x00007ffcb2280000 - 0x00007ffcb22ab000 	C:\WINDOWS\System32\GDI32.dll
0x00007ffcaf3e0000 - 0x00007ffcaf50b000 	C:\WINDOWS\System32\gdi32full.dll
0x00007ffcb01c0000 - 0x00007ffcb0263000 	C:\WINDOWS\System32\msvcp_win.dll
0x00007ffcb2a80000 - 0x00007ffcb2ab1000 	C:\WINDOWS\System32\IMM32.DLL
0x00007ffc902b0000 - 0x00007ffc902bc000 	C:\Users\USER\.jdks\openjdk-24.0.1\bin\vcruntime140_1.dll
0x00007ffc64a60000 - 0x00007ffc64aee000 	C:\Users\USER\.jdks\openjdk-24.0.1\bin\msvcp140.dll
0x00007ffbd6620000 - 0x00007ffbd73c2000 	C:\Users\USER\.jdks\openjdk-24.0.1\bin\server\jvm.dll
0x00007ffcb1320000 - 0x00007ffcb13db000 	C:\WINDOWS\System32\ADVAPI32.dll
0x00007ffcb08a0000 - 0x00007ffcb0947000 	C:\WINDOWS\System32\sechost.dll
0x00007ffcb1fa0000 - 0x00007ffcb20b8000 	C:\WINDOWS\System32\RPCRT4.dll
0x00007ffcb2570000 - 0x00007ffcb25e4000 	C:\WINDOWS\System32\WS2_32.dll
0x00007ffca7f60000 - 0x00007ffca7f6b000 	C:\WINDOWS\SYSTEM32\VERSION.dll
0x00007ffca6090000 - 0x00007ffca60c5000 	C:\WINDOWS\SYSTEM32\WINMM.dll
0x00007ffcaf260000 - 0x00007ffcaf2be000 	C:\WINDOWS\SYSTEM32\POWRPROF.dll
0x00007ffcaf240000 - 0x00007ffcaf254000 	C:\WINDOWS\SYSTEM32\UMPDC.dll
0x00007ffcae170000 - 0x00007ffcae18b000 	C:\WINDOWS\SYSTEM32\kernel.appcore.dll
0x00007ffc8e300000 - 0x00007ffc8e30a000 	C:\Users\USER\.jdks\openjdk-24.0.1\bin\jimage.dll
0x00007ffca6870000 - 0x00007ffca6ab2000 	C:\WINDOWS\SYSTEM32\DBGHELP.DLL
0x00007ffcb2690000 - 0x00007ffcb2a12000 	C:\WINDOWS\System32\combase.dll
0x00007ffcb2490000 - 0x00007ffcb2567000 	C:\WINDOWS\System32\OLEAUT32.dll
0x00007ffca32e0000 - 0x00007ffca331b000 	C:\WINDOWS\SYSTEM32\dbgcore.DLL
0x00007ffcb0110000 - 0x00007ffcb01b5000 	C:\WINDOWS\System32\bcryptPrimitives.dll
0x00007ffc8a0c0000 - 0x00007ffc8a0cf000 	C:\Users\USER\.jdks\openjdk-24.0.1\bin\instrument.dll
0x00007ffc8a100000 - 0x00007ffc8a11e000 	C:\Users\USER\.jdks\openjdk-24.0.1\bin\java.dll
0x00007ffcb10c0000 - 0x00007ffcb1255000 	C:\WINDOWS\System32\ole32.dll
0x00007ffcb0950000 - 0x00007ffcb10af000 	C:\WINDOWS\System32\SHELL32.dll
0x00007ffcb0670000 - 0x00007ffcb07da000 	C:\WINDOWS\System32\wintypes.dll
0x00007ffcaf8a0000 - 0x00007ffcb0104000 	C:\WINDOWS\System32\windows.storage.dll
0x00007ffcb2180000 - 0x00007ffcb2277000 	C:\WINDOWS\System32\SHCORE.dll
0x00007ffcb1a90000 - 0x00007ffcb1af7000 	C:\WINDOWS\System32\shlwapi.dll
0x00007ffcaf300000 - 0x00007ffcaf329000 	C:\WINDOWS\SYSTEM32\profapi.dll
0x00007ffc843e0000 - 0x00007ffc843f7000 	C:\Users\USER\.jdks\openjdk-24.0.1\bin\zip.dll
0x00007ffc8e2f0000 - 0x00007ffc8e300000 	C:\Users\USER\.jdks\openjdk-24.0.1\bin\net.dll
0x00007ffcae6e0000 - 0x00007ffcae74b000 	C:\WINDOWS\system32\mswsock.dll
0x00007ffc84590000 - 0x00007ffc845a6000 	C:\Users\USER\.jdks\openjdk-24.0.1\bin\nio.dll
0x00007ffc84350000 - 0x00007ffc8436a000 	C:\Program Files\JetBrains\IntelliJ IDEA 2024.3\bin\breakgen64.dll
0x00007ffcadc70000 - 0x00007ffcadd9a000 	C:\WINDOWS\SYSTEM32\DNSAPI.dll
0x00007ffcadaa0000 - 0x00007ffcadad3000 	C:\WINDOWS\SYSTEM32\IPHLPAPI.DLL
0x00007ffcb2160000 - 0x00007ffcb216a000 	C:\WINDOWS\System32\NSI.dll
0x00007ffc8a140000 - 0x00007ffc8a149000 	C:\Users\USER\.jdks\openjdk-24.0.1\bin\extnet.dll
0x00007ffca7f70000 - 0x00007ffca7f7b000 	C:\Windows\System32\rasadhlp.dll
0x00007ffca8e60000 - 0x00007ffca8ee6000 	C:\WINDOWS\System32\fwpuclnt.dll
0x00007ffc8a130000 - 0x00007ffc8a13a000 	C:\Users\USER\.jdks\openjdk-24.0.1\bin\management.dll
0x00007ffc8a120000 - 0x00007ffc8a12b000 	C:\Users\USER\.jdks\openjdk-24.0.1\bin\management_ext.dll
0x00007ffcb25f0000 - 0x00007ffcb25f8000 	C:\WINDOWS\System32\PSAPI.DLL
0x00007ffcae9c0000 - 0x00007ffcae9db000 	C:\WINDOWS\SYSTEM32\CRYPTSP.dll
0x00007ffcae0d0000 - 0x00007ffcae109000 	C:\WINDOWS\system32\rsaenh.dll
0x00007ffcae790000 - 0x00007ffcae7c2000 	C:\WINDOWS\SYSTEM32\USERENV.dll
0x00007ffcaf2d0000 - 0x00007ffcaf2fa000 	C:\WINDOWS\SYSTEM32\bcrypt.dll
0x00007ffcae9e0000 - 0x00007ffcae9ec000 	C:\WINDOWS\SYSTEM32\CRYPTBASE.dll
0x00007ffc8b360000 - 0x00007ffc8b378000 	C:\WINDOWS\system32\napinsp.dll
0x00007ffc8b340000 - 0x00007ffc8b352000 	C:\WINDOWS\System32\winrnr.dll
0x00007ffc8b310000 - 0x00007ffc8b332000 	C:\WINDOWS\system32\nlansp_c.dll
0x00007ffca6040000 - 0x00007ffca6056000 	C:\WINDOWS\system32\wshbth.dll
0x00007ffc90dc0000 - 0x00007ffc90e16000 	C:\WINDOWS\SYSTEM32\pdh.dll
0x00007ffc8e2b0000 - 0x00007ffc8e2be000 	C:\Users\USER\.jdks\openjdk-24.0.1\bin\sunmscapi.dll
0x00007ffcaf510000 - 0x00007ffcaf687000 	C:\WINDOWS\System32\CRYPT32.dll
0x00007ffcaebe0000 - 0x00007ffcaec10000 	C:\WINDOWS\SYSTEM32\ncrypt.dll
0x00007ffcaeb90000 - 0x00007ffcaebcf000 	C:\WINDOWS\SYSTEM32\NTASN1.dll
0x00007ffc843d0000 - 0x00007ffc843e0000 	C:\Users\USER\.jdks\openjdk-24.0.1\bin\verify.dll
0x00007ffca86b0000 - 0x00007ffca86cd000 	C:\WINDOWS\SYSTEM32\dhcpcsvc6.DLL
0x00007ffca8680000 - 0x00007ffca86a3000 	C:\WINDOWS\SYSTEM32\dhcpcsvc.DLL
0x00007ffc61f00000 - 0x00007ffc61f08000 	C:\WINDOWS\system32\wshunix.dll
0x00007ffc25bf0000 - 0x00007ffc25c02000 	C:\WINDOWS\System32\perfproc.dll

JVMTI agents:
C:\Program Files\JetBrains\IntelliJ IDEA 2024.3\lib\idea_rt.jar path:C:\Users\USER\.jdks\openjdk-24.0.1\bin\instrument.dll, loaded, initialized, instrumentlib options:57462:C:\Program Files\JetBrains\IntelliJ IDEA 2024.3\bin

dbghelp: loaded successfully - version: 4.0.5 - missing functions: none
symbol engine: initialized successfully - sym options: 0x614 - pdb path: .;C:\Users\USER\.jdks\openjdk-24.0.1\bin;C:\WINDOWS\SYSTEM32;C:\Program Files\Avast Software\Avast;C:\WINDOWS\WinSxS\amd64_microsoft.windows.common-controls_6595b64144ccf1df_6.0.26100.8037_none_3e092faae333b53b;C:\Users\USER\.jdks\openjdk-24.0.1\bin\server;C:\Program Files\JetBrains\IntelliJ IDEA 2024.3\bin

VM Arguments:
jvm_args: -XX:TieredStopAtLevel=1 -Dspring.output.ansi.enabled=always -Dcom.sun.management.jmxremote -Dspring.jmx.enabled=true -Dspring.liveBeansView.mbeanDomain -Dspring.application.admin.enabled=true -Dmanagement.endpoints.jmx.exposure.include=* -javaagent:C:\Program Files\JetBrains\IntelliJ IDEA 2024.3\lib\idea_rt.jar=57462:C:\Program Files\JetBrains\IntelliJ IDEA 2024.3\bin -Dfile.encoding=UTF-8 -Dsun.stdout.encoding=UTF-8 -Dsun.stderr.encoding=UTF-8 
java_command: com.LeaveDataManagementSystem.LeaveManagement.LeaveManagementApplication
java_class_path (initial): C:\Users\USER\Desktop\Leave System\Leave-Management-System--COOP\Leave_backend\LeaveManagement\target\classes;C:\Users\USER\.m2\repository\org\springframework\boot\spring-boot-starter-data-mongodb\3.5.5\spring-boot-starter-data-mongodb-3.5.5.jar;C:\Users\USER\.m2\repository\org\springframework\boot\spring-boot-starter\3.5.5\spring-boot-starter-3.5.5.jar;C:\Users\USER\.m2\repository\org\springframework\boot\spring-boot-starter-logging\3.5.5\spring-boot-starter-logging-3.5.5.jar;C:\Users\USER\.m2\repository\ch\qos\logback\logback-classic\1.5.18\logback-classic-1.5.18.jar;C:\Users\USER\.m2\repository\ch\qos\logback\logback-core\1.5.18\logback-core-1.5.18.jar;C:\Users\USER\.m2\repository\org\apache\logging\log4j\log4j-to-slf4j\2.24.3\log4j-to-slf4j-2.24.3.jar;C:\Users\USER\.m2\repository\org\apache\logging\log4j\log4j-api\2.24.3\log4j-api-2.24.3.jar;C:\Users\USER\.m2\repository\org\slf4j\jul-to-slf4j\2.0.17\jul-to-slf4j-2.0.17.jar;C:\Users\USER\.m2\repository\jakarta\annotation\jakarta.annotation-api\2.1.1\jakarta.annotation-api-2.1.1.jar;C:\Users\USER\.m2\repository\org\yaml\snakeyaml\2.4\snakeyaml-2.4.jar;C:\Users\USER\.m2\repository\org\mongodb\mongodb-driver-sync\5.5.1\mongodb-driver-sync-5.5.1.jar;C:\Users\USER\.m2\repository\org\mongodb\bson\5.5.1\bson-5.5.1.jar;C:\Users\USER\.m2\repository\org\mongodb\mongodb-driver-core\5.5.1\mongodb-driver-core-5.5.1.jar;C:\Users\USER\.m2\repository\org\mongodb\bson-record-codec\5.5.1\bson-record-codec-5.5.1.jar;C:\Users\USER\.m2\repository\org\springframework\data\spring-data-mongodb\4.5.3\spring-data-mongodb-4.5.3.jar;C:\Users\USER\.m2\repository\org\springframework\spring-tx\6.2.10\spring-tx-6.2.10.jar;C:\Users\USER\.m2\repository\org\springframework\spring-context\6.2.10\spring-context-6.2.10.jar;C:\Users\USER\.m2\repository\org\springframework\spring-beans\6.2.10\spring-beans-6.2.10.jar;C:\Users\USER\.m2\repository\org\springframework\spring-expression\6.2.10\spring-expression-6.2.10.jar;C:\Users\USER\.m2\repository\org\springframework\data\spring-data-commons\3.5.3\spring-data-commons-3.5.3.jar;C:\Users\USER\.m2\repository\org\slf4j\slf4j-api\2.0.17\slf4j-api-2.0.17.jar;C:\Users\USER\.m2\repository\org\springframework\boot\spring-boot-starter-security\3.5.5\spring-boot-starter-security-3.5.5.jar;C:\Users\USER\.m2\repository\org\springframework\spring-aop\6.2.10\spring-aop-6.2.10.jar;C:\Users\USER\.m2\repository\org\springframework\security\spring-security-config\6.5.3\spring-security-config-6.5.3.jar;C:\Users\USER\.m2\repository\org\springframework\security\spring-security-core\6.5.3\spring-security-core-6.5.3.jar;C:\Users\USER\.m2\repository\org\springframework\security\spring-security-crypto\6.5.3\spring-security-crypto-6.5.3.jar;C:\Users\USER\.m2\repository\org\springframework\security\spring-security-web\6.5.3\spring-security-web-6.5.3.jar;C:\Users\USER\.m2\repository\io\jsonwebtoken\jjwt-api\0.11.5\jjwt-api-0.11.5.jar;C:\Users\USER\.m2\repository\io\jsonwebtoken\jjwt-impl\0.11.5\jjwt-impl-0.11.5.jar;C:\Users\USER\.m2\repository\io\jsonwebtoken\jjwt-jackson\0.11.5\jjwt-jackson-0.11.5.jar;C:\Users\USER\.m2\repository\com\fasterxml\jackson\core\jackson-databind\2.19.2\jackson-databind-2.19.2.jar;C:\Users\USER\.m2\repository\com\fasterxml\jackson\core\jackson-annotations\2.19.2\jackson-annotations-2.19.2.jar;C:\Users\USER\.m2\repository\com\fasterxml\jackson\core\jackson-core\2.19.2\jackson-core-2.19.2.jar;C:\Users\USER\.m2\repository\org\springframework\boot\spring-boot-starter-validation\3.5.5\spring-boot-starter-validation-3.5.5.jar;C:\Users\USER\.m2\repository\org\apache\tomcat\embed\tomcat-embed-el\10.1.44\tomcat-embed-el-10.1.44.jar;C:\Users\USER\.m2\repository\org\hibernate\validator\hibernate-validator\8.0.3.Final\hibernate-validator-8.0.3.Final.jar;C:\Users\USER\.m2\repository\jakarta\validation\jakarta.validation-api\3.0.2\jakarta.validation-api-3.0.2.jar;C:\Users\USER\.m2\repository\org\jboss\logging\jboss-logging\3.6.1.Final\jboss-logging-3.6.1.Final.jar;C:\Users\USER\.m2\repository\com\fasterxml\classmate\1.7.0\classmate-1.7.0.jar;C:\Users\USER\.m2\repository\org\springframework\boot\spring-boot-starter-web\3.5.5\spring-boot-starter-web-3.5.5.jar;C:\Users\USER\.m2\repository\org\springframework\boot\spring-boot-starter-json\3.5.5\spring-boot-starter-json-3.5.5.jar;C:\Users\USER\.m2\repository\com\fasterxml\jackson\datatype\jackson-datatype-jdk8\2.19.2\jackson-datatype-jdk8-2.19.2.jar;C:\Users\USER\.m2\repository\com\fasterxml\jackson\datatype\jackson-datatype-jsr310\2.19.2\jackson-datatype-jsr310-2.19.2.jar;C:\Users\USER\.m2\repository\com\fasterxml\jackson\module\jackson-module-parameter-names\2.19.2\jackson-module-parameter-names-2.19.2.jar;C:\Users\USER\.m2\repository\org\springframework\boot\spring-boot-starter-tomcat\3.5.5\spring-boot-starter-tomcat-3.5.5.jar;C:\Users\USER\.m2\repository\org\apache\tomcat\embed\tomcat-embed-core\10.1.44\tomcat-embed-core-10.1.44.jar;C:\Users\USER\.m2\repository\org\apache\tomcat\embed\tomcat-embed-websocket\10.1.44\tomcat-embed-websocket-10.1.44.jar;C:\Users\USER\.m2\repository\org\springframework\spring-web\6.2.10\spring-web-6.2.10.jar;C:\Users\USER\.m2\repository\io\micrometer\micrometer-observation\1.15.3\micrometer-observation-1.15.3.jar;C:\Users\USER\.m2\repository\io\micrometer\micrometer-commons\1.15.3\micrometer-commons-1.15.3.jar;C:\Users\USER\.m2\repository\org\springframework\spring-webmvc\6.2.10\spring-webmvc-6.2.10.jar;C:\Users\USER\.m2\repository\org\springframework\boot\spring-boot-devtools\3.5.5\spring-boot-devtools-3.5.5.jar;C:\Users\USER\.m2\repository\org\springframework\boot\spring-boot\3.5.5\spring-boot-3.5.5.jar;C:\Users\USER\.m2\repository\org\springframework\boot\spring-boot-autoconfigure\3.5.5\spring-boot-autoconfigure-3.5.5.jar;C:\Users\USER\.m2\repository\org\projectlombok\lombok\1.18.38\lombok-1.18.38.jar;C:\Users\USER\.m2\repository\jakarta\activation\jakarta.activation-api\2.1.3\jakarta.activation-api-2.1.3.jar;C:\Users\USER\.m2\repository\org\springframework\spring-core\6.2.10\spring-core-6.2.10.jar;C:\Users\USER\.m2\repository\org\springframework\spring-jcl\6.2.10\spring-jcl-6.2.10.jar;C:\Users\USER\.m2\repository\commons-logging\commons-logging\1.2\commons-logging-1.2.jar;C:\Users\USER\.m2\repository\org\springframework\boot\spring-boot-starter-mail\3.5.5\spring-boot-starter-mail-3.5.5.jar;C:\Users\USER\.m2\repository\org\springframework\spring-context-support\6.2.10\spring-context-support-6.2.10.jar;C:\Users\USER\.m2\repository\org\eclipse\angus\jakarta.mail\2.0.4\jakarta.mail-2.0.4.jar;C:\Users\USER\.m2\repository\org\eclipse\angus\angus-activation\2.0.2\angus-activation-2.0.2.jar;C:\Users\USER\.m2\repository\org\springframework\boot\spring-boot-starter-thymeleaf\3.5.5\spring-boot-starter-thymeleaf-3.5.5.jar;C:\Users\USER\.m2\repository\org\thymeleaf\thymeleaf-spring6\3.1.3.RELEASE\thymeleaf-spring6-3.1.3.RELEASE.jar;C:\Users\USER\.m2\repository\org\thymeleaf\thymeleaf\3.1.3.RELEASE\thymeleaf-3.1.3.RELEASE.jar;C:\Users\USER\.m2\repository\org\attoparser\attoparser\2.0.7.RELEASE\attoparser-2.0.7.RELEASE.jar;C:\Users\USER\.m2\repository\org\unbescape\unbescape\1.1.6.RELEASE\unbescape-1.1.6.RELEASE.jar;C:\Users\USER\.m2\repository\com\google\apis\google-api-services-calendar\v3-rev20220715-2.0.0\google-api-services-calendar-v3-rev20220715-2.0.0.jar;C:\Users\USER\.m2\repository\com\google\api-client\google-api-client\2.0.0\google-api-client-2.0.0.jar;C:\Users\USER\.m2\repository\com\google\oauth-client\google-oauth-client\1.34.1\google-oauth-client-1.34.1.jar;C:\Users\USER\.m2\repository\com\google\http-client\google-http-client-gson\1.42.1\google-http-client-gson-1.42.1.jar;C:\Users\USER\.m2\repository\com\google\code\gson\gson\2.13.1\gson-2.13.1.jar;C:\Users\USER\.m2\repository\com\google\guava\guava\31.1-jre\guava-31.1-jre.jar;C:\Users\USER\.m2\repository\com\google\guava\failureaccess\1.0.1\failureaccess-1.0.1.jar;C:\Users\USER\.m2\repository\com\google\guava\listenablefuture\9999.0-empty-to-avoid-conflict-with-guava\listenablefuture-9999.0-empty-to-avoid-conflict-with-guava.jar;C:\Users\USER\.m2\repository\com\google\code\findbugs\jsr305\3.0.2\jsr305-3.0.2.jar;C:\Users\USER\.m2\repository\org\checkerframework\checker-qual\3.12.0\checker-qual-3.12.0.jar;C:\Users\USER\.m2\repository\com\google\errorprone\error_prone_annotations\2.11.0\error_prone_annotations-2.11.0.jar;C:\Users\USER\.m2\repository\com\google\j2objc\j2objc-annotations\1.3\j2objc-annotations-1.3.jar;C:\Users\USER\.m2\repository\com\google\http-client\google-http-client-apache-v2\1.42.1\google-http-client-apache-v2-1.42.1.jar;C:\Users\USER\.m2\repository\org\apache\httpcomponents\httpcore\4.4.16\httpcore-4.4.16.jar;C:\Users\USER\.m2\repository\org\apache\httpcomponents\httpclient\4.5.13\httpclient-4.5.13.jar;C:\Users\USER\.m2\repository\commons-codec\commons-codec\1.18.0\commons-codec-1.18.0.jar;C:\Users\USER\.m2\repository\com\google\http-client\google-http-client\1.42.1\google-http-client-1.42.1.jar;C:\Users\USER\.m2\repository\io\opencensus\opencensus-api\0.31.1\opencensus-api-0.31.1.jar;C:\Users\USER\.m2\repository\io\grpc\grpc-context\1.27.2\grpc-context-1.27.2.jar;C:\Users\USER\.m2\repository\io\opencensus\opencensus-contrib-http-util\0.31.1\opencensus-contrib-http-util-0.31.1.jar
Launcher Type: SUN_STANDARD

[Global flags]
     intx CICompilerCount                          = 12                                        {product} {ergonomic}
     uint ConcGCThreads                            = 3                                         {product} {ergonomic}
     uint G1ConcRefinementThreads                  = 13                                        {product} {ergonomic}
   size_t G1HeapRegionSize                         = 1048576                                   {product} {ergonomic}
   size_t InitialHeapSize                          = 123731968                                 {product} {ergonomic}
     bool ManagementServer                         = true                                      {product} {command line}
   size_t MarkStackSize                            = 4194304                                   {product} {ergonomic}
   size_t MarkStackSizeMax                         = 536870912                                 {product} {ergonomic}
   size_t MaxHeapSize                              = 1967128576                                {product} {ergonomic}
   size_t MaxNewSize                               = 1179648000                                {product} {ergonomic}
   size_t MinHeapDeltaBytes                        = 1048576                                   {product} {ergonomic}
   size_t MinHeapSize                              = 8388608                                   {product} {ergonomic}
    uintx NonNMethodCodeHeapSize                   = 4096                                   {pd product} {ergonomic}
    uintx NonProfiledCodeHeapSize                  = 0                                      {pd product} {ergonomic}
     bool ProfileInterpreter                       = false                                  {pd product} {command line}
    uintx ProfiledCodeHeapSize                     = 0                                      {pd product} {ergonomic}
   size_t SoftMaxHeapSize                          = 1967128576                             {manageable} {ergonomic}
     intx TieredStopAtLevel                        = 1                                         {product} {command line}
     bool UseCompressedOops                        = true                           {product lp64_product} {ergonomic}
     bool UseG1GC                                  = true                                      {product} {ergonomic}
     bool UseLargePagesIndividualAllocation        = false                                  {pd product} {ergonomic}

Logging:
Log output configuration:
 #0: stdout all=warning uptime,level,tags foldmultilines=false
 #1: stderr all=off uptime,level,tags foldmultilines=false

Environment Variables:
JAVA_HOME=C:\Program Files\Java\jdk-17
PATH=C:\Program Files (x86)\Microsoft SDKs\Azure\CLI2\wbin;C:\Program Files\nodejs\;C:\Program Files\apache-maven-3.9.11\bin;C:\Program Files\Git\bin;C:\Program Files\Python312;C:\Program Files\Python312\Scripts\;C:\Users\USER\AppData\Local\Microsoft\WindowsApps;C:\Program Files\JetBrains\PyCharm 2022.3.2\bin;;C:\Program Files\JetBrains\IntelliJ IDEA Community Edition 2023.3.2\bin;;C:\Users\USER\AppData\Local\GitHubDesktop\bin;C:\Windsurf\bin;C:\cursor\resources\app\bin;C:\Users\USER\AppData\Roaming\npm;C:\Users\USER\AppData\Local\Programs\Microsoft VS Code\bin
USERNAME=USER
OS=Windows_NT
PROCESSOR_IDENTIFIER=AMD64 Family 23 Model 104 Stepping 1, AuthenticAMD
TMP=C:\Users\USER\AppData\Local\Temp
TEMP=C:\Users\USER\AppData\Local\Temp




Periodic native trim disabled

---------------  S Y S T E M  ---------------

OS:
 Windows 11 , 64 bit Build 26100 (10.0.26100.7920)
OS uptime: 0 days 23:20 hours

CPU: total 16 (initial active 16) (16 cores per cpu, 2 threads per core) family 23 model 104 stepping 1 microcode 0x8608109, cx8, cmov, fxsr, ht, mmx, 3dnowpref, sse, sse2, sse3, ssse3, sse4a, sse4.1, sse4.2, popcnt, lzcnt, tsc, tscinvbit, avx, avx2, aes, clmul, bmi1, bmi2, adx, sha, fma, vzeroupper, clflush, clflushopt, rdtscp, rdpid, f16c
Processor Information for the first 16 processors :
  Max Mhz: 1801, Current Mhz: 1801, Mhz Limit: 1801

Memory: 4k page, system-wide physical 7501M (1015M free)
TotalPageFile size 30029M (AvailPageFile size 8M)
current process WorkingSet (physical memory assigned to process): 147M, peak: 191M
current process commit charge ("private bytes"): 257M, peak: 316M

vm_info: OpenJDK 64-Bit Server VM (24.0.1+9-30) for windows-amd64 JRE (24.0.1+9-30), built on 2025-03-05T07:23:45Z with MS VC++ 17.6 (VS2022)

END.
